
> theglocal@0.1.0 build
> next build

  Γû▓ Next.js 14.2.33
  - Environments: .env.local

   Creating an optimized production build ...
node.exe :  ΓÜá Compiled with warnings
At line:1 char:1
+ & "C:\Program Files\nodejs/node.exe" "C:\Program Files\nodejs/node_mo ...
+ ~~~~~~~~~~~~~~~~~~~~~~~~~~~~~~~~~~~~~~~~~~~~~~~~~~~~~~~~~~~~~~~~~~~~~
    + CategoryInfo          : NotSpecified: ( ΓÜá Compiled with warnings:Strin 
   g) [], RemoteException
    + FullyQualifiedErrorId : NativeCommandError
 

./node_modules/@prisma/instrumentation/node_modules/@opentelemetry/instrumentat
ion/build/esm/platform/node/instrumentation.js
Critical dependency: the request of a dependency is an expression

Import trace for requested module:
./node_modules/@prisma/instrumentation/node_modules/@opentelemetry/instrumentat
ion/build/esm/platform/node/instrumentation.js
./node_modules/@prisma/instrumentation/node_modules/@opentelemetry/instrumentat
ion/build/esm/platform/node/index.js
./node_modules/@prisma/instrumentation/node_modules/@opentelemetry/instrumentat
ion/build/esm/platform/index.js
./node_modules/@prisma/instrumentation/node_modules/@opentelemetry/instrumentat
ion/build/esm/index.js
./node_modules/@prisma/instrumentation/dist/index.js
./node_modules/@sentry/node/build/cjs/integrations/tracing/prisma.js
./node_modules/@sentry/node/build/cjs/index.js
./node_modules/@sentry/nextjs/build/cjs/index.server.js
./app/error.tsx

./node_modules/require-in-the-middle/index.js
Critical dependency: require function is used in a way in which dependencies 
cannot be statically extracted

Import trace for requested module:
./node_modules/require-in-the-middle/index.js
./node_modules/@opentelemetry/instrumentation/build/esm/platform/node/instrumen
tation.js
./node_modules/@opentelemetry/instrumentation/build/esm/platform/node/index.js
./node_modules/@opentelemetry/instrumentation/build/esm/platform/index.js
./node_modules/@opentelemetry/instrumentation/build/esm/index.js
./node_modules/@sentry/node/build/cjs/integrations/tracing/postgresjs.js
./node_modules/@sentry/node/build/cjs/index.js
./node_modules/@sentry/nextjs/build/cjs/index.server.js
./app/error.tsx

   Linting and checking validity of types ...

Failed to compile.

./app/admin/community/[id]/page.tsx
26:17  Warning: Unsafe object destructuring of a property with an `any` value. 
 @typescript-eslint/no-unsafe-assignment
60:17  Warning: Unsafe object destructuring of a property with an `any` value. 
 @typescript-eslint/no-unsafe-assignment

./app/api/admin/communities/orphaned/route.ts
23:13  Warning: Unsafe object destructuring of a property with an `any` value. 
 @typescript-eslint/no-unsafe-assignment
80:19  Warning: Unsafe object destructuring of a property with an `any` value. 
 @typescript-eslint/no-unsafe-assignment

./app/api/admin/communities/[id]/feature/route.ts
35:19  Warning: Unsafe object destructuring of a property with an `any` value. 
 @typescript-eslint/no-unsafe-assignment
59:7  Warning: Unsafe assignment of an `any` value.  
@typescript-eslint/no-unsafe-assignment

./app/api/admin/performance/route.ts
31:19  Warning: Unsafe object destructuring of a property with an `any` value. 
 @typescript-eslint/no-unsafe-assignment
123:11  Warning: Unsafe assignment of an `any` value.  
@typescript-eslint/no-unsafe-assignment
124:11  Warning: Unsafe assignment of an `any` value.  
@typescript-eslint/no-unsafe-assignment

./app/api/admin/recalculate-counts/route.ts
29:21  Warning: Unsafe object destructuring of a property with an `any` value. 
 @typescript-eslint/no-unsafe-assignment
58:21  Warning: Unsafe object destructuring of a property with an `any` value. 
 @typescript-eslint/no-unsafe-assignment

./app/api/admin/subscriptions/route.ts
78:67  Warning: Unsafe member access .status on an `any` value.  
@typescript-eslint/no-unsafe-member-access
80:63  Warning: Unsafe member access .status on an `any` value.  
@typescript-eslint/no-unsafe-member-access
83:38  Warning: Unsafe member access .status on an `any` value.  
@typescript-eslint/no-unsafe-member-access
86:11  Warning: Unsafe assignment of an `any` value.  
@typescript-eslint/no-unsafe-assignment
88:56  Warning: Unsafe member access .status on an `any` value.  
@typescript-eslint/no-unsafe-member-access
88:69  Warning: Unsafe member access .plan on an `any` value.  
@typescript-eslint/no-unsafe-member-access
89:38  Warning: Unsafe member access .amount on an `any` value.  
@typescript-eslint/no-unsafe-member-access
91:11  Warning: Unsafe assignment of an `any` value.  
@typescript-eslint/no-unsafe-assignment
93:56  Warning: Unsafe member access .status on an `any` value.  
@typescript-eslint/no-unsafe-member-access
93:69  Warning: Unsafe member access .plan on an `any` value.  
@typescript-eslint/no-unsafe-member-access
94:38  Warning: Unsafe member access .amount on an `any` value.  
@typescript-eslint/no-unsafe-member-access
97:11  Warning: Unsafe assignment of an `any` value.  
@typescript-eslint/no-unsafe-assignment
104:47  Warning: Unsafe member access .created_at on an `any` value.  
@typescript-eslint/no-unsafe-member-access
106:69  Warning: Unsafe member access .status on an `any` value.  
@typescript-eslint/no-unsafe-member-access
115:38  Warning: Unsafe member access .trial_end on an `any` value.  
@typescript-eslint/no-unsafe-member-access
115:62  Warning: Unsafe member access .trial_end on an `any` value.  
@typescript-eslint/no-unsafe-member-access
117:61  Warning: Unsafe member access .status on an `any` value.  
@typescript-eslint/no-unsafe-member-access
125:11  Warning: Unsafe assignment of an `any` value.  
@typescript-eslint/no-unsafe-assignment
127:56  Warning: Unsafe member access .status on an `any` value.  
@typescript-eslint/no-unsafe-member-access
127:69  Warning: Unsafe member access .plan on an `any` value.  
@typescript-eslint/no-unsafe-member-access
128:38  Warning: Unsafe member access .amount on an `any` value.  
@typescript-eslint/no-unsafe-member-access
130:11  Warning: Unsafe assignment of an `any` value.  
@typescript-eslint/no-unsafe-assignment
132:56  Warning: Unsafe member access .status on an `any` value.  
@typescript-eslint/no-unsafe-member-access
132:69  Warning: Unsafe member access .plan on an `any` value.  
@typescript-eslint/no-unsafe-member-access
133:38  Warning: Unsafe member access .amount on an `any` value.  
@typescript-eslint/no-unsafe-member-access

./app/api/admin/users/[id]/ban/route.ts
32:11  Warning: Unsafe assignment of an `any` value.  
@typescript-eslint/no-unsafe-assignment
44:19  Warning: Unsafe object destructuring of a property with an `any` value. 
 @typescript-eslint/no-unsafe-assignment
70:7  Warning: Unsafe assignment of an `any` value.  
@typescript-eslint/no-unsafe-assignment

./app/api/admin/users/[id]/unban/route.ts
27:19  Warning: Unsafe object destructuring of a property with an `any` value. 
 @typescript-eslint/no-unsafe-assignment
53:7  Warning: Unsafe assignment of an `any` value.  
@typescript-eslint/no-unsafe-assignment

./app/api/analytics/web-vitals/route.ts
20:11  Warning: Unsafe assignment of an `any` value.  
@typescript-eslint/no-unsafe-assignment
21:11  Warning: Unsafe assignment of an `any` value.  
@typescript-eslint/no-unsafe-assignment
24:28  Warning: Unsafe member access .name on an `any` value.  
@typescript-eslint/no-unsafe-member-access
24:43  Warning: Unsafe member access .value on an `any` value.  
@typescript-eslint/no-unsafe-member-access
30:42  Warning: Unsafe member access .name on an `any` value.  
@typescript-eslint/no-unsafe-member-access
30:58  Warning: Unsafe member access .value on an `any` value.  
@typescript-eslint/no-unsafe-member-access
31:9  Warning: Unsafe assignment of an `any` value.  
@typescript-eslint/no-unsafe-assignment
31:24  Warning: Unsafe member access .rating on an `any` value.  
@typescript-eslint/no-unsafe-member-access
32:9  Warning: Unsafe assignment of an `any` value.  
@typescript-eslint/no-unsafe-assignment
32:20  Warning: Unsafe member access .pathname on an `any` value.  
@typescript-eslint/no-unsafe-member-access
42:11  Warning: Unsafe assignment of an `any` value.  
@typescript-eslint/no-unsafe-assignment
42:31  Warning: Unsafe member access .name on an `any` value.  
@typescript-eslint/no-unsafe-member-access
43:11  Warning: Unsafe assignment of an `any` value.  
@typescript-eslint/no-unsafe-assignment
43:32  Warning: Unsafe member access .value on an `any` value.  
@typescript-eslint/no-unsafe-member-access
44:11  Warning: Unsafe assignment of an `any` value.  
@typescript-eslint/no-unsafe-assignment
44:33  Warning: Unsafe member access .rating on an `any` value.  
@typescript-eslint/no-unsafe-member-access
45:11  Warning: Unsafe assignment of an `any` value.  
@typescript-eslint/no-unsafe-assignment
45:32  Warning: Unsafe member access .delta on an `any` value.  
@typescript-eslint/no-unsafe-member-access
46:11  Warning: Unsafe assignment of an `any` value.  
@typescript-eslint/no-unsafe-assignment
46:29  Warning: Unsafe member access .id on an `any` value.  
@typescript-eslint/no-unsafe-member-access
47:11  Warning: Unsafe assignment of an `any` value.  
@typescript-eslint/no-unsafe-assignment
47:35  Warning: Unsafe member access .navigationType on an `any` value.  
@typescript-eslint/no-unsafe-member-access
48:11  Warning: Unsafe assignment of an `any` value.  
@typescript-eslint/no-unsafe-assignment
48:26  Warning: Unsafe member access .url on an `any` value.  
@typescript-eslint/no-unsafe-member-access
49:11  Warning: Unsafe assignment of an `any` value.  
@typescript-eslint/no-unsafe-assignment
49:31  Warning: Unsafe member access .pathname on an `any` value.  
@typescript-eslint/no-unsafe-member-access
50:11  Warning: Unsafe assignment of an `any` value.  
@typescript-eslint/no-unsafe-assignment
50:26  Warning: Unsafe member access .referrer on an `any` value.  
@typescript-eslint/no-unsafe-member-access
51:11  Warning: Unsafe assignment of an `any` value.  
@typescript-eslint/no-unsafe-assignment
51:28  Warning: Unsafe member access .userAgent on an `any` value.  
@typescript-eslint/no-unsafe-member-access
52:11  Warning: Unsafe assignment of an `any` value.  
@typescript-eslint/no-unsafe-assignment
52:32  Warning: Unsafe member access .viewport on an `any` value.  
@typescript-eslint/no-unsafe-member-access
53:11  Warning: Unsafe assignment of an `any` value.  
@typescript-eslint/no-unsafe-assignment
53:33  Warning: Unsafe member access .viewport on an `any` value.  
@typescript-eslint/no-unsafe-member-access
54:11  Warning: Unsafe assignment of an `any` value.  
@typescript-eslint/no-unsafe-assignment
54:33  Warning: Unsafe member access .connection on an `any` value.  
@typescript-eslint/no-unsafe-member-access
55:11  Warning: Unsafe assignment of an `any` value.  
@typescript-eslint/no-unsafe-assignment
55:32  Warning: Unsafe member access .connection on an `any` value.  
@typescript-eslint/no-unsafe-member-access
56:11  Warning: Unsafe assignment of an `any` value.  
@typescript-eslint/no-unsafe-assignment
56:37  Warning: Unsafe member access .connection on an `any` value.  
@typescript-eslint/no-unsafe-member-access
84:51  Error: Unexpected any. Specify a different type.  
@typescript-eslint/no-explicit-any
84:63  Error: Unexpected any. Specify a different type.  
@typescript-eslint/no-explicit-any
84:75  Error: Unexpected any. Specify a different type.  
@typescript-eslint/no-explicit-any

./app/api/artists/paypal-webhook/route.ts
11:13  Error: Unexpected any. Specify a different type.  
@typescript-eslint/no-explicit-any
43:11  Warning: Unsafe assignment of an `any` value.  
@typescript-eslint/no-unsafe-assignment
90:9  Warning: Unsafe assignment of an `any` value.  
@typescript-eslint/no-unsafe-assignment
93:62  Warning: Unsafe member access .id on an `any` value.  
@typescript-eslint/no-unsafe-member-access
99:48  Warning: Unsafe member access .id on an `any` value.  
@typescript-eslint/no-unsafe-member-access
122:50  Warning: Unsafe member access .id on an `any` value.  
@typescript-eslint/no-unsafe-member-access
130:9  Warning: Unsafe assignment of an `any` value.  
@typescript-eslint/no-unsafe-assignment
133:62  Warning: Unsafe member access .id on an `any` value.  
@typescript-eslint/no-unsafe-member-access
139:48  Warning: Unsafe member access .id on an `any` value.  
@typescript-eslint/no-unsafe-member-access
159:50  Warning: Unsafe member access .id on an `any` value.  
@typescript-eslint/no-unsafe-member-access
167:9  Warning: Unsafe assignment of an `any` value.  
@typescript-eslint/no-unsafe-assignment
170:62  Warning: Unsafe member access .id on an `any` value.  
@typescript-eslint/no-unsafe-member-access
179:48  Warning: Unsafe member access .id on an `any` value.  
@typescript-eslint/no-unsafe-member-access
186:9  Warning: Unsafe assignment of an `any` value.  
@typescript-eslint/no-unsafe-assignment
189:54  Warning: Unsafe member access .id on an `any` value.  
@typescript-eslint/no-unsafe-member-access
198:48  Warning: Unsafe member access .id on an `any` value.  
@typescript-eslint/no-unsafe-member-access
205:9  Warning: Unsafe assignment of an `any` value.  
@typescript-eslint/no-unsafe-assignment
208:52  Warning: Unsafe member access .id on an `any` value.  
@typescript-eslint/no-unsafe-member-access
217:43  Warning: Unsafe member access .billing_agreement_id on an `any` value. 
 @typescript-eslint/no-unsafe-member-access

./app/api/artists/route.ts
61:11  Warning: Unsafe assignment of an `any` value.  
@typescript-eslint/no-unsafe-assignment
62:11  Warning: Unsafe assignment of an `any` value.  
@typescript-eslint/no-unsafe-assignment
102:19  Warning: Unsafe object destructuring of a property with an `any` 
value.  @typescript-eslint/no-unsafe-assignment
106:9  Warning: Unsafe assignment of an `any` value.  
@typescript-eslint/no-unsafe-assignment
107:9  Warning: Unsafe assignment of an `any` value.  
@typescript-eslint/no-unsafe-assignment
108:9  Warning: Unsafe assignment of an `any` value.  
@typescript-eslint/no-unsafe-assignment
109:9  Warning: Unsafe assignment of an `any` value.  
@typescript-eslint/no-unsafe-assignment
110:9  Warning: Unsafe assignment of an `any` value.  
@typescript-eslint/no-unsafe-assignment
111:9  Warning: Unsafe assignment of an `any` value.  
@typescript-eslint/no-unsafe-assignment
112:9  Warning: Unsafe assignment of an `any` value.  
@typescript-eslint/no-unsafe-assignment
123:7  Warning: Unsafe assignment of an `any` value.  
@typescript-eslint/no-unsafe-assignment

./app/api/artists/subscription-webhook/route.ts
25:11  Warning: Unsafe assignment of an `any` value.  
@typescript-eslint/no-unsafe-assignment
100:67  Error: Unexpected any. Specify a different type.  
@typescript-eslint/no-explicit-any
107:9  Warning: Unsafe call of a(n) `any` typed value.  
@typescript-eslint/no-unsafe-call
107:9  Warning: Unsafe call of a(n) `any` typed value.  
@typescript-eslint/no-unsafe-call
107:9  Warning: Unsafe call of a(n) `any` typed value.  
@typescript-eslint/no-unsafe-call
108:6  Warning: Unsafe member access .from on an `any` value.  
@typescript-eslint/no-unsafe-member-access
109:6  Warning: Unsafe member access .update on an `any` value.  
@typescript-eslint/no-unsafe-member-access
113:6  Warning: Unsafe member access .eq on an `any` value.  
@typescript-eslint/no-unsafe-member-access
116:75  Error: Unexpected any. Specify a different type.  
@typescript-eslint/no-explicit-any
123:9  Warning: Unsafe assignment of an `any` value.  
@typescript-eslint/no-unsafe-assignment
123:46  Warning: Unsafe call of a(n) `any` typed value.  
@typescript-eslint/no-unsafe-call
123:46  Warning: Unsafe call of a(n) `any` typed value.  
@typescript-eslint/no-unsafe-call
123:46  Warning: Unsafe call of a(n) `any` typed value.  
@typescript-eslint/no-unsafe-call
123:46  Warning: Unsafe call of a(n) `any` typed value.  
@typescript-eslint/no-unsafe-call
124:6  Warning: Unsafe member access .from on an `any` value.  
@typescript-eslint/no-unsafe-member-access
125:6  Warning: Unsafe member access .select on an `any` value.  
@typescript-eslint/no-unsafe-member-access
126:6  Warning: Unsafe member access .eq on an `any` value.  
@typescript-eslint/no-unsafe-member-access
127:6  Warning: Unsafe member access .single on an `any` value.  
@typescript-eslint/no-unsafe-member-access
131:11  Warning: Unsafe call of a(n) `any` typed value.  
@typescript-eslint/no-unsafe-call
131:11  Warning: Unsafe call of a(n) `any` typed value.  
@typescript-eslint/no-unsafe-call
131:11  Warning: Unsafe call of a(n) `any` typed value.  
@typescript-eslint/no-unsafe-call
132:8  Warning: Unsafe member access .from on an `any` value.  
@typescript-eslint/no-unsafe-member-access
133:8  Warning: Unsafe member access .update on an `any` value.  
@typescript-eslint/no-unsafe-member-access
138:8  Warning: Unsafe member access .eq on an `any` value.  
@typescript-eslint/no-unsafe-member-access
138:36  Warning: Unsafe member access .artist_id on an `any` value.  
@typescript-eslint/no-unsafe-member-access

./app/api/artists/[id]/route.ts
21:19  Warning: Unsafe object destructuring of a property with an `any` value. 
 @typescript-eslint/no-unsafe-assignment
35:7  Warning: Unsafe assignment of an `any` value.  
@typescript-eslint/no-unsafe-assignment
77:11  Warning: Unsafe assignment of an `any` value.  
@typescript-eslint/no-unsafe-assignment
81:19  Warning: Unsafe object destructuring of a property with an `any` value. 
 @typescript-eslint/no-unsafe-assignment
96:7  Warning: Unsafe assignment of an `any` value.  
@typescript-eslint/no-unsafe-assignment

./app/api/artists/[id]/subscribe/route.ts
26:19  Warning: Unsafe object destructuring of a property with an `any` value. 
 @typescript-eslint/no-unsafe-assignment
38:16  Warning: Unsafe member access .subscription_status on an `any` value.  
@typescript-eslint/no-unsafe-member-access
42:11  Warning: Unsafe assignment of an `any` value.  
@typescript-eslint/no-unsafe-assignment
53:33  Warning: Unsafe member access .id on an `any` value.  
@typescript-eslint/no-unsafe-member-access
55:9  Warning: Unsafe assignment of an `any` value.  
@typescript-eslint/no-unsafe-assignment
55:27  Warning: Unsafe member access .id on an `any` value.  
@typescript-eslint/no-unsafe-member-access
65:7  Warning: Unsafe assignment of an `any` value.  
@typescript-eslint/no-unsafe-assignment
65:25  Warning: Unsafe member access .id on an `any` value.  
@typescript-eslint/no-unsafe-member-access
84:9  Warning: Unsafe assignment of an `any` value.  
@typescript-eslint/no-unsafe-assignment
84:31  Warning: Unsafe member access .stage_name on an `any` value.  
@typescript-eslint/no-unsafe-member-access

./app/api/artists/[id]/subscribe/verify/route.ts
27:11  Warning: Unsafe assignment of an `any` value.  
@typescript-eslint/no-unsafe-assignment
42:19  Warning: Unsafe object destructuring of a property with an `any` value. 
 @typescript-eslint/no-unsafe-assignment
87:7  Warning: Unsafe assignment of an `any` value.  
@typescript-eslint/no-unsafe-assignment
87:19  Warning: Unsafe member access .plan on an `any` value.  
@typescript-eslint/no-unsafe-member-access
89:7  Warning: Unsafe assignment of an `any` value.  
@typescript-eslint/no-unsafe-assignment
89:21  Warning: Unsafe member access .amount on an `any` value.  
@typescript-eslint/no-unsafe-member-access
90:7  Warning: Unsafe assignment of an `any` value.  
@typescript-eslint/no-unsafe-assignment
90:23  Warning: Unsafe member access .currency on an `any` value.  
@typescript-eslint/no-unsafe-member-access

./app/api/artists/[id]/subscribe/verify-paypal/route.ts
27:19  Warning: Unsafe object destructuring of a property with an `any` value. 
 @typescript-eslint/no-unsafe-assignment
38:16  Warning: Unsafe member access .id on an `any` value.  
@typescript-eslint/no-unsafe-member-access
42:11  Warning: Unsafe assignment of an `any` value.  
@typescript-eslint/no-unsafe-assignment
63:31  Warning: Unsafe member access .id on an `any` value.  
@typescript-eslint/no-unsafe-member-access
82:24  Warning: Unsafe member access .id on an `any` value.  
@typescript-eslint/no-unsafe-member-access

./app/api/artists/[id]/subscription/route.ts
27:19  Warning: Unsafe object destructuring of a property with an `any` value. 
 @typescript-eslint/no-unsafe-assignment
39:19  Warning: Unsafe object destructuring of a property with an `any` value. 
 @typescript-eslint/no-unsafe-assignment
52:13  Warning: Unsafe assignment of an `any` value.  
@typescript-eslint/no-unsafe-assignment
52:28  Warning: Unsafe member access .subscription_status on an `any` value.  
@typescript-eslint/no-unsafe-member-access
70:9  Warning: Unsafe assignment of an `any` value.  
@typescript-eslint/no-unsafe-assignment
70:24  Warning: Unsafe member access .subscription_status on an `any` value.  
@typescript-eslint/no-unsafe-member-access
72:11  Warning: Unsafe assignment of an `any` value.  
@typescript-eslint/no-unsafe-assignment
72:28  Warning: Unsafe member access .id on an `any` value.  
@typescript-eslint/no-unsafe-member-access
73:11  Warning: Unsafe assignment of an `any` value.  
@typescript-eslint/no-unsafe-assignment
73:30  Warning: Unsafe member access .plan on an `any` value.  
@typescript-eslint/no-unsafe-member-access
74:11  Warning: Unsafe assignment of an `any` value.  
@typescript-eslint/no-unsafe-assignment
74:32  Warning: Unsafe member access .status on an `any` value.  
@typescript-eslint/no-unsafe-member-access
75:11  Warning: Unsafe assignment of an `any` value.  
@typescript-eslint/no-unsafe-assignment
75:32  Warning: Unsafe member access .amount on an `any` value.  
@typescript-eslint/no-unsafe-member-access
76:11  Warning: Unsafe assignment of an `any` value.  
@typescript-eslint/no-unsafe-assignment
76:34  Warning: Unsafe member access .currency on an `any` value.  
@typescript-eslint/no-unsafe-member-access
77:11  Warning: Unsafe assignment of an `any` value.  
@typescript-eslint/no-unsafe-assignment
77:50  Warning: Unsafe member access .razorpay_subscription_id on an `any` 
value.  @typescript-eslint/no-unsafe-member-access
78:11  Warning: Unsafe assignment of an `any` value.  
@typescript-eslint/no-unsafe-assignment
78:48  Warning: Unsafe member access .paypal_subscription_id on an `any` 
value.  @typescript-eslint/no-unsafe-member-access
79:11  Warning: Unsafe assignment of an `any` value.  
@typescript-eslint/no-unsafe-assignment
79:40  Warning: Unsafe member access .payment_method on an `any` value.  
@typescript-eslint/no-unsafe-member-access
80:11  Warning: Unsafe assignment of an `any` value.  
@typescript-eslint/no-unsafe-assignment
80:37  Warning: Unsafe member access .trial_start on an `any` value.  
@typescript-eslint/no-unsafe-member-access
81:11  Warning: Unsafe assignment of an `any` value.  
@typescript-eslint/no-unsafe-assignment
81:35  Warning: Unsafe member access .trial_end on an `any` value.  
@typescript-eslint/no-unsafe-member-access
82:11  Warning: Unsafe assignment of an `any` value.  
@typescript-eslint/no-unsafe-assignment
82:39  Warning: Unsafe member access .current_start on an `any` value.  
@typescript-eslint/no-unsafe-member-access
83:11  Warning: Unsafe assignment of an `any` value.  
@typescript-eslint/no-unsafe-assignment
83:37  Warning: Unsafe member access .current_end on an `any` value.  
@typescript-eslint/no-unsafe-member-access
84:11  Warning: Unsafe assignment of an `any` value.  
@typescript-eslint/no-unsafe-assignment
84:43  Warning: Unsafe member access .next_billing_date on an `any` value.  
@typescript-eslint/no-unsafe-member-access
85:11  Warning: Unsafe assignment of an `any` value.  
@typescript-eslint/no-unsafe-assignment
85:36  Warning: Unsafe member access .created_at on an `any` value.  
@typescript-eslint/no-unsafe-member-access
88:11  Warning: Unsafe assignment of an `any` value.  
@typescript-eslint/no-unsafe-assignment
88:43  Warning: Unsafe member access .subscription_start_date on an `any` 
value.  @typescript-eslint/no-unsafe-member-access
89:11  Warning: Unsafe assignment of an `any` value.  
@typescript-eslint/no-unsafe-assignment
89:41  Warning: Unsafe member access .subscription_end_date on an `any` value. 
 @typescript-eslint/no-unsafe-member-access
90:11  Warning: Unsafe assignment of an `any` value.  
@typescript-eslint/no-unsafe-assignment
90:34  Warning: Unsafe member access .trial_end_date on an `any` value.  
@typescript-eslint/no-unsafe-member-access
91:11  Warning: Unsafe assignment of an `any` value.  
@typescript-eslint/no-unsafe-assignment
91:45  Warning: Unsafe member access .subscription_cancelled_at on an `any` 
value.  @typescript-eslint/no-unsafe-member-access
126:19  Warning: Unsafe object destructuring of a property with an `any` 
value.  @typescript-eslint/no-unsafe-assignment
137:11  Warning: Unsafe assignment of an `any` value.  
@typescript-eslint/no-unsafe-assignment
138:11  Warning: Unsafe assignment of an `any` value.  
@typescript-eslint/no-unsafe-assignment
145:19  Warning: Unsafe object destructuring of a property with an `any` 
value.  @typescript-eslint/no-unsafe-assignment
158:11  Warning: Unsafe assignment of an `any` value.  
@typescript-eslint/no-unsafe-assignment
158:40  Warning: Unsafe member access .razorpay_subscription_id on an `any` 
value.  @typescript-eslint/no-unsafe-member-access
159:11  Warning: Unsafe assignment of an `any` value.  
@typescript-eslint/no-unsafe-assignment
159:38  Warning: Unsafe member access .paypal_subscription_id on an `any` 
value.  @typescript-eslint/no-unsafe-member-access
160:11  Warning: Unsafe assignment of an `any` value.  
@typescript-eslint/no-unsafe-assignment
160:40  Warning: Unsafe member access .payment_method on an `any` value.  
@typescript-eslint/no-unsafe-member-access
172:57  Warning: Unsafe member access .razorpay_subscription_id on an `any` 
value.  @typescript-eslint/no-unsafe-member-access
189:34  Warning: Unsafe member access .id on an `any` value.  
@typescript-eslint/no-unsafe-member-access
194:58  Warning: Unsafe member access .razorpay_subscription_id on an `any` 
value.  @typescript-eslint/no-unsafe-member-access
211:34  Warning: Unsafe member access .id on an `any` value.  
@typescript-eslint/no-unsafe-member-access
217:58  Warning: Unsafe member access .razorpay_subscription_id on an `any` 
value.  @typescript-eslint/no-unsafe-member-access
219:64  Warning: Unsafe member access .paypal_subscription_id on an `any` 
value.  @typescript-eslint/no-unsafe-member-access
233:34  Warning: Unsafe member access .id on an `any` value.  
@typescript-eslint/no-unsafe-member-access

./app/api/auth/callback/route.ts
45:21  Warning: Unsafe object destructuring of a property with an `any` value. 
 @typescript-eslint/no-unsafe-assignment
51:11  Warning: Unsafe assignment of an `any` value.  
@typescript-eslint/no-unsafe-assignment
57:25  Warning: Unsafe object destructuring of a property with an `any` value. 
 @typescript-eslint/no-unsafe-assignment
66:15  Warning: Unsafe assignment of an `any` value.  
@typescript-eslint/no-unsafe-assignment
66:54  Warning: Unsafe member access .id on an `any` value.  
@typescript-eslint/no-unsafe-member-access
69:13  Warning: Unsafe assignment of an `any` value.  
@typescript-eslint/no-unsafe-assignment
70:13  Warning: Unsafe assignment of an `any` value.  
@typescript-eslint/no-unsafe-assignment
70:54  Warning: Unsafe member access .id on an `any` value.  
@typescript-eslint/no-unsafe-member-access
76:25  Warning: Unsafe object destructuring of a property with an `any` value. 
 @typescript-eslint/no-unsafe-assignment
85:15  Warning: Unsafe assignment of an `any` value.  
@typescript-eslint/no-unsafe-assignment
85:54  Warning: Unsafe member access .id on an `any` value.  
@typescript-eslint/no-unsafe-member-access
88:13  Warning: Unsafe assignment of an `any` value.  
@typescript-eslint/no-unsafe-assignment
89:13  Warning: Unsafe assignment of an `any` value.  
@typescript-eslint/no-unsafe-assignment
89:54  Warning: Unsafe member access .id on an `any` value.  
@typescript-eslint/no-unsafe-member-access
106:23  Warning: Unsafe object destructuring of a property with an `any` 
value.  @typescript-eslint/no-unsafe-assignment
118:15  Warning: Unsafe assignment of an `any` value.  
@typescript-eslint/no-unsafe-assignment
118:35  Warning: Unsafe member access .email on an `any` value.  
@typescript-eslint/no-unsafe-member-access
119:15  Warning: Unsafe assignment of an `any` value.  
@typescript-eslint/no-unsafe-assignment
119:35  Warning: Unsafe member access .phone on an `any` value.  
@typescript-eslint/no-unsafe-member-access
120:15  Warning: Unsafe assignment of an `any` value.  
@typescript-eslint/no-unsafe-assignment
120:46  Warning: Unsafe member access .anonymous_handle on an `any` value.  
@typescript-eslint/no-unsafe-member-access
121:15  Warning: Unsafe assignment of an `any` value.  
@typescript-eslint/no-unsafe-assignment
121:41  Warning: Unsafe member access .avatar_seed on an `any` value.  
@typescript-eslint/no-unsafe-member-access
137:13  Warning: Unsafe assignment of an `any` value.  
@typescript-eslint/no-unsafe-assignment
137:33  Warning: Unsafe member access .email on an `any` value.  
@typescript-eslint/no-unsafe-member-access
138:13  Warning: Unsafe assignment of an `any` value.  
@typescript-eslint/no-unsafe-assignment
138:33  Warning: Unsafe member access .phone on an `any` value.  
@typescript-eslint/no-unsafe-member-access
139:13  Warning: Unsafe assignment of an `any` value.  
@typescript-eslint/no-unsafe-assignment
139:44  Warning: Unsafe member access .anonymous_handle on an `any` value.  
@typescript-eslint/no-unsafe-member-access
140:13  Warning: Unsafe assignment of an `any` value.  
@typescript-eslint/no-unsafe-assignment
140:39  Warning: Unsafe member access .avatar_seed on an `any` value.  
@typescript-eslint/no-unsafe-member-access
181:29  Warning: Unsafe object destructuring of a property with an `any` 
value.  @typescript-eslint/no-unsafe-assignment
189:19  Warning: Unsafe assignment of an `any` value.  
@typescript-eslint/no-unsafe-assignment
189:46  Warning: Unsafe member access .id on an `any` value.  
@typescript-eslint/no-unsafe-member-access
192:17  Warning: Unsafe assignment of an `any` value.  
@typescript-eslint/no-unsafe-assignment
254:70  Warning: Unsafe assignment of an `any` value.  
@typescript-eslint/no-unsafe-assignment
254:91  Warning: Unsafe member access .id on an `any` value.  
@typescript-eslint/no-unsafe-member-access

./app/api/auth/login/route.ts
11:34  Error: Unexpected any. Specify a different type.  
@typescript-eslint/no-explicit-any
14:9  Warning: Unsafe assignment of an `any` value.  
@typescript-eslint/no-unsafe-assignment
14:24  Warning: Unsafe member access .status on an `any` value.  
@typescript-eslint/no-unsafe-member-access
14:40  Warning: Unsafe member access .code on an `any` value.  
@typescript-eslint/no-unsafe-member-access
15:9  Warning: Unsafe assignment of an `any` value.  
@typescript-eslint/no-unsafe-assignment
15:19  Warning: Unsafe call of a(n) `any` typed value.  
@typescript-eslint/no-unsafe-call
15:26  Warning: Unsafe member access .message on an `any` value.  
@typescript-eslint/no-unsafe-member-access
15:41  Warning: Unsafe member access .toLowerCase on an `any` value.  
@typescript-eslint/no-unsafe-member-access
16:9  Warning: Unsafe assignment of an `any` value.  
@typescript-eslint/no-unsafe-assignment
16:21  Warning: Unsafe call of a(n) `any` typed value.  
@typescript-eslint/no-unsafe-call
16:28  Warning: Unsafe member access .name on an `any` value.  
@typescript-eslint/no-unsafe-member-access
16:40  Warning: Unsafe member access .toLowerCase on an `any` value.  
@typescript-eslint/no-unsafe-member-access
25:42  Warning: Unsafe call of a(n) `any` typed value.  
@typescript-eslint/no-unsafe-call
25:50  Warning: Unsafe member access .includes on an `any` value.  
@typescript-eslint/no-unsafe-member-access
43:64  Warning: Unsafe call of a(n) `any` typed value.  
@typescript-eslint/no-unsafe-call
43:72  Warning: Unsafe member access .includes on an `any` value.  
@typescript-eslint/no-unsafe-member-access
44:11  Warning: Unsafe assignment of an `any` value.  
@typescript-eslint/no-unsafe-assignment
44:25  Warning: Unsafe call of a(n) `any` typed value.  
@typescript-eslint/no-unsafe-call
44:35  Warning: Unsafe member access .includes on an `any` value.  
@typescript-eslint/no-unsafe-member-access
63:11  Warning: Unsafe assignment of an `any` value.  
@typescript-eslint/no-unsafe-assignment
78:11  Warning: Unsafe assignment of an `any` value.  
@typescript-eslint/no-unsafe-assignment
78:63  Warning: Unsafe call of a(n) `any` typed value.  
@typescript-eslint/no-unsafe-call
78:71  Warning: Unsafe member access .trim on an `any` value.  
@typescript-eslint/no-unsafe-member-access
80:34  Warning: Unsafe call of a(n) `any` typed value.  
@typescript-eslint/no-unsafe-call
80:52  Warning: Unsafe member access .includes on an `any` value.  
@typescript-eslint/no-unsafe-member-access
111:13  Warning: Unsafe assignment of an `any` value.  
@typescript-eslint/no-unsafe-assignment
126:13  Warning: Unsafe assignment of an `any` value.  
@typescript-eslint/no-unsafe-assignment
239:20  Warning: Unsafe call of a(n) `any` typed value.  
@typescript-eslint/no-unsafe-call
239:38  Warning: Unsafe member access .substring on an `any` value.  
@typescript-eslint/no-unsafe-member-access
326:16  Warning: Unsafe call of a(n) `any` typed value.  
@typescript-eslint/no-unsafe-call
326:34  Warning: Unsafe member access .substring on an `any` value.  
@typescript-eslint/no-unsafe-member-access
334:9  Warning: Unsafe assignment of an `any` value.  
@typescript-eslint/no-unsafe-assignment

./app/api/auth/signup/route.ts
7:11  Warning: Unsafe assignment of an `any` value.  
@typescript-eslint/no-unsafe-assignment
16:11  Warning: Unsafe assignment of an `any` value.  
@typescript-eslint/no-unsafe-assignment
16:21  Warning: Unsafe call of a(n) `any` typed value.  
@typescript-eslint/no-unsafe-call
16:29  Warning: Unsafe member access .includes on an `any` value.  
@typescript-eslint/no-unsafe-member-access
21:9  Warning: Unsafe assignment of an `any` value.  
@typescript-eslint/no-unsafe-assignment
31:9  Warning: Unsafe assignment of an `any` value.  
@typescript-eslint/no-unsafe-assignment
44:9  Warning: Unsafe assignment of an `any` value.  
@typescript-eslint/no-unsafe-assignment

./app/api/auth/verify-otp/route.ts
8:11  Warning: Unsafe assignment of an `any` value.  
@typescript-eslint/no-unsafe-assignment
14:13  Warning: Unsafe member access .length on an `any` value.  
@typescript-eslint/no-unsafe-member-access
21:11  Warning: Unsafe assignment of an `any` value.  
@typescript-eslint/no-unsafe-assignment
21:21  Warning: Unsafe call of a(n) `any` typed value.  
@typescript-eslint/no-unsafe-call
21:29  Warning: Unsafe member access .includes on an `any` value.  
@typescript-eslint/no-unsafe-member-access
28:9  Warning: Unsafe assignment of an `any` value.  
@typescript-eslint/no-unsafe-assignment
29:9  Warning: Unsafe assignment of an `any` value.  
@typescript-eslint/no-unsafe-assignment
38:9  Warning: Unsafe assignment of an `any` value.  
@typescript-eslint/no-unsafe-assignment
39:9  Warning: Unsafe assignment of an `any` value.  
@typescript-eslint/no-unsafe-assignment
54:19  Warning: Unsafe object destructuring of a property with an `any` value. 
 @typescript-eslint/no-unsafe-assignment
66:11  Warning: Unsafe assignment of an `any` value.  
@typescript-eslint/no-unsafe-assignment
76:19  Warning: Unsafe object destructuring of a property with an `any` value. 
 @typescript-eslint/no-unsafe-assignment
80:9  Warning: Unsafe assignment of an `any` value.  
@typescript-eslint/no-unsafe-assignment
81:9  Warning: Unsafe assignment of an `any` value.  
@typescript-eslint/no-unsafe-assignment
93:23  Warning: Unsafe object destructuring of a property with an `any` value. 
 @typescript-eslint/no-unsafe-assignment
97:13  Warning: Unsafe assignment of an `any` value.  
@typescript-eslint/no-unsafe-assignment
98:13  Warning: Unsafe assignment of an `any` value.  
@typescript-eslint/no-unsafe-assignment
111:13  Warning: Unsafe assignment of an `any` value.  
@typescript-eslint/no-unsafe-assignment
125:9  Warning: Unsafe assignment of an `any` value.  
@typescript-eslint/no-unsafe-assignment

./app/api/bookings/route.ts
48:55  Error: Unexpected any. Specify a different type.  
@typescript-eslint/no-explicit-any
82:11  Warning: Unsafe assignment of an `any` value.  
@typescript-eslint/no-unsafe-assignment
83:11  Warning: Unsafe assignment of an `any` value.  
@typescript-eslint/no-unsafe-assignment
140:19  Warning: Unsafe object destructuring of a property with an `any` 
value.  @typescript-eslint/no-unsafe-assignment
144:9  Warning: Unsafe assignment of an `any` value.  
@typescript-eslint/no-unsafe-assignment
145:9  Warning: Unsafe assignment of an `any` value.  
@typescript-eslint/no-unsafe-assignment
146:9  Warning: Unsafe assignment of an `any` value.  
@typescript-eslint/no-unsafe-assignment
147:9  Warning: Unsafe assignment of an `any` value.  
@typescript-eslint/no-unsafe-assignment
148:9  Warning: Unsafe assignment of an `any` value.  
@typescript-eslint/no-unsafe-assignment
149:9  Warning: Unsafe assignment of an `any` value.  
@typescript-eslint/no-unsafe-assignment
167:9  Warning: Unsafe assignment of an `any` value.  
@typescript-eslint/no-unsafe-assignment

./app/api/bookings/[id]/messages/route.ts
69:11  Warning: Unsafe assignment of an `any` value.  
@typescript-eslint/no-unsafe-assignment
70:11  Warning: Unsafe assignment of an `any` value.  
@typescript-eslint/no-unsafe-assignment
72:21  Warning: Unsafe call of a(n) `any` typed value.  
@typescript-eslint/no-unsafe-call
72:29  Warning: Unsafe member access .trim on an `any` value.  
@typescript-eslint/no-unsafe-member-access
72:36  Warning: Unsafe member access .length on an `any` value.  
@typescript-eslint/no-unsafe-member-access
76:17  Warning: Unsafe member access .length on an `any` value.  
@typescript-eslint/no-unsafe-member-access
111:19  Warning: Unsafe object destructuring of a property with an `any` 
value.  @typescript-eslint/no-unsafe-assignment
116:9  Warning: Unsafe assignment of an `any` value.  
@typescript-eslint/no-unsafe-assignment
116:18  Warning: Unsafe call of a(n) `any` typed value.  
@typescript-eslint/no-unsafe-call
116:26  Warning: Unsafe member access .trim on an `any` value.  
@typescript-eslint/no-unsafe-member-access
133:9  Warning: Unsafe assignment of an `any` value.  
@typescript-eslint/no-unsafe-assignment

./app/api/bookings/[id]/route.ts
21:19  Warning: Unsafe object destructuring of a property with an `any` value. 
 @typescript-eslint/no-unsafe-assignment
40:36  Warning: Unsafe member access .user_id on an `any` value.  
@typescript-eslint/no-unsafe-member-access
41:30  Warning: Unsafe member access .artists on an `any` value.  
@typescript-eslint/no-unsafe-member-access
49:7  Warning: Unsafe assignment of an `any` value.  
@typescript-eslint/no-unsafe-assignment
69:11  Warning: Unsafe assignment of an `any` value.  
@typescript-eslint/no-unsafe-assignment
70:11  Warning: Unsafe assignment of an `any` value.  
@typescript-eslint/no-unsafe-assignment
88:19  Warning: Unsafe object destructuring of a property with an `any` value. 
 @typescript-eslint/no-unsafe-assignment
99:17  Warning: Unsafe member access .artists on an `any` value.  
@typescript-eslint/no-unsafe-member-access
107:19  Warning: Unsafe object destructuring of a property with an `any` 
value.  @typescript-eslint/no-unsafe-assignment
109:17  Warning: Unsafe assignment of an `any` value.  
@typescript-eslint/no-unsafe-assignment
121:7  Warning: Unsafe assignment of an `any` value.  
@typescript-eslint/no-unsafe-assignment

./app/api/comments/[id]/route.ts
9:11  Warning: Unsafe assignment of an `any` value.  
@typescript-eslint/no-unsafe-assignment
10:11  Warning: Unsafe assignment of an `any` value.  
@typescript-eslint/no-unsafe-assignment
12:18  Warning: Unsafe call of a(n) `any` typed value.  
@typescript-eslint/no-unsafe-call
12:23  Warning: Unsafe member access .trim on an `any` value.  
@typescript-eslint/no-unsafe-member-access
12:30  Warning: Unsafe member access .length on an `any` value.  
@typescript-eslint/no-unsafe-member-access
28:19  Warning: Unsafe object destructuring of a property with an `any` value. 
 @typescript-eslint/no-unsafe-assignment
39:17  Warning: Unsafe member access .author_id on an `any` value.  
@typescript-eslint/no-unsafe-member-access
44:40  Warning: Unsafe member access .created_at on an `any` value.  
@typescript-eslint/no-unsafe-member-access
56:17  Warning: Unsafe member access .is_deleted on an `any` value.  
@typescript-eslint/no-unsafe-member-access
61:19  Warning: Unsafe object destructuring of a property with an `any` value. 
 @typescript-eslint/no-unsafe-assignment
64:9  Warning: Unsafe assignment of an `any` value.  
@typescript-eslint/no-unsafe-assignment
64:15  Warning: Unsafe call of a(n) `any` typed value.  
@typescript-eslint/no-unsafe-call
64:20  Warning: Unsafe member access .trim on an `any` value.  
@typescript-eslint/no-unsafe-member-access
76:7  Warning: Unsafe assignment of an `any` value.  
@typescript-eslint/no-unsafe-assignment

./app/api/comments/[id]/vote/route.ts
8:11  Warning: Unsafe assignment of an `any` value.  
@typescript-eslint/no-unsafe-assignment
26:19  Warning: Unsafe object destructuring of a property with an `any` value. 
 @typescript-eslint/no-unsafe-assignment
35:24  Warning: Unsafe member access .vote_type on an `any` value.  
@typescript-eslint/no-unsafe-member-access
37:69  Warning: Unsafe member access .id on an `any` value.  
@typescript-eslint/no-unsafe-member-access
40:47  Warning: Unsafe assignment of an `any` value.  
@typescript-eslint/no-unsafe-assignment
40:82  Warning: Unsafe member access .id on an `any` value.  
@typescript-eslint/no-unsafe-member-access
48:9  Warning: Unsafe assignment of an `any` value.  
@typescript-eslint/no-unsafe-assignment
90:9  Warning: Unsafe assignment of an `any` value.  
@typescript-eslint/no-unsafe-assignment

./app/api/communities/route.ts
49:11  Warning: Unsafe assignment of an `any` value.  
@typescript-eslint/no-unsafe-assignment
50:11  Warning: Unsafe assignment of an `any` value.  
@typescript-eslint/no-unsafe-assignment
68:11  Warning: Unsafe assignment of an `any` value.  
@typescript-eslint/no-unsafe-assignment
68:18  Warning: Unsafe call of a(n) `any` typed value.  
@typescript-eslint/no-unsafe-call
68:18  Warning: Unsafe call of a(n) `any` typed value.  
@typescript-eslint/no-unsafe-call
68:18  Warning: Unsafe call of a(n) `any` typed value.  
@typescript-eslint/no-unsafe-call
69:8  Warning: Unsafe member access .toLowerCase on an `any` value.  
@typescript-eslint/no-unsafe-member-access
70:8  Warning: Unsafe member access .replace on an `any` value.  
@typescript-eslint/no-unsafe-member-access
71:8  Warning: Unsafe member access .replace on an `any` value.  
@typescript-eslint/no-unsafe-member-access
74:19  Warning: Unsafe object destructuring of a property with an `any` value. 
 @typescript-eslint/no-unsafe-assignment
77:9  Warning: Unsafe assignment of an `any` value.  
@typescript-eslint/no-unsafe-assignment
78:9  Warning: Unsafe assignment of an `any` value.  
@typescript-eslint/no-unsafe-assignment
79:9  Warning: Unsafe assignment of an `any` value.  
@typescript-eslint/no-unsafe-assignment
80:9  Warning: Unsafe assignment of an `any` value.  
@typescript-eslint/no-unsafe-assignment
81:9  Warning: Unsafe assignment of an `any` value.  
@typescript-eslint/no-unsafe-assignment
82:9  Warning: Unsafe assignment of an `any` value.  
@typescript-eslint/no-unsafe-assignment
101:7  Warning: Unsafe assignment of an `any` value.  
@typescript-eslint/no-unsafe-assignment
101:31  Warning: Unsafe member access .id on an `any` value.  
@typescript-eslint/no-unsafe-member-access
108:70  Warning: Unsafe member access .id on an `any` value.  
@typescript-eslint/no-unsafe-member-access
115:7  Warning: Unsafe assignment of an `any` value.  
@typescript-eslint/no-unsafe-assignment

./app/api/communities/user/route.ts
45:30  Error: Unexpected any. Specify a different type.  
@typescript-eslint/no-explicit-any
46:9  Warning: Unsafe assignment of an `any` value.  
@typescript-eslint/no-unsafe-assignment
46:24  Warning: Unsafe member access .communities on an `any` value.  
@typescript-eslint/no-unsafe-member-access
47:9  Warning: Unsafe assignment of an `any` value.  
@typescript-eslint/no-unsafe-assignment
47:26  Warning: Unsafe member access .communities on an `any` value.  
@typescript-eslint/no-unsafe-member-access
48:9  Warning: Unsafe assignment of an `any` value.  
@typescript-eslint/no-unsafe-assignment
48:26  Warning: Unsafe member access .communities on an `any` value.  
@typescript-eslint/no-unsafe-member-access
49:9  Warning: Unsafe assignment of an `any` value.  
@typescript-eslint/no-unsafe-assignment
49:33  Warning: Unsafe member access .communities on an `any` value.  
@typescript-eslint/no-unsafe-member-access
50:9  Warning: Unsafe assignment of an `any` value.  
@typescript-eslint/no-unsafe-assignment
50:34  Warning: Unsafe member access .communities on an `any` value.  
@typescript-eslint/no-unsafe-member-access
51:9  Warning: Unsafe assignment of an `any` value.  
@typescript-eslint/no-unsafe-assignment
51:35  Warning: Unsafe member access .communities on an `any` value.  
@typescript-eslint/no-unsafe-member-access
52:9  Warning: Unsafe assignment of an `any` value.  
@typescript-eslint/no-unsafe-assignment
52:26  Warning: Unsafe member access .role on an `any` value.  
@typescript-eslint/no-unsafe-member-access

./app/api/communities/[slug]/analytics/route.ts
72:37  Error: Unexpected any. Specify a different type.  
@typescript-eslint/no-explicit-any
73:13  Warning: Unsafe assignment of an `any` value.  
@typescript-eslint/no-unsafe-assignment
73:27  Warning: Unsafe member access .author_id on an `any` value.  
@typescript-eslint/no-unsafe-member-access
74:13  Warning: Unsafe assignment of an `any` value.  
@typescript-eslint/no-unsafe-assignment
74:27  Warning: Unsafe member access .users on an `any` value.  
@typescript-eslint/no-unsafe-member-access
78:11  Warning: Unsafe assignment of an `any` value.  
@typescript-eslint/no-unsafe-assignment
78:45  Warning: Unsafe member access .posts on an `any` value.  
@typescript-eslint/no-unsafe-member-access
81:38  Warning: Unsafe assignment of an `any` value.  
@typescript-eslint/no-unsafe-assignment
81:56  Warning: Unsafe assignment of an `any` value.  
@typescript-eslint/no-unsafe-assignment
86:25  Warning: Unsafe member access .posts on an `any` value.  
@typescript-eslint/no-unsafe-member-access
86:35  Warning: Unsafe member access .posts on an `any` value.  
@typescript-eslint/no-unsafe-member-access

./app/api/communities/[slug]/delete/route.ts
26:11  Warning: Unsafe assignment of an `any` value.  
@typescript-eslint/no-unsafe-assignment
103:19  Warning: Unsafe object destructuring of a property with an `any` 
value.  @typescript-eslint/no-unsafe-assignment
104:7  Warning: Unsafe assignment of an `any` value.  
@typescript-eslint/no-unsafe-assignment
116:11  Warning: Unsafe assignment of an `any` value.  
@typescript-eslint/no-unsafe-assignment
116:36  Error: Unexpected any. Specify a different type.  
@typescript-eslint/no-explicit-any
118:17  Warning: Unsafe member access .success on an `any` value.  
@typescript-eslint/no-unsafe-member-access
120:11  Warning: Unsafe assignment of an `any` value.  
@typescript-eslint/no-unsafe-assignment
120:25  Warning: Unsafe member access .error on an `any` value.  
@typescript-eslint/no-unsafe-member-access
128:7  Warning: Unsafe assignment of an `any` value.  
@typescript-eslint/no-unsafe-assignment
128:25  Warning: Unsafe member access .deleted_at on an `any` value.  
@typescript-eslint/no-unsafe-member-access
129:7  Warning: Unsafe assignment of an `any` value.  
@typescript-eslint/no-unsafe-assignment
129:33  Warning: Unsafe member access .scheduled_deletion on an `any` value.  
@typescript-eslint/no-unsafe-member-access
130:7  Warning: Unsafe assignment of an `any` value.  
@typescript-eslint/no-unsafe-assignment
130:32  Warning: Unsafe member access .posts_transferred on an `any` value.  
@typescript-eslint/no-unsafe-member-access

./app/api/communities/[slug]/edit/route.ts
8:11  Warning: Unsafe assignment of an `any` value.  
@typescript-eslint/no-unsafe-assignment
9:11  Warning: Unsafe assignment of an `any` value.  
@typescript-eslint/no-unsafe-assignment
49:23  Error: Unexpected any. Specify a different type.  
@typescript-eslint/no-explicit-any
50:29  Warning: Unsafe assignment of an `any` value.  
@typescript-eslint/no-unsafe-assignment
50:40  Warning: Unsafe member access .name on an `any` value.  
@typescript-eslint/no-unsafe-member-access
51:36  Warning: Unsafe assignment of an `any` value.  
@typescript-eslint/no-unsafe-assignment
51:47  Warning: Unsafe member access .description on an `any` value.  
@typescript-eslint/no-unsafe-member-access
52:30  Warning: Unsafe assignment of an `any` value.  
@typescript-eslint/no-unsafe-assignment
52:41  Warning: Unsafe member access .rules on an `any` value.  
@typescript-eslint/no-unsafe-member-access
53:35  Warning: Unsafe assignment of an `any` value.  
@typescript-eslint/no-unsafe-assignment
53:46  Warning: Unsafe member access .is_private on an `any` value.  
@typescript-eslint/no-unsafe-member-access
54:16  Warning: Unsafe member access .updated_at on an `any` value.  
@typescript-eslint/no-unsafe-member-access
56:19  Warning: Unsafe object destructuring of a property with an `any` value. 
 @typescript-eslint/no-unsafe-assignment
68:7  Warning: Unsafe assignment of an `any` value.  
@typescript-eslint/no-unsafe-assignment

./app/api/communities/[slug]/join/route.ts
46:7  Warning: Unsafe assignment of an `any` value.  
@typescript-eslint/no-unsafe-assignment

./app/api/communities/[slug]/members/[userId]/ban/route.ts
13:11  Warning: Unsafe assignment of an `any` value.  
@typescript-eslint/no-unsafe-assignment
14:11  Warning: Unsafe assignment of an `any` value.  
@typescript-eslint/no-unsafe-assignment
65:9  Warning: Unsafe assignment of an `any` value.  
@typescript-eslint/no-unsafe-assignment

./app/api/communities/[slug]/members/[userId]/route.ts
13:11  Warning: Unsafe assignment of an `any` value.  
@typescript-eslint/no-unsafe-assignment
14:11  Warning: Unsafe assignment of an `any` value.  
@typescript-eslint/no-unsafe-assignment
66:11  Warning: Unsafe assignment of an `any` value.  
@typescript-eslint/no-unsafe-assignment
100:17  Warning: Unsafe assignment of an `any` value.  
@typescript-eslint/no-unsafe-assignment
138:46  Warning: Computed name [role] resolves to an `any` value.  
@typescript-eslint/no-unsafe-member-access
141:9  Warning: Unsafe assignment of an `any` value.  
@typescript-eslint/no-unsafe-assignment

./app/api/communities/[slug]/reclaim-admin/route.ts
102:11  Warning: Unsafe assignment of an `any` value.  
@typescript-eslint/no-unsafe-assignment
103:11  Warning: Unsafe assignment of an `any` value.  
@typescript-eslint/no-unsafe-assignment
109:19  Warning: Unsafe object destructuring of a property with an `any` 
value.  @typescript-eslint/no-unsafe-assignment
112:9  Warning: Unsafe assignment of an `any` value.  
@typescript-eslint/no-unsafe-assignment
141:7  Warning: Unsafe assignment of an `any` value.  
@typescript-eslint/no-unsafe-assignment
143:7  Warning: Unsafe assignment of an `any` value.  
@typescript-eslint/no-unsafe-assignment
143:32  Warning: Unsafe member access .id on an `any` value.  
@typescript-eslint/no-unsafe-member-access
152:9  Warning: Unsafe assignment of an `any` value.  
@typescript-eslint/no-unsafe-assignment
153:9  Warning: Unsafe assignment of an `any` value.  
@typescript-eslint/no-unsafe-assignment

./app/api/communities/[slug]/restore/route.ts
70:19  Warning: Unsafe object destructuring of a property with an `any` value. 
 @typescript-eslint/no-unsafe-assignment
73:9  Warning: Unsafe assignment of an `any` value.  
@typescript-eslint/no-unsafe-assignment
91:11  Warning: Unsafe assignment of an `any` value.  
@typescript-eslint/no-unsafe-assignment
91:37  Error: Unexpected any. Specify a different type.  
@typescript-eslint/no-explicit-any
93:17  Warning: Unsafe member access .success on an `any` value.  
@typescript-eslint/no-unsafe-member-access
94:66  Warning: Unsafe member access .error on an `any` value.  
@typescript-eslint/no-unsafe-member-access
97:11  Warning: Unsafe assignment of an `any` value.  
@typescript-eslint/no-unsafe-assignment
97:25  Warning: Unsafe member access .error on an `any` value.  
@typescript-eslint/no-unsafe-member-access
105:7  Warning: Unsafe assignment of an `any` value.  
@typescript-eslint/no-unsafe-assignment
106:7  Warning: Unsafe assignment of an `any` value.  
@typescript-eslint/no-unsafe-assignment
107:7  Warning: Unsafe assignment of an `any` value.  
@typescript-eslint/no-unsafe-assignment
107:29  Warning: Unsafe member access .posts_restored on an `any` value.  
@typescript-eslint/no-unsafe-member-access
113:7  Warning: Unsafe assignment of an `any` value.  
@typescript-eslint/no-unsafe-assignment
113:29  Warning: Unsafe member access .posts_restored on an `any` value.  
@typescript-eslint/no-unsafe-member-access
114:7  Warning: Unsafe assignment of an `any` value.  
@typescript-eslint/no-unsafe-assignment

./app/api/communities/[slug]/route.ts
11:19  Warning: Unsafe object destructuring of a property with an `any` value. 
 @typescript-eslint/no-unsafe-assignment
35:39  Warning: Unsafe member access .id on an `any` value.  
@typescript-eslint/no-unsafe-member-access
46:9  Warning: Unsafe assignment of an `any` value.  
@typescript-eslint/no-unsafe-assignment

./app/api/cron/cleanup-orphaned-media/route.ts
77:13  Warning: Unsafe assignment of an `any` value.  
@typescript-eslint/no-unsafe-assignment

./app/api/cron/expire-subscriptions/route.ts
19:19  Warning: Unsafe object destructuring of a property with an `any` value. 
 @typescript-eslint/no-unsafe-assignment
29:19  Warning: Unsafe object destructuring of a property with an `any` value. 
 @typescript-eslint/no-unsafe-assignment
42:7  Warning: Unsafe assignment of an `any` value.  
@typescript-eslint/no-unsafe-assignment
43:7  Warning: Unsafe assignment of an `any` value.  
@typescript-eslint/no-unsafe-assignment

./app/api/cron/handle-grace-period/route.ts
41:50  Warning: Unsafe member access .subscription_grace_period on an `any` 
value.  @typescript-eslint/no-unsafe-member-access
64:61  Warning: Unsafe member access .id on an `any` value.  
@typescript-eslint/no-unsafe-member-access
67:11  Warning: Unsafe assignment of an `any` value.  
@typescript-eslint/no-unsafe-assignment
67:28  Warning: Unsafe member access .id on an `any` value.  
@typescript-eslint/no-unsafe-member-access
89:30  Warning: Unsafe member access .id on an `any` value.  
@typescript-eslint/no-unsafe-member-access
95:78  Warning: Unsafe member access .id on an `any` value.  
@typescript-eslint/no-unsafe-member-access
98:13  Warning: Unsafe assignment of an `any` value.  
@typescript-eslint/no-unsafe-assignment
98:30  Warning: Unsafe member access .id on an `any` value.  
@typescript-eslint/no-unsafe-member-access
131:11  Error: Unexpected any. Specify a different type.  
@typescript-eslint/no-explicit-any
158:5  Warning: Unsafe assignment of an `any` value.  
@typescript-eslint/no-unsafe-assignment
158:22  Warning: Unsafe member access .id on an `any` value.  
@typescript-eslint/no-unsafe-member-access
164:5  Warning: Unsafe assignment of an `any` value.  
@typescript-eslint/no-unsafe-assignment
164:32  Warning: Unsafe member access .subscription_grace_period on an `any` 
value.  @typescript-eslint/no-unsafe-member-access
169:5  Warning: Unsafe assignment of an `any` value.  
@typescript-eslint/no-unsafe-assignment
169:21  Warning: Unsafe member access .id on an `any` value.  
@typescript-eslint/no-unsafe-member-access
185:42  Error: Unexpected any. Specify a different type.  
@typescript-eslint/no-explicit-any
194:22  Warning: Unsafe member access .id on an `any` value.  
@typescript-eslint/no-unsafe-member-access
198:5  Warning: Unsafe assignment of an `any` value.  
@typescript-eslint/no-unsafe-assignment
198:32  Warning: Unsafe member access .subscription_grace_period on an `any` 
value.  @typescript-eslint/no-unsafe-member-access
203:5  Warning: Unsafe assignment of an `any` value.  
@typescript-eslint/no-unsafe-assignment
203:21  Warning: Unsafe member access .id on an `any` value.  
@typescript-eslint/no-unsafe-member-access
212:69  Warning: Unsafe assignment of an `any` value.  
@typescript-eslint/no-unsafe-assignment
212:86  Warning: Unsafe member access .id on an `any` value.  
@typescript-eslint/no-unsafe-member-access

./app/api/cron/send-event-reminders/route.ts
18:19  Warning: Unsafe object destructuring of a property with an `any` value. 
 @typescript-eslint/no-unsafe-assignment
31:53  Warning: Unsafe assignment of an `any` value.  
@typescript-eslint/no-unsafe-assignment
35:7  Warning: Unsafe assignment of an `any` value.  
@typescript-eslint/no-unsafe-assignment

./app/api/cron/send-renewal-reminders/route.ts
31:19  Warning: Unsafe object destructuring of a property with an `any` value. 
 @typescript-eslint/no-unsafe-assignment
38:67  Warning: Unsafe member access .length on an `any` value.  
@typescript-eslint/no-unsafe-member-access
39:52  Warning: Unsafe member access .length on an `any` value.  
@typescript-eslint/no-unsafe-member-access
45:20  Warning: Unsafe member access .subscription_plan on an `any` value.  
@typescript-eslint/no-unsafe-member-access
51:20  Warning: Unsafe member access .artist_email on an `any` value.  
@typescript-eslint/no-unsafe-member-access
52:20  Warning: Unsafe member access .stage_name on an `any` value.  
@typescript-eslint/no-unsafe-member-access
53:29  Warning: Unsafe member access .subscription_end_date on an `any` value. 
 @typescript-eslint/no-unsafe-member-access
63:13  Warning: Unsafe assignment of an `any` value.  
@typescript-eslint/no-unsafe-assignment
63:33  Warning: Unsafe member access .artist_id on an `any` value.  
@typescript-eslint/no-unsafe-member-access
67:58  Warning: Unsafe member access .stage_name on an `any` value.  
@typescript-eslint/no-unsafe-member-access
67:80  Warning: Unsafe member access .artist_email on an `any` value.  
@typescript-eslint/no-unsafe-member-access
69:68  Warning: Unsafe member access .artist_email on an `any` value.  
@typescript-eslint/no-unsafe-member-access
71:41  Warning: Unsafe member access .artist_email on an `any` value.  
@typescript-eslint/no-unsafe-member-access
81:19  Warning: Unsafe object destructuring of a property with an `any` value. 
 @typescript-eslint/no-unsafe-assignment
88:61  Warning: Unsafe member access .length on an `any` value.  
@typescript-eslint/no-unsafe-member-access
89:49  Warning: Unsafe member access .length on an `any` value.  
@typescript-eslint/no-unsafe-member-access
95:20  Warning: Unsafe member access .artist_email on an `any` value.  
@typescript-eslint/no-unsafe-member-access
96:20  Warning: Unsafe member access .stage_name on an `any` value.  
@typescript-eslint/no-unsafe-member-access
97:29  Warning: Unsafe member access .grace_period_end_date on an `any` value. 
 @typescript-eslint/no-unsafe-member-access
106:13  Warning: Unsafe assignment of an `any` value.  
@typescript-eslint/no-unsafe-assignment
106:33  Warning: Unsafe member access .artist_id on an `any` value.  
@typescript-eslint/no-unsafe-member-access
110:61  Warning: Unsafe member access .stage_name on an `any` value.  
@typescript-eslint/no-unsafe-member-access
110:83  Warning: Unsafe member access .artist_email on an `any` value.  
@typescript-eslint/no-unsafe-member-access
112:71  Warning: Unsafe member access .artist_email on an `any` value.  
@typescript-eslint/no-unsafe-member-access
114:48  Warning: Unsafe member access .artist_email on an `any` value.  
@typescript-eslint/no-unsafe-member-access

./app/api/cron/sync-subscription-status/route.ts
41:73  Warning: Unsafe member access .razorpay_subscription_id on an `any` 
value.  @typescript-eslint/no-unsafe-member-access
48:40  Warning: Unsafe member access .status on an `any` value.  
@typescript-eslint/no-unsafe-member-access
53:15  Warning: Unsafe assignment of an `any` value.  
@typescript-eslint/no-unsafe-assignment
55:32  Warning: Unsafe member access .current_start on an `any` value.  
@typescript-eslint/no-unsafe-member-access
56:15  Warning: Unsafe assignment of an `any` value.  
@typescript-eslint/no-unsafe-assignment
58:32  Warning: Unsafe member access .current_end on an `any` value.  
@typescript-eslint/no-unsafe-member-access
59:15  Warning: Unsafe assignment of an `any` value.  
@typescript-eslint/no-unsafe-assignment
61:32  Warning: Unsafe member access .next_billing_date on an `any` value.  
@typescript-eslint/no-unsafe-member-access
63:36  Warning: Unsafe member access .id on an `any` value.  
@typescript-eslint/no-unsafe-member-access
70:38  Warning: Unsafe member access .artist_id on an `any` value.  
@typescript-eslint/no-unsafe-member-access
78:55  Warning: Unsafe member access .id on an `any` value.  
@typescript-eslint/no-unsafe-member-access
81:11  Warning: Unsafe assignment of an `any` value.  
@typescript-eslint/no-unsafe-assignment
81:40  Warning: Unsafe member access .id on an `any` value.  
@typescript-eslint/no-unsafe-member-access
96:91  Warning: Unsafe member access .id on an `any` value.  
@typescript-eslint/no-unsafe-member-access
101:27  Warning: Unsafe member access .artist_id on an `any` value.  
@typescript-eslint/no-unsafe-member-access

./app/api/discover/share/route.ts
7:11  Warning: Unsafe assignment of an `any` value.  
@typescript-eslint/no-unsafe-assignment
8:11  Warning: Unsafe assignment of an `any` value.  
@typescript-eslint/no-unsafe-assignment
52:7  Warning: Unsafe assignment of an `any` value.  
@typescript-eslint/no-unsafe-assignment
54:7  Warning: Unsafe assignment of an `any` value.  
@typescript-eslint/no-unsafe-assignment
55:7  Warning: Unsafe assignment of an `any` value.  
@typescript-eslint/no-unsafe-assignment
56:7  Warning: Unsafe assignment of an `any` value.  
@typescript-eslint/no-unsafe-assignment
60:19  Warning: Unsafe object destructuring of a property with an `any` value. 
 @typescript-eslint/no-unsafe-assignment
71:7  Warning: Unsafe assignment of an `any` value.  
@typescript-eslint/no-unsafe-assignment

./app/api/drafts/route.ts
8:32  Error: Unexpected any. Specify a different type.  
@typescript-eslint/no-explicit-any
25:76  Warning: Unsafe member access .user_id on an `any` value.  
@typescript-eslint/no-unsafe-member-access
47:11  Warning: Unsafe assignment of an `any` value.  
@typescript-eslint/no-unsafe-assignment
61:15  Warning: Unsafe member access .user_id on an `any` value.  
@typescript-eslint/no-unsafe-member-access
66:16  Warning: Unsafe member access .id on an `any` value.  
@typescript-eslint/no-unsafe-member-access
66:29  Warning: Unsafe member access .type on an `any` value.  
@typescript-eslint/no-unsafe-member-access
71:11  Warning: Unsafe assignment of an `any` value.  
@typescript-eslint/no-unsafe-assignment
78:22  Warning: Unsafe member access .id on an `any` value.  
@typescript-eslint/no-unsafe-member-access
80:41  Warning: Unsafe member access .id on an `any` value.  
@typescript-eslint/no-unsafe-member-access
84:7  Warning: Unsafe assignment of an `any` value.  
@typescript-eslint/no-unsafe-assignment
115:17  Warning: Unsafe member access .user_id on an `any` value.  
@typescript-eslint/no-unsafe-member-access

./app/api/drafts/[id]/route.ts
8:32  Error: Unexpected any. Specify a different type.  
@typescript-eslint/no-explicit-any
26:11  Warning: Unsafe assignment of an `any` value.  
@typescript-eslint/no-unsafe-assignment
33:15  Warning: Unsafe member access .user_id on an `any` value.  
@typescript-eslint/no-unsafe-member-access
39:7  Warning: Unsafe assignment of an `any` value.  
@typescript-eslint/no-unsafe-assignment
71:11  Warning: Unsafe assignment of an `any` value.  
@typescript-eslint/no-unsafe-assignment
78:15  Warning: Unsafe member access .user_id on an `any` value.  
@typescript-eslint/no-unsafe-member-access

./app/api/eventbrite/callback/route.ts
66:11  Warning: Unsafe assignment of an `any` value.  
@typescript-eslint/no-unsafe-assignment
71:7  Warning: Unsafe assignment of an `any` value.  
@typescript-eslint/no-unsafe-assignment
71:31  Warning: Unsafe member access .access_token on an `any` value.  
@typescript-eslint/no-unsafe-member-access
72:7  Warning: Unsafe assignment of an `any` value.  
@typescript-eslint/no-unsafe-assignment
72:29  Warning: Unsafe member access .token_type on an `any` value.  
@typescript-eslint/no-unsafe-member-access
74:28  Warning: Unsafe member access .user_id on an `any` value.  
@typescript-eslint/no-unsafe-member-access

./app/api/events/cleanup-duplicates/route.ts
119:11  Warning: Unsafe assignment of an `any` value.  
@typescript-eslint/no-unsafe-assignment
119:29  Warning: Unsafe call of a(n) `any` typed value.  
@typescript-eslint/no-unsafe-call
119:29  Warning: Unsafe call of a(n) `any` typed value.  
@typescript-eslint/no-unsafe-call
119:41  Warning: Unsafe member access .toLowerCase on an `any` value.  
@typescript-eslint/no-unsafe-member-access
119:55  Warning: Unsafe member access .trim on an `any` value.  
@typescript-eslint/no-unsafe-member-access
120:11  Warning: Unsafe assignment of an `any` value.  
@typescript-eslint/no-unsafe-assignment
120:22  Warning: Unsafe call of a(n) `any` typed value.  
@typescript-eslint/no-unsafe-call
120:39  Warning: Unsafe member access .split on an `any` value.  
@typescript-eslint/no-unsafe-member-access
120:50  Warning: Unsafe member access [0] on an `any` value.  
@typescript-eslint/no-unsafe-member-access
121:11  Warning: Unsafe assignment of an `any` value.  
@typescript-eslint/no-unsafe-assignment
121:28  Warning: Unsafe call of a(n) `any` typed value.  
@typescript-eslint/no-unsafe-call
121:28  Warning: Unsafe call of a(n) `any` typed value.  
@typescript-eslint/no-unsafe-call
121:56  Warning: Unsafe member access .toLowerCase on an `any` value.  
@typescript-eslint/no-unsafe-member-access
121:70  Warning: Unsafe member access .trim on an `any` value.  
@typescript-eslint/no-unsafe-member-access
122:11  Warning: Unsafe assignment of an `any` value.  
@typescript-eslint/no-unsafe-assignment
164:11  Warning: Unsafe assignment of an `any` value.  
@typescript-eslint/no-unsafe-assignment
170:11  Warning: Unsafe assignment of an `any` value.  
@typescript-eslint/no-unsafe-assignment
171:11  Warning: Unsafe assignment of an `any` value.  
@typescript-eslint/no-unsafe-assignment

./app/api/events/health/route.ts
55:11  Warning: Unsafe assignment of an `any` value.  
@typescript-eslint/no-unsafe-assignment
55:33  Warning: Unsafe member access .message on an `any` value.  
@typescript-eslint/no-unsafe-member-access

./app/api/events/route.ts
76:7  Warning: Unsafe assignment of an `any` value.  
@typescript-eslint/no-unsafe-assignment
76:21  Warning: Unsafe member access .source on an `any` value.  
@typescript-eslint/no-unsafe-member-access
80:49  Warning: Unsafe spread of an `any` value in an array.  
@typescript-eslint/no-unsafe-assignment
81:25  Warning: Unsafe member access .event_date on an `any` value.  
@typescript-eslint/no-unsafe-member-access
81:60  Warning: Unsafe member access .event_date on an `any` value.  
@typescript-eslint/no-unsafe-member-access
111:11  Warning: Unsafe assignment of an `any` value.  
@typescript-eslint/no-unsafe-assignment
112:11  Warning: Unsafe assignment of an `any` value.  
@typescript-eslint/no-unsafe-assignment
173:19  Warning: Unsafe object destructuring of a property with an `any` 
value.  @typescript-eslint/no-unsafe-assignment
176:9  Warning: Unsafe assignment of an `any` value.  
@typescript-eslint/no-unsafe-assignment
177:9  Warning: Unsafe assignment of an `any` value.  
@typescript-eslint/no-unsafe-assignment
178:9  Warning: Unsafe assignment of an `any` value.  
@typescript-eslint/no-unsafe-assignment
179:9  Warning: Unsafe assignment of an `any` value.  
@typescript-eslint/no-unsafe-assignment
180:9  Warning: Unsafe assignment of an `any` value.  
@typescript-eslint/no-unsafe-assignment
181:9  Warning: Unsafe assignment of an `any` value.  
@typescript-eslint/no-unsafe-assignment
182:9  Warning: Unsafe assignment of an `any` value.  
@typescript-eslint/no-unsafe-assignment
183:9  Warning: Unsafe assignment of an `any` value.  
@typescript-eslint/no-unsafe-assignment
197:9  Warning: Unsafe assignment of an `any` value.  
@typescript-eslint/no-unsafe-assignment

./app/api/events/sync/route.ts
86:11  Warning: Unsafe assignment of an `any` value.  
@typescript-eslint/no-unsafe-assignment
87:11  Warning: Unsafe assignment of an `any` value.  
@typescript-eslint/no-unsafe-assignment
87:25  Warning: Unsafe member access .cities on an `any` value.  
@typescript-eslint/no-unsafe-member-access
89:44  Warning: Unsafe assignment of an `any` value.  
@typescript-eslint/no-unsafe-assignment
95:42  Warning: Unsafe member access .length on an `any` value.  
@typescript-eslint/no-unsafe-member-access

./app/api/events/[id]/route.ts
10:19  Warning: Unsafe object destructuring of a property with an `any` value. 
 @typescript-eslint/no-unsafe-assignment
24:7  Warning: Unsafe assignment of an `any` value.  
@typescript-eslint/no-unsafe-assignment
40:11  Warning: Unsafe assignment of an `any` value.  
@typescript-eslint/no-unsafe-assignment
41:11  Warning: Unsafe assignment of an `any` value.  
@typescript-eslint/no-unsafe-assignment
105:23  Error: Unexpected any. Specify a different type.  
@typescript-eslint/no-explicit-any
106:30  Warning: Unsafe assignment of an `any` value.  
@typescript-eslint/no-unsafe-assignment
106:41  Warning: Unsafe member access .title on an `any` value.  
@typescript-eslint/no-unsafe-member-access
107:36  Warning: Unsafe assignment of an `any` value.  
@typescript-eslint/no-unsafe-assignment
107:47  Warning: Unsafe member access .description on an `any` value.  
@typescript-eslint/no-unsafe-member-access
108:35  Warning: Unsafe assignment of an `any` value.  
@typescript-eslint/no-unsafe-assignment
108:46  Warning: Unsafe member access .event_date on an `any` value.  
@typescript-eslint/no-unsafe-member-access
109:38  Warning: Unsafe assignment of an `any` value.  
@typescript-eslint/no-unsafe-assignment
109:49  Warning: Unsafe member access .location_city on an `any` value.  
@typescript-eslint/no-unsafe-member-access
110:41  Warning: Unsafe assignment of an `any` value.  
@typescript-eslint/no-unsafe-assignment
110:52  Warning: Unsafe member access .location_address on an `any` value.  
@typescript-eslint/no-unsafe-member-access
111:33  Warning: Unsafe assignment of an `any` value.  
@typescript-eslint/no-unsafe-assignment
111:44  Warning: Unsafe member access .category on an `any` value.  
@typescript-eslint/no-unsafe-member-access
112:36  Warning: Unsafe assignment of an `any` value.  
@typescript-eslint/no-unsafe-assignment
112:47  Warning: Unsafe member access .ticket_info on an `any` value.  
@typescript-eslint/no-unsafe-member-access
114:19  Warning: Unsafe object destructuring of a property with an `any` 
value.  @typescript-eslint/no-unsafe-assignment
126:7  Warning: Unsafe assignment of an `any` value.  
@typescript-eslint/no-unsafe-assignment

./app/api/geocoding/process/route.ts
20:11  Warning: Unsafe assignment of an `any` value.  
@typescript-eslint/no-unsafe-assignment
21:11  Warning: Unsafe assignment of an `any` value.  
@typescript-eslint/no-unsafe-assignment
39:19  Warning: Unsafe object destructuring of a property with an `any` value. 
 @typescript-eslint/no-unsafe-assignment
51:16  Warning: Unsafe member access .location_coordinates on an `any` value.  
@typescript-eslint/no-unsafe-member-access

./app/api/meetup/callback/route.ts
66:11  Warning: Unsafe assignment of an `any` value.  
@typescript-eslint/no-unsafe-assignment
69:33  Warning: Unsafe member access .expires_in on an `any` value.  
@typescript-eslint/no-unsafe-member-access
70:41  Warning: Unsafe member access .expires_in on an `any` value.  
@typescript-eslint/no-unsafe-member-access
75:7  Warning: Unsafe assignment of an `any` value.  
@typescript-eslint/no-unsafe-assignment
75:31  Warning: Unsafe member access .access_token on an `any` value.  
@typescript-eslint/no-unsafe-member-access
76:7  Warning: Unsafe assignment of an `any` value.  
@typescript-eslint/no-unsafe-assignment
76:32  Warning: Unsafe member access .refresh_token on an `any` value.  
@typescript-eslint/no-unsafe-member-access
78:7  Warning: Unsafe assignment of an `any` value.  
@typescript-eslint/no-unsafe-assignment
78:29  Warning: Unsafe member access .token_type on an `any` value.  
@typescript-eslint/no-unsafe-member-access
80:30  Warning: Unsafe member access .member_id on an `any` value.  
@typescript-eslint/no-unsafe-member-access

./app/api/messages/conversations/route.ts
71:47  Warning: Unsafe member access .id on an `any` value.  
@typescript-eslint/no-unsafe-member-access
77:15  Warning: Unsafe assignment of an `any` value.  
@typescript-eslint/no-unsafe-assignment
77:29  Warning: Unsafe call of a(n) `any` typed value.  
@typescript-eslint/no-unsafe-call
77:29  Warning: Unsafe call of a(n) `any` typed value.  
@typescript-eslint/no-unsafe-call
77:42  Warning: Unsafe member access .messages on an `any` value.  
@typescript-eslint/no-unsafe-member-access
78:26  Error: Unexpected any. Specify a different type.  
@typescript-eslint/no-explicit-any
78:39  Warning: Unsafe member access .is_deleted on an `any` value.  
@typescript-eslint/no-unsafe-member-access
79:13  Warning: Unsafe member access .sort on an `any` value.  
@typescript-eslint/no-unsafe-member-access
80:17  Error: Unexpected any. Specify a different type.  
@typescript-eslint/no-explicit-any
80:25  Error: Unexpected any. Specify a different type.  
@typescript-eslint/no-explicit-any
80:44  Warning: Unsafe member access .created_at on an `any` value.  
@typescript-eslint/no-unsafe-member-access
80:79  Warning: Unsafe member access .created_at on an `any` value.  
@typescript-eslint/no-unsafe-member-access
81:13  Warning: Unsafe member access [0] on an `any` value.  
@typescript-eslint/no-unsafe-member-access
86:11  Warning: Unsafe assignment of an `any` value.  
@typescript-eslint/no-unsafe-assignment
100:7  Warning: Unsafe assignment of type `any[]` to a variable of type 
`Conversation[]`.  @typescript-eslint/no-unsafe-assignment
123:11  Warning: Unsafe assignment of an `any` value.  
@typescript-eslint/no-unsafe-assignment
124:11  Warning: Unsafe assignment of an `any` value.  
@typescript-eslint/no-unsafe-assignment
160:19  Warning: Unsafe object destructuring of a property with an `any` 
value.  @typescript-eslint/no-unsafe-assignment
164:9  Warning: Unsafe assignment of an `any` value.  
@typescript-eslint/no-unsafe-assignment
173:23  Warning: Unsafe object destructuring of a property with an `any` 
value.  @typescript-eslint/no-unsafe-assignment
202:58  Warning: Unsafe member access .id on an `any` value.  
@typescript-eslint/no-unsafe-member-access
209:13  Warning: Unsafe assignment of type `any[]` to a variable of type 
`Conversation[]`.  @typescript-eslint/no-unsafe-assignment
229:19  Warning: Unsafe object destructuring of a property with an `any` 
value.  @typescript-eslint/no-unsafe-assignment
263:7  Warning: Unsafe assignment of type `any[]` to a variable of type 
`Conversation[]`.  @typescript-eslint/no-unsafe-assignment

./app/api/messages/conversations/[id]/messages/route.ts
99:7  Warning: Unsafe assignment of type `any[]` to a variable of type 
`Message[]`.  @typescript-eslint/no-unsafe-assignment
124:11  Warning: Unsafe assignment of an `any` value.  
@typescript-eslint/no-unsafe-assignment
125:11  Warning: Unsafe assignment of an `any` value.  
@typescript-eslint/no-unsafe-assignment
162:19  Warning: Unsafe object destructuring of a property with an `any` 
value.  @typescript-eslint/no-unsafe-assignment
167:9  Warning: Unsafe assignment of an `any` value.  
@typescript-eslint/no-unsafe-assignment
167:18  Warning: Unsafe call of a(n) `any` typed value.  
@typescript-eslint/no-unsafe-call
167:26  Warning: Unsafe member access .trim on an `any` value.  
@typescript-eslint/no-unsafe-member-access
168:9  Warning: Unsafe assignment of an `any` value.  
@typescript-eslint/no-unsafe-assignment
169:9  Warning: Unsafe assignment of an `any` value.  
@typescript-eslint/no-unsafe-assignment
215:7  Warning: Unexpected console statement.  no-console
216:9  Warning: Unsafe assignment of an `any` value.  
@typescript-eslint/no-unsafe-assignment
216:24  Warning: Unsafe member access .id on an `any` value.  
@typescript-eslint/no-unsafe-member-access
219:9  Warning: Unsafe assignment of an `any` value.  
@typescript-eslint/no-unsafe-assignment
219:36  Warning: Unsafe member access .content on an `any` value.  
@typescript-eslint/no-unsafe-member-access
225:7  Warning: Unsafe assignment of an `any` value.  
@typescript-eslint/no-unsafe-assignment

./app/api/messages/conversations/[id]/route.ts
22:19  Warning: Unsafe object destructuring of a property with an `any` value. 
 @typescript-eslint/no-unsafe-assignment
50:20  Warning: Unsafe member access .participant_1_id on an `any` value.  
@typescript-eslint/no-unsafe-member-access
50:65  Warning: Unsafe member access .participant_2_id on an `any` value.  
@typescript-eslint/no-unsafe-member-access
66:7  Warning: Unsafe assignment of type `any[]` to a variable of type 
`Conversation[]`.  @typescript-eslint/no-unsafe-assignment

./app/api/messages/presence/route.ts
9:11  Warning: Unsafe assignment of an `any` value.  
@typescript-eslint/no-unsafe-assignment
10:11  Warning: Unsafe assignment of an `any` value.  
@typescript-eslint/no-unsafe-assignment
51:19  Warning: Unsafe object destructuring of a property with an `any` value. 
 @typescript-eslint/no-unsafe-assignment
56:11  Warning: Unsafe assignment of an `any` value.  
@typescript-eslint/no-unsafe-assignment
86:7  Warning: Unsafe assignment of an `any` value.  
@typescript-eslint/no-unsafe-assignment
161:11  Warning: Unsafe assignment of an `any` value.  
@typescript-eslint/no-unsafe-assignment
164:11  Warning: Unsafe assignment of an `any` value.  
@typescript-eslint/no-unsafe-assignment
164:15  Warning: Unsafe member access [record.user_id] on an `any` value.  
@typescript-eslint/no-unsafe-member-access
164:15  Warning: Computed name [record.user_id] resolves to an `any` value.  
@typescript-eslint/no-unsafe-member-access
164:22  Warning: Unsafe member access .user_id on an `any` value.  
@typescript-eslint/no-unsafe-member-access
172:23  Warning: Unsafe member access [userId] on an `any` value.  
@typescript-eslint/no-unsafe-member-access
173:28  Warning: Unsafe member access [userId] on an `any` value.  
@typescript-eslint/no-unsafe-member-access
187:7  Warning: Unsafe assignment of type `any[]` to a variable of type 
`UserPresence[]`.  @typescript-eslint/no-unsafe-assignment

./app/api/messages/[messageId]/reactions/route.ts
12:11  Warning: Unsafe assignment of an `any` value.  
@typescript-eslint/no-unsafe-assignment
13:11  Warning: Unsafe assignment of an `any` value.  
@typescript-eslint/no-unsafe-assignment
51:11  Warning: Unsafe assignment of an `any` value.  
@typescript-eslint/no-unsafe-assignment
51:51  Error: Unexpected any. Specify a different type.  
@typescript-eslint/no-explicit-any
53:20  Warning: Unsafe member access .participant_1_id on an `any` value.  
@typescript-eslint/no-unsafe-member-access
53:65  Warning: Unsafe member access .participant_2_id on an `any` value.  
@typescript-eslint/no-unsafe-member-access
85:19  Warning: Unsafe object destructuring of a property with an `any` value. 
 @typescript-eslint/no-unsafe-assignment
114:7  Warning: Unsafe assignment of an `any` value.  
@typescript-eslint/no-unsafe-assignment
136:11  Warning: Unsafe assignment of an `any` value.  
@typescript-eslint/no-unsafe-assignment
137:11  Warning: Unsafe assignment of an `any` value.  
@typescript-eslint/no-unsafe-assignment
175:11  Warning: Unsafe assignment of an `any` value.  
@typescript-eslint/no-unsafe-assignment
175:51  Error: Unexpected any. Specify a different type.  
@typescript-eslint/no-explicit-any
177:20  Warning: Unsafe member access .participant_1_id on an `any` value.  
@typescript-eslint/no-unsafe-member-access
177:65  Warning: Unsafe member access .participant_2_id on an `any` value.  
@typescript-eslint/no-unsafe-member-access

./app/api/messages/[messageId]/read/route.ts
44:11  Warning: Unsafe assignment of an `any` value.  
@typescript-eslint/no-unsafe-assignment
44:51  Error: Unexpected any. Specify a different type.  
@typescript-eslint/no-explicit-any
46:20  Warning: Unsafe member access .participant_1_id on an `any` value.  
@typescript-eslint/no-unsafe-member-access
46:65  Warning: Unsafe member access .participant_2_id on an `any` value.  
@typescript-eslint/no-unsafe-member-access
77:19  Warning: Unsafe object destructuring of a property with an `any` value. 
 @typescript-eslint/no-unsafe-assignment
97:7  Warning: Unsafe assignment of an `any` value.  
@typescript-eslint/no-unsafe-assignment

./app/api/messages/[messageId]/route.ts
14:11  Warning: Unsafe assignment of an `any` value.  
@typescript-eslint/no-unsafe-assignment
15:11  Warning: Unsafe assignment of an `any` value.  
@typescript-eslint/no-unsafe-assignment
35:19  Warning: Unsafe object destructuring of a property with an `any` value. 
 @typescript-eslint/no-unsafe-assignment
46:17  Warning: Unsafe member access .sender_id on an `any` value.  
@typescript-eslint/no-unsafe-member-access
51:17  Warning: Unsafe member access .is_deleted on an `any` value.  
@typescript-eslint/no-unsafe-member-access
56:42  Warning: Unsafe member access .created_at on an `any` value.  
@typescript-eslint/no-unsafe-member-access
68:19  Warning: Unsafe object destructuring of a property with an `any` value. 
 @typescript-eslint/no-unsafe-assignment
71:9  Warning: Unsafe assignment of an `any` value.  
@typescript-eslint/no-unsafe-assignment
71:18  Warning: Unsafe call of a(n) `any` typed value.  
@typescript-eslint/no-unsafe-call
71:26  Warning: Unsafe member access .trim on an `any` value.  
@typescript-eslint/no-unsafe-member-access
118:7  Warning: Unsafe assignment of an `any` value.  
@typescript-eslint/no-unsafe-assignment
153:19  Warning: Unsafe object destructuring of a property with an `any` 
value.  @typescript-eslint/no-unsafe-assignment
164:17  Warning: Unsafe member access .sender_id on an `any` value.  
@typescript-eslint/no-unsafe-member-access
169:17  Warning: Unsafe member access .is_deleted on an `any` value.  
@typescript-eslint/no-unsafe-member-access
174:19  Warning: Unsafe object destructuring of a property with an `any` 
value.  @typescript-eslint/no-unsafe-assignment
223:7  Warning: Unsafe assignment of an `any` value.  
@typescript-eslint/no-unsafe-assignment

./app/api/moderation/log/route.ts
17:13  Warning: Unsafe object destructuring of a property with an `any` value. 
 @typescript-eslint/no-unsafe-assignment
26:9  Warning: Unsafe assignment of an `any` value.  
@typescript-eslint/no-unsafe-assignment
28:7  Warning: Unsafe assignment of an `any` value.  
@typescript-eslint/no-unsafe-assignment
28:22  Warning: Unsafe call of a(n) `any` typed value.  
@typescript-eslint/no-unsafe-call
28:35  Warning: Unsafe member access .filter on an `any` value.  
@typescript-eslint/no-unsafe-member-access
28:48  Error: Unexpected any. Specify a different type.  
@typescript-eslint/no-explicit-any
28:60  Warning: Unsafe member access .action on an `any` value.  
@typescript-eslint/no-unsafe-member-access
33:7  Warning: Unsafe assignment of an `any` value.  
@typescript-eslint/no-unsafe-assignment

./app/api/moderation/route.ts
9:11  Warning: Unsafe assignment of an `any` value.  
@typescript-eslint/no-unsafe-assignment
10:11  Warning: Unsafe assignment of an `any` value.  
@typescript-eslint/no-unsafe-assignment
50:7  Warning: Unsafe assignment of an `any` value.  
@typescript-eslint/no-unsafe-assignment
58:7  Warning: Unsafe assignment of an `any` value.  
@typescript-eslint/no-unsafe-assignment
60:30  Warning: Unsafe member access .community_id on an `any` value.  
@typescript-eslint/no-unsafe-member-access
68:7  Warning: Unsafe assignment of an `any` value.  
@typescript-eslint/no-unsafe-assignment
80:19  Warning: Unsafe object destructuring of a property with an `any` value. 
 @typescript-eslint/no-unsafe-assignment
84:9  Warning: Unsafe assignment of an `any` value.  
@typescript-eslint/no-unsafe-assignment
85:9  Warning: Unsafe assignment of an `any` value.  
@typescript-eslint/no-unsafe-assignment
87:9  Warning: Unsafe assignment of an `any` value.  
@typescript-eslint/no-unsafe-assignment
88:9  Warning: Unsafe assignment of an `any` value.  
@typescript-eslint/no-unsafe-assignment
89:9  Warning: Unsafe assignment of an `any` value.  
@typescript-eslint/no-unsafe-assignment
115:9  Warning: Unsafe assignment of an `any` value.  
@typescript-eslint/no-unsafe-assignment
131:40  Error: Unexpected any. Specify a different type.  
@typescript-eslint/no-explicit-any
135:11  Warning: Unsafe call of a(n) `any` typed value.  
@typescript-eslint/no-unsafe-call
135:11  Warning: Unsafe call of a(n) `any` typed value.  
@typescript-eslint/no-unsafe-call
135:11  Warning: Unsafe call of a(n) `any` typed value.  
@typescript-eslint/no-unsafe-call
136:8  Warning: Unsafe member access .from on an `any` value.  
@typescript-eslint/no-unsafe-member-access
137:8  Warning: Unsafe member access .update on an `any` value.  
@typescript-eslint/no-unsafe-member-access
143:8  Warning: Unsafe member access .eq on an `any` value.  
@typescript-eslint/no-unsafe-member-access
145:11  Warning: Unsafe call of a(n) `any` typed value.  
@typescript-eslint/no-unsafe-call
145:11  Warning: Unsafe call of a(n) `any` typed value.  
@typescript-eslint/no-unsafe-call
145:11  Warning: Unsafe call of a(n) `any` typed value.  
@typescript-eslint/no-unsafe-call
146:8  Warning: Unsafe member access .from on an `any` value.  
@typescript-eslint/no-unsafe-member-access
147:8  Warning: Unsafe member access .update on an `any` value.  
@typescript-eslint/no-unsafe-member-access
151:8  Warning: Unsafe member access .eq on an `any` value.  
@typescript-eslint/no-unsafe-member-access
153:11  Warning: Unsafe call of a(n) `any` typed value.  
@typescript-eslint/no-unsafe-call
153:11  Warning: Unsafe call of a(n) `any` typed value.  
@typescript-eslint/no-unsafe-call
153:11  Warning: Unsafe call of a(n) `any` typed value.  
@typescript-eslint/no-unsafe-call
154:8  Warning: Unsafe member access .from on an `any` value.  
@typescript-eslint/no-unsafe-member-access
155:8  Warning: Unsafe member access .update on an `any` value.  
@typescript-eslint/no-unsafe-member-access
159:8  Warning: Unsafe member access .eq on an `any` value.  
@typescript-eslint/no-unsafe-member-access

./app/api/notifications/preferences/route.ts
19:17  Warning: Unsafe object destructuring of a property with an `any` value. 
 @typescript-eslint/no-unsafe-assignment
19:30  Error: 'error' is never reassigned. Use 'const' instead.  prefer-const
27:21  Warning: Unsafe object destructuring of a property with an `any` value. 
 @typescript-eslint/no-unsafe-assignment
41:7  Warning: Unsafe assignment of an `any` value.  
@typescript-eslint/no-unsafe-assignment
47:32  Warning: Unsafe assignment of an `any` value.  
@typescript-eslint/no-unsafe-assignment
69:11  Warning: Unsafe assignment of an `any` value.  
@typescript-eslint/no-unsafe-assignment
70:20  Error: Unexpected any. Specify a different type.  
@typescript-eslint/no-explicit-any
88:40  Warning: Unsafe member access [field] on an `any` value.  
@typescript-eslint/no-unsafe-member-access
89:17  Warning: Unsafe member access [field] on an `any` value.  
@typescript-eslint/no-unsafe-member-access
89:31  Warning: Unsafe member access [field] on an `any` value.  
@typescript-eslint/no-unsafe-member-access
97:13  Warning: Unsafe member access .updated_at on an `any` value.  
@typescript-eslint/no-unsafe-member-access
99:19  Warning: Unsafe object destructuring of a property with an `any` value. 
 @typescript-eslint/no-unsafe-assignment
111:32  Warning: Unsafe assignment of an `any` value.  
@typescript-eslint/no-unsafe-assignment

./app/api/notifications/route.ts
219:13  Warning: Unsafe assignment of an `any` value.  
@typescript-eslint/no-unsafe-assignment
220:13  Warning: Unsafe assignment of an `any` value.  
@typescript-eslint/no-unsafe-assignment

./app/api/polls/route.ts
64:11  Warning: Unsafe assignment of an `any` value.  
@typescript-eslint/no-unsafe-assignment
65:11  Warning: Unsafe assignment of an `any` value.  
@typescript-eslint/no-unsafe-assignment
115:19  Warning: Unsafe object destructuring of a property with an `any` 
value.  @typescript-eslint/no-unsafe-assignment
118:9  Warning: Unsafe assignment of an `any` value.  
@typescript-eslint/no-unsafe-assignment
120:9  Warning: Unsafe assignment of an `any` value.  
@typescript-eslint/no-unsafe-assignment
121:9  Warning: Unsafe assignment of an `any` value.  
@typescript-eslint/no-unsafe-assignment
122:9  Warning: Unsafe assignment of an `any` value.  
@typescript-eslint/no-unsafe-assignment
123:9  Warning: Unsafe assignment of an `any` value.  
@typescript-eslint/no-unsafe-assignment
124:9  Warning: Unsafe assignment of an `any` value.  
@typescript-eslint/no-unsafe-assignment
133:7  Warning: Unsafe assignment of an `any` value.  
@typescript-eslint/no-unsafe-assignment
133:21  Warning: Unsafe member access .id on an `any` value.  
@typescript-eslint/no-unsafe-member-access
142:59  Warning: Unsafe member access .id on an `any` value.  
@typescript-eslint/no-unsafe-member-access
149:7  Warning: Unsafe assignment of an `any` value.  
@typescript-eslint/no-unsafe-assignment

./app/api/polls/[id]/analytics/route.ts
66:57  Error: Unexpected any. Specify a different type.  
@typescript-eslint/no-explicit-any
66:67  Warning: Unsafe member access .option_id on an `any` value.  
@typescript-eslint/no-unsafe-member-access
67:17  Warning: Unsafe assignment of an `any` value.  
@typescript-eslint/no-unsafe-assignment
67:57  Error: Unexpected any. Specify a different type.  
@typescript-eslint/no-explicit-any
67:67  Warning: Unsafe member access .id on an `any` value.  
@typescript-eslint/no-unsafe-member-access
70:13  Warning: Unsafe assignment of an `any` value.  
@typescript-eslint/no-unsafe-assignment
71:13  Warning: Unsafe assignment of an `any` value.  
@typescript-eslint/no-unsafe-assignment
72:13  Warning: Unsafe assignment of an `any` value.  
@typescript-eslint/no-unsafe-assignment
73:44  Error: Unexpected any. Specify a different type.  
@typescript-eslint/no-explicit-any
74:15  Warning: Unsafe assignment of an `any` value.  
@typescript-eslint/no-unsafe-assignment
74:30  Warning: Unsafe member access .recorded_at on an `any` value.  
@typescript-eslint/no-unsafe-member-access
75:15  Warning: Unsafe assignment of an `any` value.  
@typescript-eslint/no-unsafe-assignment
75:29  Warning: Unsafe member access .vote_count on an `any` value.  
@typescript-eslint/no-unsafe-member-access
100:11  Warning: Unsafe assignment of an `any` value.  
@typescript-eslint/no-unsafe-assignment
101:11  Warning: Unsafe assignment of an `any` value.  
@typescript-eslint/no-unsafe-assignment
101:31  Warning: Unsafe member access .interval on an `any` value.  
@typescript-eslint/no-unsafe-member-access
126:7  Warning: Unsafe assignment of an `any` value.  
@typescript-eslint/no-unsafe-assignment

./app/api/polls/[id]/comments/route.ts
6:61  Error: Unexpected any. Specify a different type.  
@typescript-eslint/no-explicit-any
11:11  Warning: Unsafe assignment of an `any` value.  
@typescript-eslint/no-unsafe-assignment
11:37  Warning: Unsafe call of a(n) `any` typed value.  
@typescript-eslint/no-unsafe-call
11:37  Warning: Unsafe call of a(n) `any` typed value.  
@typescript-eslint/no-unsafe-call
11:37  Warning: Unsafe call of a(n) `any` typed value.  
@typescript-eslint/no-unsafe-call
11:37  Warning: Unsafe call of a(n) `any` typed value.  
@typescript-eslint/no-unsafe-call
12:8  Warning: Unsafe member access .from on an `any` value.  
@typescript-eslint/no-unsafe-member-access
13:8  Warning: Unsafe member access .select on an `any` value.  
@typescript-eslint/no-unsafe-member-access
14:8  Warning: Unsafe member access .eq on an `any` value.  
@typescript-eslint/no-unsafe-member-access
15:8  Warning: Unsafe member access .single on an `any` value.  
@typescript-eslint/no-unsafe-member-access
17:30  Warning: Unsafe member access .parent_comment_id on an `any` value.  
@typescript-eslint/no-unsafe-member-access
21:5  Warning: Unsafe assignment of an `any` value.  
@typescript-eslint/no-unsafe-assignment
21:25  Warning: Unsafe member access .parent_comment_id on an `any` value.  
@typescript-eslint/no-unsafe-member-access
83:9  Warning: Unsafe assignment of an `any` value.  
@typescript-eslint/no-unsafe-assignment
164:41  Warning: Unsafe member access .owner_id on an `any` value.  
@typescript-eslint/no-unsafe-member-access
165:38  Warning: Unsafe member access .owner_id on an `any` value.  
@typescript-eslint/no-unsafe-member-access
167:17  Warning: Unsafe assignment of an `any` value.  
@typescript-eslint/no-unsafe-assignment
167:58  Warning: Unsafe member access .owner_id on an `any` value.  
@typescript-eslint/no-unsafe-member-access
168:11  Warning: Unsafe call of a(n) `any` typed value.  
@typescript-eslint/no-unsafe-call
168:25  Warning: Unsafe member access .push on an `any` value.  
@typescript-eslint/no-unsafe-member-access
169:36  Warning: Unsafe member access .owner_id on an `any` value.  
@typescript-eslint/no-unsafe-member-access
180:11  Warning: Unsafe assignment of an `any` value.  
@typescript-eslint/no-unsafe-assignment
214:11  Warning: Unsafe assignment of an `any` value.  
@typescript-eslint/no-unsafe-assignment
215:11  Warning: Unsafe assignment of an `any` value.  
@typescript-eslint/no-unsafe-assignment
217:18  Warning: Unsafe call of a(n) `any` typed value.  
@typescript-eslint/no-unsafe-call
217:23  Warning: Unsafe member access .trim on an `any` value.  
@typescript-eslint/no-unsafe-member-access
217:30  Warning: Unsafe member access .length on an `any` value.  
@typescript-eslint/no-unsafe-member-access
285:19  Warning: Unsafe object destructuring of a property with an `any` 
value.  @typescript-eslint/no-unsafe-assignment
290:9  Warning: Unsafe assignment of an `any` value.  
@typescript-eslint/no-unsafe-assignment
291:9  Warning: Unsafe assignment of an `any` value.  
@typescript-eslint/no-unsafe-assignment
292:9  Warning: Unsafe assignment of an `any` value.  
@typescript-eslint/no-unsafe-assignment
292:35  Warning: Unsafe member access .length on an `any` value.  
@typescript-eslint/no-unsafe-member-access
311:36  Warning: Unsafe member access .length on an `any` value.  
@typescript-eslint/no-unsafe-member-access
312:13  Warning: Unsafe assignment of an `any` value.  
@typescript-eslint/no-unsafe-assignment
312:34  Warning: Unsafe call of a(n) `any` typed value.  
@typescript-eslint/no-unsafe-call
312:46  Warning: Unsafe member access .map on an `any` value.  
@typescript-eslint/no-unsafe-member-access
312:57  Error: Unexpected any. Specify a different type.  
@typescript-eslint/no-explicit-any
314:9  Warning: Unsafe assignment of an `any` value.  
@typescript-eslint/no-unsafe-assignment
314:27  Warning: Unsafe member access .id on an `any` value.  
@typescript-eslint/no-unsafe-member-access
315:9  Warning: Unsafe assignment of an `any` value.  
@typescript-eslint/no-unsafe-assignment
315:26  Warning: Unsafe member access .mediaType on an `any` value.  
@typescript-eslint/no-unsafe-member-access
316:9  Warning: Unsafe assignment of an `any` value.  
@typescript-eslint/no-unsafe-assignment
316:19  Warning: Unsafe member access .url on an `any` value.  
@typescript-eslint/no-unsafe-member-access
317:9  Warning: Unsafe assignment of an `any` value.  
@typescript-eslint/no-unsafe-assignment
317:24  Warning: Unsafe member access .variants on an `any` value.  
@typescript-eslint/no-unsafe-member-access
319:9  Warning: Unsafe assignment of an `any` value.  
@typescript-eslint/no-unsafe-assignment
319:24  Warning: Unsafe member access .duration on an `any` value.  
@typescript-eslint/no-unsafe-member-access
320:9  Warning: Unsafe assignment of an `any` value.  
@typescript-eslint/no-unsafe-assignment
320:29  Warning: Unsafe member access .thumbnailUrl on an `any` value.  
@typescript-eslint/no-unsafe-member-access
321:9  Warning: Unsafe assignment of an `any` value.  
@typescript-eslint/no-unsafe-assignment
321:25  Warning: Unsafe member access .fileSize on an `any` value.  
@typescript-eslint/no-unsafe-member-access
322:9  Warning: Unsafe assignment of an `any` value.  
@typescript-eslint/no-unsafe-assignment
322:25  Warning: Unsafe member access .mimeType on an `any` value.  
@typescript-eslint/no-unsafe-member-access
323:9  Warning: Unsafe assignment of an `any` value.  
@typescript-eslint/no-unsafe-assignment
323:24  Warning: Unsafe member access .altText on an `any` value.  
@typescript-eslint/no-unsafe-member-access
341:33  Warning: Unsafe member access .id on an `any` value.  
@typescript-eslint/no-unsafe-member-access
347:9  Warning: Unsafe assignment of an `any` value.  
@typescript-eslint/no-unsafe-assignment
357:7  Warning: Unsafe assignment of an `any` value.  
@typescript-eslint/no-unsafe-assignment

./app/api/polls/[id]/results/route.ts
12:19  Warning: Unsafe object destructuring of a property with an `any` value. 
 @typescript-eslint/no-unsafe-assignment
30:11  Warning: Unsafe assignment of an `any` value.  
@typescript-eslint/no-unsafe-assignment
30:27  Warning: Unsafe call of a(n) `any` typed value.  
@typescript-eslint/no-unsafe-call
30:32  Warning: Unsafe member access .options on an `any` value.  
@typescript-eslint/no-unsafe-member-access
36:7  Warning: Unsafe assignment of an `any` value.  
@typescript-eslint/no-unsafe-assignment
38:9  Warning: Unsafe assignment of an `any` value.  
@typescript-eslint/no-unsafe-assignment

./app/api/polls/[id]/route.ts
18:19  Warning: Unsafe object destructuring of a property with an `any` value. 
 @typescript-eslint/no-unsafe-assignment
52:9  Warning: Unsafe assignment of an `any` value.  
@typescript-eslint/no-unsafe-assignment
57:11  Warning: Unsafe assignment of an `any` value.  
@typescript-eslint/no-unsafe-assignment
57:27  Warning: Unsafe call of a(n) `any` typed value.  
@typescript-eslint/no-unsafe-call
57:32  Warning: Unsafe member access .options on an `any` value.  
@typescript-eslint/no-unsafe-member-access
63:7  Warning: Unsafe assignment of an `any` value.  
@typescript-eslint/no-unsafe-assignment
65:9  Warning: Unsafe assignment of an `any` value.  
@typescript-eslint/no-unsafe-assignment
67:9  Warning: Unsafe assignment of an `any` value.  
@typescript-eslint/no-unsafe-assignment

./app/api/polls/[id]/vote/route.ts
9:11  Warning: Unsafe assignment of an `any` value.  
@typescript-eslint/no-unsafe-assignment
10:11  Warning: Unsafe assignment of an `any` value.  
@typescript-eslint/no-unsafe-assignment
28:19  Warning: Unsafe object destructuring of a property with an `any` value. 
 @typescript-eslint/no-unsafe-assignment
39:28  Warning: Unsafe member access .expires_at on an `any` value.  
@typescript-eslint/no-unsafe-member-access
44:11  Warning: Unsafe assignment of an `any` value.  
@typescript-eslint/no-unsafe-assignment
44:20  Warning: Unsafe call of a(n) `any` typed value.  
@typescript-eslint/no-unsafe-call
44:25  Warning: Unsafe member access .options on an `any` value.  
@typescript-eslint/no-unsafe-member-access
54:19  Warning: Unsafe object destructuring of a property with an `any` value. 
 @typescript-eslint/no-unsafe-assignment
68:7  Warning: Unsafe assignment of an `any` value.  
@typescript-eslint/no-unsafe-assignment
77:7  Warning: Unsafe assignment of an `any` value.  
@typescript-eslint/no-unsafe-assignment
83:17  Warning: Unsafe assignment of an `any` value.  
@typescript-eslint/no-unsafe-assignment
83:36  Warning: Unsafe member access .total_votes on an `any` value.  
@typescript-eslint/no-unsafe-member-access
98:9  Warning: Unsafe assignment of an `any` value.  
@typescript-eslint/no-unsafe-assignment
98:28  Warning: Unsafe member access .total_votes on an `any` value.  
@typescript-eslint/no-unsafe-member-access

./app/api/posts/route.ts
71:11  Warning: Unsafe assignment of an `any` value.  
@typescript-eslint/no-unsafe-assignment
72:11  Warning: Unsafe assignment of an `any` value.  
@typescript-eslint/no-unsafe-assignment
92:14  Warning: Unsafe call of a(n) `any` typed value.  
@typescript-eslint/no-unsafe-call
92:20  Warning: Unsafe member access .substring on an `any` value.  
@typescript-eslint/no-unsafe-member-access
115:19  Warning: Unsafe object destructuring of a property with an `any` 
value.  @typescript-eslint/no-unsafe-assignment
118:9  Warning: Unsafe assignment of an `any` value.  
@typescript-eslint/no-unsafe-assignment
120:9  Warning: Unsafe assignment of an `any` value.  
@typescript-eslint/no-unsafe-assignment
121:9  Warning: Unsafe assignment of an `any` value.  
@typescript-eslint/no-unsafe-assignment
122:9  Warning: Unsafe assignment of an `any` value.  
@typescript-eslint/no-unsafe-assignment
123:9  Warning: Unsafe assignment of an `any` value.  
@typescript-eslint/no-unsafe-assignment
131:20  Warning: Unsafe member access .id on an `any` value.  
@typescript-eslint/no-unsafe-member-access

./app/api/posts/[id]/announcement/route.ts
9:11  Warning: Unsafe assignment of an `any` value.  
@typescript-eslint/no-unsafe-assignment
10:11  Warning: Unsafe assignment of an `any` value.  
@typescript-eslint/no-unsafe-assignment
44:14  Error: 'error' is defined but never used.  
@typescript-eslint/no-unused-vars
52:19  Warning: Unsafe object destructuring of a property with an `any` value. 
 @typescript-eslint/no-unsafe-assignment
64:7  Warning: Unsafe assignment of an `any` value.  
@typescript-eslint/no-unsafe-assignment

./app/api/posts/[id]/comments/enhanced/route.ts
69:11  Warning: Unsafe assignment of an `any` value.  
@typescript-eslint/no-unsafe-assignment
69:41  Error: Unexpected any. Specify a different type.  
@typescript-eslint/no-explicit-any
70:11  Warning: Unsafe assignment of an `any` value.  
@typescript-eslint/no-unsafe-assignment
70:42  Warning: Unsafe member access .max_thread_depth on an `any` value.  
@typescript-eslint/no-unsafe-member-access
71:11  Warning: Unsafe assignment of an `any` value.  
@typescript-eslint/no-unsafe-assignment
71:42  Warning: Unsafe member access .comments_per_page on an `any` value.  
@typescript-eslint/no-unsafe-member-access
72:11  Warning: Unsafe assignment of an `any` value.  
@typescript-eslint/no-unsafe-assignment
72:45  Warning: Unsafe member access .default_comment_sort on an `any` value.  
@typescript-eslint/no-unsafe-member-access
81:7  Warning: Unsafe assignment of an `any` value.  
@typescript-eslint/no-unsafe-assignment
84:19  Warning: Unsafe object destructuring of a property with an `any` value. 
 @typescript-eslint/no-unsafe-assignment
92:9  Warning: Unsafe assignment of an `any` value.  
@typescript-eslint/no-unsafe-assignment
139:44  Warning: Unsafe member access .comments on an `any` value.  
@typescript-eslint/no-unsafe-member-access
140:46  Warning: Unsafe member access .pagination on an `any` value.  
@typescript-eslint/no-unsafe-member-access
143:23  Error: Unexpected any. Specify a different type.  
@typescript-eslint/no-explicit-any
154:11  Warning: Unsafe assignment of an `any` value.  
@typescript-eslint/no-unsafe-assignment
163:15  Warning: Unsafe assignment of an `any` value.  
@typescript-eslint/no-unsafe-assignment
166:22  Warning: Unsafe member access .comments on an `any` value.  
@typescript-eslint/no-unsafe-member-access
166:55  Warning: Unsafe member access .pagination on an `any` value.  
@typescript-eslint/no-unsafe-member-access
167:13  Warning: Unsafe assignment of an `any` value.  
@typescript-eslint/no-unsafe-assignment
172:15  Warning: Unsafe assignment of an `any` value.  
@typescript-eslint/no-unsafe-assignment
172:34  Warning: Unsafe member access .pagination on an `any` value.  
@typescript-eslint/no-unsafe-member-access
204:32  Warning: Unsafe member access .comments on an `any` value.  
@typescript-eslint/no-unsafe-member-access
205:32  Warning: Unsafe member access .pagination on an `any` value.  
@typescript-eslint/no-unsafe-member-access
208:9  Warning: Unsafe assignment of an `any` value.  
@typescript-eslint/no-unsafe-assignment
220:30  Error: Unexpected any. Specify a different type.  
@typescript-eslint/no-explicit-any
221:15  Warning: Unsafe assignment of an `any` value.  
@typescript-eslint/no-unsafe-assignment
221:53  Error: Unexpected any. Specify a different type.  
@typescript-eslint/no-explicit-any
228:19  Warning: Unsafe assignment of an `any` value.  
@typescript-eslint/no-unsafe-assignment
228:34  Error: Unexpected any. Specify a different type.  
@typescript-eslint/no-explicit-any
229:21  Warning: Unsafe member access .totalComments on an `any` value.  
@typescript-eslint/no-unsafe-member-access
229:56  Warning: Unsafe member access .page on an `any` value.  
@typescript-eslint/no-unsafe-member-access
230:15  Warning: Unsafe assignment of an `any` value.  
@typescript-eslint/no-unsafe-assignment
239:13  Warning: Unsafe assignment of an `any` value.  
@typescript-eslint/no-unsafe-assignment
248:17  Warning: Unsafe assignment of an `any` value.  
@typescript-eslint/no-unsafe-assignment
248:55  Error: Unexpected any. Specify a different type.  
@typescript-eslint/no-explicit-any
249:25  Warning: Unsafe member access .data on an `any` value.  
@typescript-eslint/no-unsafe-member-access
250:19  Warning: Unsafe assignment of an `any` value.  
@typescript-eslint/no-unsafe-assignment
250:36  Warning: Unsafe member access .data on an `any` value.  
@typescript-eslint/no-unsafe-member-access
251:22  Warning: Unsafe member access .comments on an `any` value.  
@typescript-eslint/no-unsafe-member-access
251:53  Warning: Unsafe member access .pagination on an `any` value.  
@typescript-eslint/no-unsafe-member-access
252:15  Warning: Unsafe assignment of an `any` value.  
@typescript-eslint/no-unsafe-assignment
259:19  Warning: Unsafe assignment of an `any` value.  
@typescript-eslint/no-unsafe-assignment
272:17  Warning: Unsafe assignment of an `any` value.  
@typescript-eslint/no-unsafe-assignment
292:11  Warning: Unsafe assignment of an `any` value.  
@typescript-eslint/no-unsafe-assignment
301:33  Warning: Unsafe member access .comments on an `any` value.  
@typescript-eslint/no-unsafe-member-access
302:51  Warning: Unsafe member access .comments on an `any` value.  
@typescript-eslint/no-unsafe-member-access
303:7  Warning: Unsafe assignment of an `any` value.  
@typescript-eslint/no-unsafe-assignment
303:50  Warning: Unsafe member access .comments on an `any` value.  
@typescript-eslint/no-unsafe-member-access
303:75  Warning: Unsafe member access .comments on an `any` value.  
@typescript-eslint/no-unsafe-member-access
304:35  Warning: Unsafe member access .pagination on an `any` value.  
@typescript-eslint/no-unsafe-member-access
308:22  Warning: Unsafe member access .error on an `any` value.  
@typescript-eslint/no-unsafe-member-access
309:72  Warning: Unsafe member access .error on an `any` value.  
@typescript-eslint/no-unsafe-member-access
313:11  Warning: Unsafe assignment of an `any` value.  
@typescript-eslint/no-unsafe-assignment
313:33  Warning: Unsafe member access .error on an `any` value.  
@typescript-eslint/no-unsafe-member-access
323:36  Warning: Unsafe member access .comments on an `any` value.  
@typescript-eslint/no-unsafe-member-access
324:7  Warning: Unsafe assignment of an `any` value.  
@typescript-eslint/no-unsafe-assignment
324:40  Warning: Unsafe member access .comments on an `any` value.  
@typescript-eslint/no-unsafe-member-access
325:36  Warning: Unsafe member access .comments on an `any` value.  
@typescript-eslint/no-unsafe-member-access
328:15  Warning: Unsafe assignment of an `any` value.  
@typescript-eslint/no-unsafe-assignment
328:48  Warning: Unsafe member access .comments on an `any` value.  
@typescript-eslint/no-unsafe-member-access
334:29  Warning: Unsafe member access .comments on an `any` value.  
@typescript-eslint/no-unsafe-member-access
336:41  Warning: Unsafe member access .comments on an `any` value.  
@typescript-eslint/no-unsafe-member-access
343:7  Warning: Unsafe assignment of an `any` value.  
@typescript-eslint/no-unsafe-assignment
343:32  Warning: Unsafe member access .pagination on an `any` value.  
@typescript-eslint/no-unsafe-member-access
344:45  Warning: Unsafe member access .comments on an `any` value.  
@typescript-eslint/no-unsafe-member-access
345:55  Warning: Unsafe member access .comments on an `any` value.  
@typescript-eslint/no-unsafe-member-access
356:13  Warning: Unsafe assignment of an `any` value.  
@typescript-eslint/no-unsafe-assignment
357:13  Warning: Unsafe assignment of an `any` value.  
@typescript-eslint/no-unsafe-assignment
357:41  Warning: Unsafe member access .pagination on an `any` value.  
@typescript-eslint/no-unsafe-member-access
363:13  Warning: Unsafe assignment of an `any` value.  
@typescript-eslint/no-unsafe-assignment
365:15  Warning: Unsafe assignment of an `any` value.  
@typescript-eslint/no-unsafe-assignment
366:15  Warning: Unsafe assignment of an `any` value.  
@typescript-eslint/no-unsafe-assignment
367:15  Warning: Unsafe assignment of an `any` value.  
@typescript-eslint/no-unsafe-assignment
379:56  Error: Unexpected any. Specify a different type.  
@typescript-eslint/no-explicit-any
379:72  Warning: Unsafe member access .id on an `any` value.  
@typescript-eslint/no-unsafe-member-access
391:39  Warning: Unsafe member access .owner_id on an `any` value.  
@typescript-eslint/no-unsafe-member-access
392:36  Warning: Unsafe member access .owner_id on an `any` value.  
@typescript-eslint/no-unsafe-member-access
394:9  Warning: Unsafe call of a(n) `any` typed value.  
@typescript-eslint/no-unsafe-call
394:34  Warning: Unsafe member access .owner_id on an `any` value.  
@typescript-eslint/no-unsafe-member-access
394:44  Warning: Unsafe member access .push on an `any` value.  
@typescript-eslint/no-unsafe-member-access
398:61  Error: Unexpected any. Specify a different type.  
@typescript-eslint/no-explicit-any
400:9  Warning: Unsafe assignment of an `any` value.  
@typescript-eslint/no-unsafe-assignment
400:49  Warning: Unsafe member access .id on an `any` value.  
@typescript-eslint/no-unsafe-member-access
401:9  Warning: Unsafe assignment of an `any` value.  
@typescript-eslint/no-unsafe-assignment
401:26  Warning: Unsafe member access .replies on an `any` value.  
@typescript-eslint/no-unsafe-member-access
418:7  Warning: Unsafe assignment of an `any` value.  
@typescript-eslint/no-unsafe-assignment
418:36  Warning: Unsafe member access .pagination on an `any` value.  
@typescript-eslint/no-unsafe-member-access
432:11  Warning: Unsafe assignment of an `any` value.  
@typescript-eslint/no-unsafe-assignment
433:11  Warning: Unsafe assignment of an `any` value.  
@typescript-eslint/no-unsafe-assignment
433:39  Warning: Unsafe member access .pagination on an `any` value.  
@typescript-eslint/no-unsafe-member-access
434:59  Error: Unexpected any. Specify a different type.  
@typescript-eslint/no-explicit-any
434:70  Warning: Unsafe member access .parent_comment_id on an `any` value.  
@typescript-eslint/no-unsafe-member-access
435:11  Warning: Unsafe assignment of an `any` value.  
@typescript-eslint/no-unsafe-assignment
435:37  Warning: Unsafe member access .pagination on an `any` value.  
@typescript-eslint/no-unsafe-member-access
441:11  Warning: Unsafe assignment of an `any` value.  
@typescript-eslint/no-unsafe-assignment
445:13  Warning: Unsafe assignment of an `any` value.  
@typescript-eslint/no-unsafe-assignment
446:13  Warning: Unsafe assignment of an `any` value.  
@typescript-eslint/no-unsafe-assignment
447:13  Warning: Unsafe assignment of an `any` value.  
@typescript-eslint/no-unsafe-assignment
467:11  Warning: Unsafe assignment of an `any` value.  
@typescript-eslint/no-unsafe-assignment
468:11  Warning: Unsafe assignment of an `any` value.  
@typescript-eslint/no-unsafe-assignment
470:18  Warning: Unsafe call of a(n) `any` typed value.  
@typescript-eslint/no-unsafe-call
470:23  Warning: Unsafe member access .trim on an `any` value.  
@typescript-eslint/no-unsafe-member-access
470:30  Warning: Unsafe member access .length on an `any` value.  
@typescript-eslint/no-unsafe-member-access
489:41  Warning: Unsafe member access .length on an `any` value.  
@typescript-eslint/no-unsafe-member-access
490:46  Warning: Unsafe member access .length on an `any` value.  
@typescript-eslint/no-unsafe-member-access
494:21  Warning: Unsafe object destructuring of a property with an `any` 
value.  @typescript-eslint/no-unsafe-assignment
495:9  Warning: Unsafe assignment of an `any` value.  
@typescript-eslint/no-unsafe-assignment
498:30  Warning: Unsafe member access [0] on an `any` value.  
@typescript-eslint/no-unsafe-member-access
502:23  Warning: Unsafe object destructuring of a property with an `any` 
value.  @typescript-eslint/no-unsafe-assignment
504:11  Warning: Unsafe assignment of an `any` value.  
@typescript-eslint/no-unsafe-assignment
505:11  Warning: Unsafe assignment of an `any` value.  
@typescript-eslint/no-unsafe-assignment
527:19  Warning: Unsafe object destructuring of a property with an `any` 
value.  @typescript-eslint/no-unsafe-assignment
531:9  Warning: Unsafe assignment of an `any` value.  
@typescript-eslint/no-unsafe-assignment
531:17  Warning: Unsafe call of a(n) `any` typed value.  
@typescript-eslint/no-unsafe-call
531:22  Warning: Unsafe member access .trim on an `any` value.  
@typescript-eslint/no-unsafe-member-access
532:9  Warning: Unsafe assignment of an `any` value.  
@typescript-eslint/no-unsafe-assignment
545:11  Warning: Unsafe assignment of an `any` value.  
@typescript-eslint/no-unsafe-assignment
545:31  Warning: Unsafe member access [0] on an `any` value.  
@typescript-eslint/no-unsafe-member-access
547:17  Warning: Unsafe member access .success on an `any` value.  
@typescript-eslint/no-unsafe-member-access
548:30  Warning: Unsafe member access .error_message on an `any` value.  
@typescript-eslint/no-unsafe-member-access
551:68  Warning: Unsafe member access .comment_id on an `any` value.  
@typescript-eslint/no-unsafe-member-access
554:19  Warning: Unsafe object destructuring of a property with an `any` 
value.  @typescript-eslint/no-unsafe-assignment
563:24  Warning: Unsafe member access .comment_id on an `any` value.  
@typescript-eslint/no-unsafe-member-access
569:9  Warning: Unsafe assignment of an `any` value.  
@typescript-eslint/no-unsafe-assignment
571:11  Warning: Unsafe assignment of an `any` value.  
@typescript-eslint/no-unsafe-assignment
571:32  Warning: Unsafe member access .thread_depth on an `any` value.  
@typescript-eslint/no-unsafe-member-access
572:11  Warning: Unsafe assignment of an `any` value.  
@typescript-eslint/no-unsafe-assignment
572:35  Warning: Unsafe member access .is_continuation on an `any` value.  
@typescript-eslint/no-unsafe-member-access

./app/api/posts/[id]/comments/route.ts
52:11  Warning: Unsafe assignment of an `any` value.  
@typescript-eslint/no-unsafe-assignment
53:11  Warning: Unsafe assignment of an `any` value.  
@typescript-eslint/no-unsafe-assignment
55:18  Warning: Unsafe call of a(n) `any` typed value.  
@typescript-eslint/no-unsafe-call
55:23  Warning: Unsafe member access .trim on an `any` value.  
@typescript-eslint/no-unsafe-member-access
55:30  Warning: Unsafe member access .length on an `any` value.  
@typescript-eslint/no-unsafe-member-access
118:19  Warning: Unsafe object destructuring of a property with an `any` 
value.  @typescript-eslint/no-unsafe-assignment
123:9  Warning: Unsafe assignment of an `any` value.  
@typescript-eslint/no-unsafe-assignment
124:9  Warning: Unsafe assignment of an `any` value.  
@typescript-eslint/no-unsafe-assignment
139:7  Warning: Unsafe assignment of an `any` value.  
@typescript-eslint/no-unsafe-assignment

./app/api/posts/[id]/edit-history/route.ts
59:11  Warning: Unsafe assignment of an `any` value.  
@typescript-eslint/no-unsafe-assignment
59:41  Error: Unexpected any. Specify a different type.  
@typescript-eslint/no-explicit-any
60:21  Warning: Unsafe member access .edit_history_visible on an `any` value.  
@typescript-eslint/no-unsafe-member-access
68:19  Warning: Unsafe object destructuring of a property with an `any` value. 
 @typescript-eslint/no-unsafe-assignment
81:46  Warning: Unsafe member access .length on an `any` value.  
@typescript-eslint/no-unsafe-member-access
85:7  Warning: Unsafe assignment of an `any` value.  
@typescript-eslint/no-unsafe-assignment
88:9  Warning: Unsafe assignment of an `any` value.  
@typescript-eslint/no-unsafe-assignment
88:36  Warning: Unsafe member access .length on an `any` value.  
@typescript-eslint/no-unsafe-member-access
89:9  Warning: Unsafe assignment of an `any` value.  
@typescript-eslint/no-unsafe-assignment
89:36  Warning: Unsafe member access .edit_history_visible on an `any` value.  
@typescript-eslint/no-unsafe-member-access

./app/api/posts/[id]/pin/route.ts
9:11  Warning: Unsafe assignment of an `any` value.  
@typescript-eslint/no-unsafe-assignment
10:11  Warning: Unsafe assignment of an `any` value.  
@typescript-eslint/no-unsafe-assignment
44:14  Error: 'error' is defined but never used.  
@typescript-eslint/no-unused-vars
61:23  Error: Unexpected any. Specify a different type.  
@typescript-eslint/no-explicit-any
66:18  Warning: Unsafe member access .pinned_at on an `any` value.  
@typescript-eslint/no-unsafe-member-access
67:18  Warning: Unsafe member access .pinned_by on an `any` value.  
@typescript-eslint/no-unsafe-member-access
69:18  Warning: Unsafe member access .pinned_at on an `any` value.  
@typescript-eslint/no-unsafe-member-access
70:18  Warning: Unsafe member access .pinned_by on an `any` value.  
@typescript-eslint/no-unsafe-member-access
73:19  Warning: Unsafe object destructuring of a property with an `any` value. 
 @typescript-eslint/no-unsafe-assignment
85:7  Warning: Unsafe assignment of an `any` value.  
@typescript-eslint/no-unsafe-assignment

./app/api/posts/[id]/route.ts
18:11  Warning: Unsafe assignment of an `any` value.  
@typescript-eslint/no-unsafe-assignment
19:11  Warning: Unsafe assignment of an `any` value.  
@typescript-eslint/no-unsafe-assignment
44:19  Warning: Unsafe object destructuring of a property with an `any` value. 
 @typescript-eslint/no-unsafe-assignment
55:14  Warning: Unsafe member access .author_id on an `any` value.  
@typescript-eslint/no-unsafe-member-access
60:37  Warning: Unsafe member access .created_at on an `any` value.  
@typescript-eslint/no-unsafe-member-access
69:14  Warning: Unsafe member access .is_deleted on an `any` value.  
@typescript-eslint/no-unsafe-member-access
78:16  Warning: Unsafe assignment of an `any` value.  
@typescript-eslint/no-unsafe-assignment
79:19  Warning: Unsafe assignment of an `any` value.  
@typescript-eslint/no-unsafe-assignment
81:19  Warning: Unsafe object destructuring of a property with an `any` value. 
 @typescript-eslint/no-unsafe-assignment

./app/api/posts/[id]/view/route.ts
9:11  Warning: Unsafe assignment of an `any` value.  
@typescript-eslint/no-unsafe-assignment
42:9  Warning: Unsafe assignment of an `any` value.  
@typescript-eslint/no-unsafe-assignment
51:9  Warning: Unsafe assignment of an `any` value.  
@typescript-eslint/no-unsafe-assignment
81:9  Warning: Unsafe assignment of an `any` value.  
@typescript-eslint/no-unsafe-assignment

./app/api/posts/[id]/vote/route.ts
8:11  Warning: Unsafe assignment of an `any` value.  
@typescript-eslint/no-unsafe-assignment
26:19  Warning: Unsafe object destructuring of a property with an `any` value. 
 @typescript-eslint/no-unsafe-assignment
35:24  Warning: Unsafe member access .vote_type on an `any` value.  
@typescript-eslint/no-unsafe-member-access
37:69  Warning: Unsafe member access .id on an `any` value.  
@typescript-eslint/no-unsafe-member-access
40:47  Warning: Unsafe assignment of an `any` value.  
@typescript-eslint/no-unsafe-assignment
40:82  Warning: Unsafe member access .id on an `any` value.  
@typescript-eslint/no-unsafe-member-access
48:9  Warning: Unsafe assignment of an `any` value.  
@typescript-eslint/no-unsafe-assignment
95:9  Warning: Unsafe assignment of an `any` value.  
@typescript-eslint/no-unsafe-assignment
96:9  Warning: Unsafe assignment of an `any` value.  
@typescript-eslint/no-unsafe-assignment
97:9  Warning: Unsafe assignment of an `any` value.  
@typescript-eslint/no-unsafe-assignment

./app/api/profile/activity/route.ts
51:13  Warning: Unsafe assignment of an `any` value.  
@typescript-eslint/no-unsafe-assignment
53:13  Warning: Unsafe assignment of an `any` value.  
@typescript-eslint/no-unsafe-assignment
83:13  Warning: Unsafe assignment of an `any` value.  
@typescript-eslint/no-unsafe-assignment
85:13  Warning: Unsafe assignment of an `any` value.  
@typescript-eslint/no-unsafe-assignment

./app/api/profile/delete/route.ts
9:11  Warning: Unsafe assignment of an `any` value.  
@typescript-eslint/no-unsafe-assignment
10:11  Warning: Unsafe assignment of an `any` value.  
@typescript-eslint/no-unsafe-assignment

./app/api/profile/route.ts
23:19  Warning: Unsafe object destructuring of a property with an `any` value. 
 @typescript-eslint/no-unsafe-assignment
34:19  Warning: Unsafe object destructuring of a property with an `any` value. 
 @typescript-eslint/no-unsafe-assignment
38:19  Warning: Unsafe object destructuring of a property with an `any` value. 
 @typescript-eslint/no-unsafe-assignment
42:19  Warning: Unsafe object destructuring of a property with an `any` value. 
 @typescript-eslint/no-unsafe-assignment
46:19  Warning: Unsafe object destructuring of a property with an `any` value. 
 @typescript-eslint/no-unsafe-assignment
50:19  Warning: Unsafe object destructuring of a property with an `any` value. 
 @typescript-eslint/no-unsafe-assignment
55:19  Warning: Unsafe object destructuring of a property with an `any` value. 
 @typescript-eslint/no-unsafe-assignment
87:11  Warning: Unsafe assignment of an `any` value.  
@typescript-eslint/no-unsafe-assignment
90:9  Warning: Unsafe assignment of an `any` value.  
@typescript-eslint/no-unsafe-assignment
91:9  Warning: Unsafe assignment of an `any` value.  
@typescript-eslint/no-unsafe-assignment
92:9  Warning: Unsafe assignment of an `any` value.  
@typescript-eslint/no-unsafe-assignment
93:9  Warning: Unsafe assignment of an `any` value.  
@typescript-eslint/no-unsafe-assignment
94:9  Warning: Unsafe assignment of an `any` value.  
@typescript-eslint/no-unsafe-assignment
95:9  Warning: Unsafe assignment of an `any` value.  
@typescript-eslint/no-unsafe-assignment
98:7  Warning: Unsafe assignment of an `any` value.  
@typescript-eslint/no-unsafe-assignment
105:7  Warning: Unsafe assignment of an `any` value.  
@typescript-eslint/no-unsafe-assignment
121:11  Warning: Unsafe assignment of an `any` value.  
@typescript-eslint/no-unsafe-assignment
122:11  Warning: Unsafe assignment of an `any` value.  
@typescript-eslint/no-unsafe-assignment
150:19  Warning: Unsafe object destructuring of a property with an `any` 
value.  @typescript-eslint/no-unsafe-assignment
162:7  Warning: Unsafe assignment of an `any` value.  
@typescript-eslint/no-unsafe-assignment

./app/api/reports/route.ts
71:11  Warning: Unsafe assignment of an `any` value.  
@typescript-eslint/no-unsafe-assignment
138:7  Warning: Unsafe assignment of an `any` value.  
@typescript-eslint/no-unsafe-assignment
146:7  Warning: Unsafe assignment of an `any` value.  
@typescript-eslint/no-unsafe-assignment
148:30  Warning: Unsafe member access .community_id on an `any` value.  
@typescript-eslint/no-unsafe-member-access
156:7  Warning: Unsafe assignment of an `any` value.  
@typescript-eslint/no-unsafe-assignment
160:19  Warning: Unsafe object destructuring of a property with an `any` 
value.  @typescript-eslint/no-unsafe-assignment
186:9  Warning: Unsafe assignment of an `any` value.  
@typescript-eslint/no-unsafe-assignment

./app/api/reports/[id]/route.ts
21:19  Warning: Unsafe object destructuring of a property with an `any` value. 
 @typescript-eslint/no-unsafe-assignment
41:7  Warning: Unsafe assignment of an `any` value.  
@typescript-eslint/no-unsafe-assignment
57:11  Warning: Unsafe assignment of an `any` value.  
@typescript-eslint/no-unsafe-assignment
58:11  Warning: Unsafe assignment of an `any` value.  
@typescript-eslint/no-unsafe-assignment
78:19  Warning: Unsafe object destructuring of a property with an `any` value. 
 @typescript-eslint/no-unsafe-assignment
81:9  Warning: Unsafe assignment of an `any` value.  
@typescript-eslint/no-unsafe-assignment
82:9  Warning: Unsafe assignment of an `any` value.  
@typescript-eslint/no-unsafe-assignment
95:7  Warning: Unsafe assignment of an `any` value.  
@typescript-eslint/no-unsafe-assignment

./app/api/upload/chunked/complete/route.ts
12:11  Warning: Unsafe assignment of an `any` value.  
@typescript-eslint/no-unsafe-assignment
13:11  Warning: Unsafe assignment of an `any` value.  
@typescript-eslint/no-unsafe-assignment
112:13  Warning: Unsafe assignment of an `any` value.  
@typescript-eslint/no-unsafe-assignment
113:13  Warning: Unsafe assignment of an `any` value.  
@typescript-eslint/no-unsafe-assignment

./app/api/upload/chunked/init/route.ts
12:11  Warning: Unsafe assignment of an `any` value.  
@typescript-eslint/no-unsafe-assignment
13:11  Warning: Unsafe assignment of an `any` value.  
@typescript-eslint/no-unsafe-assignment
27:21  Warning: Unsafe call of a(n) `any` typed value.  
@typescript-eslint/no-unsafe-call
27:30  Warning: Unsafe member access .startsWith on an `any` value.  
@typescript-eslint/no-unsafe-member-access
31:51  Warning: Unsafe call of a(n) `any` typed value.  
@typescript-eslint/no-unsafe-call
31:60  Warning: Unsafe member access .startsWith on an `any` value.  
@typescript-eslint/no-unsafe-member-access
39:38  Warning: Unsafe call of a(n) `any` typed value.  
@typescript-eslint/no-unsafe-call
39:47  Warning: Unsafe member access .startsWith on an `any` value.  
@typescript-eslint/no-unsafe-member-access
65:9  Warning: Unsafe assignment of an `any` value.  
@typescript-eslint/no-unsafe-assignment
67:9  Warning: Unsafe assignment of an `any` value.  
@typescript-eslint/no-unsafe-assignment
68:9  Warning: Unsafe assignment of an `any` value.  
@typescript-eslint/no-unsafe-assignment

./app/api/upload/multiple/route.ts
55:38  Error: Unexpected any. Specify a different type.  
@typescript-eslint/no-explicit-any
55:66  Error: Unexpected any. Specify a different type.  
@typescript-eslint/no-explicit-any
69:39  Error: Unexpected any. Specify a different type.  
@typescript-eslint/no-explicit-any
70:39  Error: Unexpected any. Specify a different type.  
@typescript-eslint/no-explicit-any
95:33  Error: Unexpected any. Specify a different type.  
@typescript-eslint/no-explicit-any
96:33  Error: Unexpected any. Specify a different type.  
@typescript-eslint/no-explicit-any
100:13  Warning: Unsafe assignment of an `any` value.  
@typescript-eslint/no-unsafe-assignment
100:29  Error: Unexpected any. Specify a different type.  
@typescript-eslint/no-explicit-any
100:34  Warning: Unsafe member access .name on an `any` value.  
@typescript-eslint/no-unsafe-member-access
101:13  Warning: Unsafe assignment of an `any` value.  
@typescript-eslint/no-unsafe-assignment
101:29  Error: Unexpected any. Specify a different type.  
@typescript-eslint/no-explicit-any
101:34  Warning: Unsafe member access .size on an `any` value.  
@typescript-eslint/no-unsafe-member-access

./app/api/upload/video/route.ts
32:11  Warning: Unsafe assignment of an `any` value.  
@typescript-eslint/no-unsafe-assignment
33:11  Warning: Unsafe assignment of an `any` value.  
@typescript-eslint/no-unsafe-assignment
89:11  Warning: Unsafe assignment of an `any` value.  
@typescript-eslint/no-unsafe-assignment
89:27  Warning: Unsafe call of a(n) `any` typed value.  
@typescript-eslint/no-unsafe-call
89:27  Warning: Unsafe call of a(n) `any` typed value.  
@typescript-eslint/no-unsafe-call
89:36  Warning: Unsafe member access .split on an `any` value.  
@typescript-eslint/no-unsafe-member-access
89:47  Warning: Unsafe member access .pop on an `any` value.  
@typescript-eslint/no-unsafe-member-access
125:9  Warning: Unsafe assignment of an `any` value.  
@typescript-eslint/no-unsafe-assignment

./app/api/users/[handle]/route.ts
45:19  Warning: Unsafe object destructuring of a property with an `any` value. 
 @typescript-eslint/no-unsafe-assignment
46:7  Warning: Unsafe assignment of an `any` value.  
@typescript-eslint/no-unsafe-assignment
49:19  Warning: Unsafe object destructuring of a property with an `any` value. 
 @typescript-eslint/no-unsafe-assignment
50:7  Warning: Unsafe assignment of an `any` value.  
@typescript-eslint/no-unsafe-assignment
53:19  Warning: Unsafe object destructuring of a property with an `any` value. 
 @typescript-eslint/no-unsafe-assignment
54:7  Warning: Unsafe assignment of an `any` value.  
@typescript-eslint/no-unsafe-assignment
57:19  Warning: Unsafe object destructuring of a property with an `any` value. 
 @typescript-eslint/no-unsafe-assignment
58:7  Warning: Unsafe assignment of an `any` value.  
@typescript-eslint/no-unsafe-assignment
61:19  Warning: Unsafe object destructuring of a property with an `any` value. 
 @typescript-eslint/no-unsafe-assignment
62:7  Warning: Unsafe assignment of an `any` value.  
@typescript-eslint/no-unsafe-assignment
80:7  Warning: Unsafe assignment of an `any` value.  
@typescript-eslint/no-unsafe-assignment
81:7  Warning: Unsafe assignment of an `any` value.  
@typescript-eslint/no-unsafe-assignment
82:7  Warning: Unsafe assignment of an `any` value.  
@typescript-eslint/no-unsafe-assignment
83:7  Warning: Unsafe assignment of an `any` value.  
@typescript-eslint/no-unsafe-assignment
83:48  Warning: Unsafe member access .show_location on an `any` value.  
@typescript-eslint/no-unsafe-member-access
84:7  Warning: Unsafe assignment of an `any` value.  
@typescript-eslint/no-unsafe-assignment
85:7  Warning: Unsafe assignment of an `any` value.  
@typescript-eslint/no-unsafe-assignment
86:7  Warning: Unsafe assignment of an `any` value.  
@typescript-eslint/no-unsafe-assignment
88:9  Warning: Unsafe assignment of an `any` value.  
@typescript-eslint/no-unsafe-assignment
89:9  Warning: Unsafe assignment of an `any` value.  
@typescript-eslint/no-unsafe-assignment
90:9  Warning: Unsafe assignment of an `any` value.  
@typescript-eslint/no-unsafe-assignment
91:9  Warning: Unsafe assignment of an `any` value.  
@typescript-eslint/no-unsafe-assignment
92:9  Warning: Unsafe assignment of an `any` value.  
@typescript-eslint/no-unsafe-assignment
93:9  Warning: Unsafe assignment of an `any` value.  
@typescript-eslint/no-unsafe-assignment
97:13  Warning: Unsafe assignment of an `any` value.  
@typescript-eslint/no-unsafe-assignment
98:13  Warning: Unsafe assignment of an `any` value.  
@typescript-eslint/no-unsafe-assignment
99:13  Warning: Unsafe assignment of an `any` value.  
@typescript-eslint/no-unsafe-assignment

./app/api/v2/analytics/location-stats/route.ts
33:19  Warning: Unsafe object destructuring of a property with an `any` value. 
 @typescript-eslint/no-unsafe-assignment
146:63  Error: Unexpected any. Specify a different type.  
@typescript-eslint/no-explicit-any
147:11  Warning: Unsafe assignment of an `any` value.  
@typescript-eslint/no-unsafe-assignment
147:25  Warning: Unsafe member access .location_city on an `any` value.  
@typescript-eslint/no-unsafe-member-access
149:11  Warning: Computed name [city] resolves to an `any` value.  
@typescript-eslint/no-unsafe-member-access
149:24  Warning: Computed name [city] resolves to an `any` value.  
@typescript-eslint/no-unsafe-member-access

./app/api/v2/artists/route.ts
47:21  Warning: Unsafe object destructuring of a property with an `any` value. 
 @typescript-eslint/no-unsafe-assignment
67:7  Warning: Unsafe assignment of an `any` value.  
@typescript-eslint/no-unsafe-assignment
67:14  Warning: Unsafe call of a(n) `any` typed value.  
@typescript-eslint/no-unsafe-call
67:36  Warning: Unsafe member access .slice on an `any` value.  
@typescript-eslint/no-unsafe-member-access

./app/api/v2/communities/route.ts
43:16  Error: Unexpected any. Specify a different type.  
@typescript-eslint/no-explicit-any
59:35  Error: Unexpected any. Specify a different type.  
@typescript-eslint/no-explicit-any
59:45  Warning: Unsafe member access .community on an `any` value.  
@typescript-eslint/no-unsafe-member-access
68:21  Warning: Unsafe object destructuring of a property with an `any` value. 
 @typescript-eslint/no-unsafe-assignment
87:7  Warning: Unsafe assignment of an `any` value.  
@typescript-eslint/no-unsafe-assignment
87:14  Warning: Unsafe call of a(n) `any` typed value.  
@typescript-eslint/no-unsafe-call
87:36  Warning: Unsafe member access .slice on an `any` value.  
@typescript-eslint/no-unsafe-member-access
124:49  Error: Unexpected any. Specify a different type.  
@typescript-eslint/no-explicit-any
124:59  Warning: Unsafe member access .id on an `any` value.  
@typescript-eslint/no-unsafe-member-access
133:59  Error: Unexpected any. Specify a different type.  
@typescript-eslint/no-explicit-any
133:70  Warning: Unsafe member access .community_id on an `any` value.  
@typescript-eslint/no-unsafe-member-access
133:86  Warning: Unsafe member access .role on an `any` value.  
@typescript-eslint/no-unsafe-member-access
136:53  Error: Unexpected any. Specify a different type.  
@typescript-eslint/no-explicit-any
137:17  Warning: Unsafe assignment of an `any` value.  
@typescript-eslint/no-unsafe-assignment
137:52  Warning: Unsafe member access .id on an `any` value.  
@typescript-eslint/no-unsafe-member-access
141:13  Warning: Unsafe assignment of an `any` value.  
@typescript-eslint/no-unsafe-assignment
146:62  Error: Unexpected any. Specify a different type.  
@typescript-eslint/no-explicit-any
146:72  Warning: Unsafe member access .community_id on an `any` value.  
@typescript-eslint/no-unsafe-member-access
147:48  Error: Unexpected any. Specify a different type.  
@typescript-eslint/no-explicit-any
147:59  Warning: Unsafe member access .is_private on an `any` value.  
@typescript-eslint/no-unsafe-member-access
147:96  Warning: Unsafe member access .id on an `any` value.  
@typescript-eslint/no-unsafe-member-access
150:48  Error: Unexpected any. Specify a different type.  
@typescript-eslint/no-explicit-any
150:59  Warning: Unsafe member access .is_private on an `any` value.  
@typescript-eslint/no-unsafe-member-access
154:46  Error: Unexpected any. Specify a different type.  
@typescript-eslint/no-explicit-any
154:57  Warning: Unsafe member access .is_private on an `any` value.  
@typescript-eslint/no-unsafe-member-access
190:14  Error: Unexpected any. Specify a different type.  
@typescript-eslint/no-explicit-any

./app/api/v2/events/route.ts
40:16  Error: Unexpected any. Specify a different type.  
@typescript-eslint/no-explicit-any
45:21  Warning: Unsafe object destructuring of a property with an `any` value. 
 @typescript-eslint/no-unsafe-assignment
65:7  Warning: Unsafe assignment of an `any` value.  
@typescript-eslint/no-unsafe-assignment
134:48  Error: Unexpected any. Specify a different type.  
@typescript-eslint/no-explicit-any
135:7  Warning: Unsafe assignment of an `any` value.  
@typescript-eslint/no-unsafe-assignment
135:17  Warning: Unsafe member access .id on an `any` value.  
@typescript-eslint/no-unsafe-member-access
136:7  Warning: Unsafe assignment of an `any` value.  
@typescript-eslint/no-unsafe-assignment
136:20  Warning: Unsafe member access .title on an `any` value.  
@typescript-eslint/no-unsafe-member-access
137:7  Warning: Unsafe assignment of an `any` value.  
@typescript-eslint/no-unsafe-assignment
137:26  Warning: Unsafe member access .description on an `any` value.  
@typescript-eslint/no-unsafe-member-access
138:7  Warning: Unsafe assignment of an `any` value.  
@typescript-eslint/no-unsafe-assignment
138:23  Warning: Unsafe member access .category on an `any` value.  
@typescript-eslint/no-unsafe-member-access
139:7  Warning: Unsafe assignment of an `any` value.  
@typescript-eslint/no-unsafe-assignment
139:20  Warning: Unsafe member access .venue on an `any` value.  
@typescript-eslint/no-unsafe-member-access
139:35  Warning: Unsafe member access .location_address on an `any` value.  
@typescript-eslint/no-unsafe-member-access
140:7  Warning: Unsafe assignment of an `any` value.  
@typescript-eslint/no-unsafe-assignment
140:19  Warning: Unsafe member access .location_city on an `any` value.  
@typescript-eslint/no-unsafe-member-access
141:7  Warning: Unsafe assignment of an `any` value.  
@typescript-eslint/no-unsafe-assignment
141:25  Warning: Unsafe member access .event_date on an `any` value.  
@typescript-eslint/no-unsafe-member-access
142:7  Warning: Unsafe assignment of an `any` value.  
@typescript-eslint/no-unsafe-assignment
142:24  Warning: Unsafe member access .image_url on an `any` value.  
@typescript-eslint/no-unsafe-member-access
143:7  Warning: Unsafe assignment of an `any` value.  
@typescript-eslint/no-unsafe-assignment
143:35  Warning: Unsafe member access .external_booking_url on an `any` value. 
 @typescript-eslint/no-unsafe-member-access
144:7  Warning: Unsafe assignment of an `any` value.  
@typescript-eslint/no-unsafe-assignment
144:21  Warning: Unsafe member access .source_platform on an `any` value.  
@typescript-eslint/no-unsafe-member-access
144:46  Warning: Unsafe member access .source on an `any` value.  
@typescript-eslint/no-unsafe-member-access
145:7  Warning: Unsafe assignment of an `any` value.  
@typescript-eslint/no-unsafe-assignment
145:30  Warning: Unsafe member access .source_platform on an `any` value.  
@typescript-eslint/no-unsafe-member-access
145:55  Warning: Unsafe member access .source on an `any` value.  
@typescript-eslint/no-unsafe-member-access
146:7  Warning: Unsafe assignment of an `any` value.  
@typescript-eslint/no-unsafe-assignment
146:20  Warning: Unsafe member access .ticket_info on an `any` value.  
@typescript-eslint/no-unsafe-member-access
146:41  Warning: Unsafe member access .price on an `any` value.  
@typescript-eslint/no-unsafe-member-access
147:7  Warning: Unsafe assignment of an `any` value.  
@typescript-eslint/no-unsafe-assignment
147:25  Warning: Unsafe member access .rsvp_count on an `any` value.  
@typescript-eslint/no-unsafe-member-access
148:7  Warning: Unsafe assignment of an `any` value.  
@typescript-eslint/no-unsafe-assignment
148:24  Warning: Unsafe member access .artist_id on an `any` value.  
@typescript-eslint/no-unsafe-member-access
149:7  Warning: Unsafe assignment of an `any` value.  
@typescript-eslint/no-unsafe-assignment
149:26  Warning: Unsafe member access .distance_km on an `any` value.  
@typescript-eslint/no-unsafe-member-access
197:32  Error: Unexpected any. Specify a different type.  
@typescript-eslint/no-explicit-any
198:38  Warning: Unsafe member access .event_date on an `any` value.  
@typescript-eslint/no-unsafe-member-access

./app/api/v2/feed/route.ts
47:16  Error: Unexpected any. Specify a different type.  
@typescript-eslint/no-explicit-any
95:21  Warning: Unsafe object destructuring of a property with an `any` value. 
 @typescript-eslint/no-unsafe-assignment
109:50  Warning: Unsafe member access .length on an `any` value.  
@typescript-eslint/no-unsafe-member-access
110:15  Warning: Unsafe assignment of an `any` value.  
@typescript-eslint/no-unsafe-assignment
110:30  Warning: Unsafe call of a(n) `any` typed value.  
@typescript-eslint/no-unsafe-call
110:48  Warning: Unsafe member access .map on an `any` value.  
@typescript-eslint/no-unsafe-member-access
110:56  Error: Unexpected any. Specify a different type.  
@typescript-eslint/no-explicit-any
110:66  Warning: Unsafe member access .id on an `any` value.  
@typescript-eslint/no-unsafe-member-access
141:13  Warning: Unsafe call of a(n) `any` typed value.  
@typescript-eslint/no-unsafe-call
141:31  Warning: Unsafe member access .map on an `any` value.  
@typescript-eslint/no-unsafe-member-access
141:39  Error: Unexpected any. Specify a different type.  
@typescript-eslint/no-explicit-any
141:50  Warning: Unsafe member access .id on an `any` value.  
@typescript-eslint/no-unsafe-member-access
141:56  Warning: Unsafe member access .distance_km on an `any` value.  
@typescript-eslint/no-unsafe-member-access
144:36  Error: Unexpected any. Specify a different type.  
@typescript-eslint/no-explicit-any
146:54  Warning: Unsafe member access .community_id on an `any` value.  
@typescript-eslint/no-unsafe-member-access
150:26  Error: Unexpected any. Specify a different type.  
@typescript-eslint/no-explicit-any
150:34  Error: Unexpected any. Specify a different type.  
@typescript-eslint/no-explicit-any
151:19  Warning: Unsafe assignment of an `any` value.  
@typescript-eslint/no-unsafe-assignment
151:29  Warning: Unsafe member access .distance_km on an `any` value.  
@typescript-eslint/no-unsafe-member-access
152:19  Warning: Unsafe assignment of an `any` value.  
@typescript-eslint/no-unsafe-assignment
152:29  Warning: Unsafe member access .distance_km on an `any` value.  
@typescript-eslint/no-unsafe-member-access
156:27  Warning: Unsafe member access .upvotes on an `any` value.  
@typescript-eslint/no-unsafe-member-access
156:46  Warning: Unsafe member access .upvotes on an `any` value.  
@typescript-eslint/no-unsafe-member-access
158:33  Warning: Unsafe member access .created_at on an `any` value.  
@typescript-eslint/no-unsafe-member-access
158:68  Warning: Unsafe member access .created_at on an `any` value.  
@typescript-eslint/no-unsafe-member-access
209:42  Error: Unexpected any. Specify a different type.  
@typescript-eslint/no-explicit-any
209:55  Warning: Unsafe member access .id on an `any` value.  
@typescript-eslint/no-unsafe-member-access
217:47  Error: Unexpected any. Specify a different type.  
@typescript-eslint/no-explicit-any
217:58  Warning: Unsafe member access .content_id on an `any` value.  
@typescript-eslint/no-unsafe-member-access
217:72  Warning: Unsafe member access .vote_type on an `any` value.  
@typescript-eslint/no-unsafe-member-access
221:40  Error: Unexpected any. Specify a different type.  
@typescript-eslint/no-explicit-any
221:53  Warning: Unsafe member access .id on an `any` value.  
@typescript-eslint/no-unsafe-member-access
230:43  Error: Unexpected any. Specify a different type.  
@typescript-eslint/no-explicit-any
234:36  Error: Unexpected any. Specify a different type.  
@typescript-eslint/no-explicit-any
235:32  Warning: Unsafe member access .owner_id on an `any` value.  
@typescript-eslint/no-unsafe-member-access
240:38  Warning: Unsafe member access .owner_id on an `any` value.  
@typescript-eslint/no-unsafe-member-access
241:35  Warning: Unsafe member access .owner_id on an `any` value.  
@typescript-eslint/no-unsafe-member-access
243:55  Warning: Unsafe member access .owner_id on an `any` value.  
@typescript-eslint/no-unsafe-member-access
245:33  Warning: Unsafe member access .owner_id on an `any` value.  
@typescript-eslint/no-unsafe-member-access
249:40  Error: Unexpected any. Specify a different type.  
@typescript-eslint/no-explicit-any
251:9  Warning: Unsafe assignment of an `any` value.  
@typescript-eslint/no-unsafe-assignment
251:22  Warning: Unsafe member access .users on an `any` value.  
@typescript-eslint/no-unsafe-member-access
252:9  Warning: Unsafe assignment of an `any` value.  
@typescript-eslint/no-unsafe-assignment
252:25  Warning: Unsafe member access .communities on an `any` value.  
@typescript-eslint/no-unsafe-member-access
253:9  Warning: Unsafe assignment of an `any` value.  
@typescript-eslint/no-unsafe-assignment
253:38  Warning: Unsafe member access .id on an `any` value.  
@typescript-eslint/no-unsafe-member-access
254:43  Warning: Unsafe member access .id on an `any` value.  
@typescript-eslint/no-unsafe-member-access

./app/api/v2/locations/route.ts
57:11  Warning: Unsafe assignment of an `any` value.  
@typescript-eslint/no-unsafe-assignment
58:11  Warning: Unsafe assignment of an `any` value.  
@typescript-eslint/no-unsafe-assignment
82:19  Warning: Unsafe object destructuring of a property with an `any` value. 
 @typescript-eslint/no-unsafe-assignment
86:9  Warning: Unsafe assignment of an `any` value.  
@typescript-eslint/no-unsafe-assignment
86:24  Warning: Unsafe call of a(n) `any` typed value.  
@typescript-eslint/no-unsafe-call
86:38  Warning: Unsafe member access .trim on an `any` value.  
@typescript-eslint/no-unsafe-member-access
87:9  Warning: Unsafe assignment of an `any` value.  
@typescript-eslint/no-unsafe-assignment
87:24  Warning: Unsafe call of a(n) `any` typed value.  
@typescript-eslint/no-unsafe-call
87:38  Warning: Unsafe member access .trim on an `any` value.  
@typescript-eslint/no-unsafe-member-access
89:9  Warning: Unsafe assignment of an `any` value.  
@typescript-eslint/no-unsafe-assignment
100:9  Warning: Unsafe assignment of an `any` value.  
@typescript-eslint/no-unsafe-assignment

./app/api/v2/locations/[id]/route.ts
14:11  Warning: Unsafe assignment of an `any` value.  
@typescript-eslint/no-unsafe-assignment
15:11  Warning: Unsafe assignment of an `any` value.  
@typescript-eslint/no-unsafe-assignment
44:23  Error: Unexpected any. Specify a different type.  
@typescript-eslint/no-explicit-any
47:7  Warning: Unsafe assignment of an `any` value.  
@typescript-eslint/no-unsafe-assignment
47:18  Warning: Unsafe member access .location_name on an `any` value.  
@typescript-eslint/no-unsafe-member-access
47:34  Warning: Unsafe call of a(n) `any` typed value.  
@typescript-eslint/no-unsafe-call
47:48  Warning: Unsafe member access .trim on an `any` value.  
@typescript-eslint/no-unsafe-member-access
51:7  Warning: Unsafe assignment of an `any` value.  
@typescript-eslint/no-unsafe-assignment
51:18  Warning: Unsafe member access .location_city on an `any` value.  
@typescript-eslint/no-unsafe-member-access
51:34  Warning: Unsafe call of a(n) `any` typed value.  
@typescript-eslint/no-unsafe-call
51:48  Warning: Unsafe member access .trim on an `any` value.  
@typescript-eslint/no-unsafe-member-access
55:18  Warning: Unsafe member access .location_coordinates on an `any` value.  
@typescript-eslint/no-unsafe-member-access
59:7  Warning: Unsafe assignment of an `any` value.  
@typescript-eslint/no-unsafe-assignment
59:18  Warning: Unsafe member access .is_primary on an `any` value.  
@typescript-eslint/no-unsafe-member-access
63:19  Warning: Unsafe object destructuring of a property with an `any` value. 
 @typescript-eslint/no-unsafe-assignment
75:7  Warning: Unsafe assignment of an `any` value.  
@typescript-eslint/no-unsafe-assignment

./app/api/v2/locations/[id]/set-primary/route.ts
41:19  Warning: Unsafe object destructuring of a property with an `any` value. 
 @typescript-eslint/no-unsafe-assignment
53:7  Warning: Unsafe assignment of an `any` value.  
@typescript-eslint/no-unsafe-assignment

./app/api/v2/search/route.ts
46:17  Warning: Unsafe object destructuring of a property with an `any` value. 
 @typescript-eslint/no-unsafe-assignment
54:9  Warning: Unsafe assignment of an `any` value.  
@typescript-eslint/no-unsafe-assignment
54:25  Warning: Unsafe call of a(n) `any` typed value.  
@typescript-eslint/no-unsafe-call
54:38  Warning: Unsafe member access .filter on an `any` value.  
@typescript-eslint/no-unsafe-member-access
100:17  Warning: Unsafe object destructuring of a property with an `any` 
value.  @typescript-eslint/no-unsafe-assignment
109:9  Warning: Unsafe assignment of an `any` value.  
@typescript-eslint/no-unsafe-assignment
109:24  Warning: Unsafe call of a(n) `any` typed value.  
@typescript-eslint/no-unsafe-call
109:37  Warning: Unsafe member access .filter on an `any` value.  
@typescript-eslint/no-unsafe-member-access
151:17  Warning: Unsafe object destructuring of a property with an `any` 
value.  @typescript-eslint/no-unsafe-assignment
158:9  Warning: Unsafe assignment of an `any` value.  
@typescript-eslint/no-unsafe-assignment
158:28  Warning: Unsafe call of a(n) `any` typed value.  
@typescript-eslint/no-unsafe-call
158:41  Warning: Unsafe member access .filter on an `any` value.  
@typescript-eslint/no-unsafe-member-access

./app/artist/[id]/edit/page.tsx
34:17  Warning: Unsafe object destructuring of a property with an `any` value. 
 @typescript-eslint/no-unsafe-assignment
41:14  Warning: Unsafe member access .id on an `any` value.  
@typescript-eslint/no-unsafe-member-access
70:45  Warning: Unsafe assignment of an `any` value.  
@typescript-eslint/no-unsafe-assignment

./app/artist/[id]/page.tsx
32:17  Warning: Unsafe object destructuring of a property with an `any` value. 
 @typescript-eslint/no-unsafe-assignment
42:9  Warning: Unsafe assignment of an `any` value.  
@typescript-eslint/no-unsafe-assignment
75:41  Warning: Unsafe member access .id on an `any` value.  
@typescript-eslint/no-unsafe-member-access
78:16  Warning: Unsafe member access .verification_status on an `any` value.  
@typescript-eslint/no-unsafe-member-access
84:27  Warning: Unsafe member access .verification_status on an `any` value.  
@typescript-eslint/no-unsafe-member-access
87:19  Warning: Unsafe assignment of an `any` value.  
@typescript-eslint/no-unsafe-assignment
87:42  Warning: Unsafe member access .profile_views on an `any` value.  
@typescript-eslint/no-unsafe-member-access
110:14  Warning: Unsafe member access .rate_min on an `any` value.  
@typescript-eslint/no-unsafe-member-access
110:33  Warning: Unsafe member access .rate_max on an `any` value.  
@typescript-eslint/no-unsafe-member-access
111:15  Warning: Unsafe call of a(n) `any` typed value.  
@typescript-eslint/no-unsafe-call
111:22  Warning: Unsafe member access .rate_min on an `any` value.  
@typescript-eslint/no-unsafe-member-access
111:54  Warning: Unsafe call of a(n) `any` typed value.  
@typescript-eslint/no-unsafe-call
111:61  Warning: Unsafe member access .rate_max on an `any` value.  
@typescript-eslint/no-unsafe-member-access
114:11  Warning: Unsafe assignment of an `any` value.  
@typescript-eslint/no-unsafe-assignment
115:14  Warning: Unsafe member access .portfolio_images on an `any` value.  
@typescript-eslint/no-unsafe-member-access
116:14  Warning: Unsafe member access .portfolio_images on an `any` value.  
@typescript-eslint/no-unsafe-member-access
117:7  Warning: Unsafe call of a(n) `any` typed value.  
@typescript-eslint/no-unsafe-call
117:14  Warning: Unsafe member access .portfolio_images on an `any` value.  
@typescript-eslint/no-unsafe-member-access
119:38  Warning: Unsafe member access .description on an `any` value.  
@typescript-eslint/no-unsafe-member-access
120:11  Warning: Unsafe assignment of an `any` value.  
@typescript-eslint/no-unsafe-assignment
132:30  Warning: Unsafe assignment of an `any` value.  
@typescript-eslint/no-unsafe-assignment
132:37  Warning: Unsafe member access .portfolio_images on an `any` value.  
@typescript-eslint/no-unsafe-member-access
133:30  Warning: Unsafe assignment of an `any` value.  
@typescript-eslint/no-unsafe-assignment
133:37  Warning: Unsafe member access .stage_name on an `any` value.  
@typescript-eslint/no-unsafe-member-access
137:27  Warning: Unsafe assignment of an `any` value.  
@typescript-eslint/no-unsafe-assignment
137:35  Warning: Unsafe member access .portfolio_images on an `any` value.  
@typescript-eslint/no-unsafe-member-access
138:27  Warning: Unsafe call of a(n) `any` typed value.  
@typescript-eslint/no-unsafe-call
138:34  Warning: Unsafe member access .portfolio_images on an `any` value.  
@typescript-eslint/no-unsafe-member-access
147:39  Warning: Unsafe member access .stage_name on an `any` value.  
@typescript-eslint/no-unsafe-member-access
151:34  Warning: Unsafe call of a(n) `any` typed value.  
@typescript-eslint/no-unsafe-call
151:41  Warning: Unsafe member access .service_category on an `any` value.  
@typescript-eslint/no-unsafe-member-access
153:39  Warning: Unsafe member access .verification_status on an `any` value.  
@typescript-eslint/no-unsafe-member-access
156:44  Warning: Unsafe member access .verification_status on an `any` value.  
@typescript-eslint/no-unsafe-member-access
162:43  Warning: Unsafe member access .verification_status on an `any` value.  
@typescript-eslint/no-unsafe-member-access
172:42  Warning: Unsafe assignment of an `any` value.  
@typescript-eslint/no-unsafe-assignment
172:49  Warning: Unsafe member access .stage_name on an `any` value.  
@typescript-eslint/no-unsafe-member-access
174:44  Warning: Unsafe assignment of an `any` value.  
@typescript-eslint/no-unsafe-assignment
174:51  Warning: Unsafe member access .location_city on an `any` value.  
@typescript-eslint/no-unsafe-member-access
181:37  Warning: Unsafe member access .location_city on an `any` value.  
@typescript-eslint/no-unsafe-member-access
189:30  Warning: Unsafe call of a(n) `any` typed value.  
@typescript-eslint/no-unsafe-call
189:38  Warning: Unsafe member access .profile_views on an `any` value.  
@typescript-eslint/no-unsafe-member-access
189:58  Warning: Unsafe member access .toLocaleString on an `any` value.  
@typescript-eslint/no-unsafe-member-access
212:37  Warning: Unsafe assignment of an `any` value.  
@typescript-eslint/no-unsafe-assignment
212:44  Warning: Unsafe member access .stage_name on an `any` value.  
@typescript-eslint/no-unsafe-member-access
213:39  Warning: Unsafe assignment of an `any` value.  
@typescript-eslint/no-unsafe-assignment
213:46  Warning: Unsafe member access .profile_views on an `any` value.  
@typescript-eslint/no-unsafe-member-access
214:36  Warning: Unsafe assignment of an `any` value.  
@typescript-eslint/no-unsafe-assignment
214:43  Warning: Unsafe member access .created_at on an `any` value.  
@typescript-eslint/no-unsafe-member-access
215:45  Warning: Unsafe assignment of an `any` value.  
@typescript-eslint/no-unsafe-assignment
215:52  Warning: Unsafe member access .subscription_status on an `any` value.  
@typescript-eslint/no-unsafe-member-access
216:45  Warning: Unsafe assignment of an `any` value.  
@typescript-eslint/no-unsafe-assignment
216:52  Warning: Unsafe member access .verification_status on an `any` value.  
@typescript-eslint/no-unsafe-member-access
231:35  Warning: Unsafe member access .description on an `any` value.  
@typescript-eslint/no-unsafe-member-access
247:32  Warning: Unsafe call of a(n) `any` typed value.  
@typescript-eslint/no-unsafe-call
247:32  Warning: Unsafe call of a(n) `any` typed value.  
@typescript-eslint/no-unsafe-call
247:39  Warning: Unsafe member access .portfolio_images on an `any` value.  
@typescript-eslint/no-unsafe-member-access
249:34  Warning: Unsafe member access .map on an `any` value.  
@typescript-eslint/no-unsafe-member-access
341:5  Warning: Unsafe assignment of an `any` value.  
@typescript-eslint/no-unsafe-assignment
341:18  Warning: Unsafe call of a(n) `any` typed value.  
@typescript-eslint/no-unsafe-call
341:38  Warning: Unsafe member access .slice on an `any` value.  
@typescript-eslint/no-unsafe-member-access

./app/artist/[id]/subscribe/page.tsx
25:17  Warning: Unsafe object destructuring of a property with an `any` value. 
 @typescript-eslint/no-unsafe-assignment
36:14  Warning: Unsafe member access .subscription_status on an `any` value.  
@typescript-eslint/no-unsafe-member-access
36:57  Warning: Unsafe member access .subscription_status on an `any` value.  
@typescript-eslint/no-unsafe-member-access
76:55  Warning: Unsafe member access .stage_name on an `any` value.  
@typescript-eslint/no-unsafe-member-access
78:20  Warning: Unsafe call of a(n) `any` typed value.  
@typescript-eslint/no-unsafe-call
78:27  Warning: Unsafe member access .service_category on an `any` value.  
@typescript-eslint/no-unsafe-member-access
80:70  Warning: Unsafe member access .location_city on an `any` value.  
@typescript-eslint/no-unsafe-member-access
83:25  Warning: Unsafe member access .subscription_status on an `any` value.  
@typescript-eslint/no-unsafe-member-access
90:37  Warning: Unsafe assignment of an `any` value.  
@typescript-eslint/no-unsafe-assignment
90:44  Warning: Unsafe member access .id on an `any` value.  
@typescript-eslint/no-unsafe-member-access

./app/artists/dashboard/events/create/page.tsx
78:42  Warning: Unsafe assignment of an `any` value.  
@typescript-eslint/no-unsafe-assignment

./app/artists/dashboard/page.tsx
24:17  Warning: Unsafe object destructuring of a property with an `any` value. 
 @typescript-eslint/no-unsafe-assignment
38:29  Warning: Unsafe member access .id on an `any` value.  
@typescript-eslint/no-unsafe-member-access
46:29  Warning: Unsafe member access .id on an `any` value.  
@typescript-eslint/no-unsafe-member-access
51:5  Warning: Unsafe assignment of an `any` value.  
@typescript-eslint/no-unsafe-assignment
51:26  Warning: Unsafe member access .profile_views on an `any` value.  
@typescript-eslint/no-unsafe-member-access
65:77  Warning: Unsafe member access .stage_name on an `any` value.  
@typescript-eslint/no-unsafe-member-access
70:46  Warning: Unsafe member access .id on an `any` value.  
@typescript-eslint/no-unsafe-member-access
124:20  Warning: Unsafe member access .subscription_status on an `any` value.  
@typescript-eslint/no-unsafe-member-access
132:38  Warning: Unsafe member access .subscription_status on an `any` value.  
@typescript-eslint/no-unsafe-member-access
133:25  Warning: Unsafe member access .subscription_status on an `any` value.  
@typescript-eslint/no-unsafe-member-access
138:21  Warning: Unsafe member access .subscription_status on an `any` value.  
@typescript-eslint/no-unsafe-member-access
148:50  Warning: Unsafe member access .id on an `any` value.  
@typescript-eslint/no-unsafe-member-access
157:36  Warning: Unsafe assignment of an `any` value.  
@typescript-eslint/no-unsafe-assignment

./app/artists/dashboard/subscription/page.tsx
40:17  Warning: Unsafe object destructuring of a property with an `any` value. 
 @typescript-eslint/no-unsafe-assignment
51:9  Warning: Unsafe assignment of an `any` value.  
@typescript-eslint/no-unsafe-assignment
51:61  Warning: Unsafe member access .id on an `any` value.  
@typescript-eslint/no-unsafe-member-access
53:46  Warning: Unsafe member access .success on an `any` value.  
@typescript-eslint/no-unsafe-member-access
64:9  Warning: Unsafe assignment of an `any` value.  
@typescript-eslint/no-unsafe-assignment
64:90  Warning: Unsafe member access .data on an `any` value.  
@typescript-eslint/no-unsafe-member-access
78:19  Warning: Unsafe assignment of an `any` value.  
@typescript-eslint/no-unsafe-assignment
79:17  Warning: Unsafe assignment of an `any` value.  
@typescript-eslint/no-unsafe-assignment
79:31  Warning: Unsafe member access .plan on an `any` value.  
@typescript-eslint/no-unsafe-member-access
80:19  Warning: Unsafe assignment of an `any` value.  
@typescript-eslint/no-unsafe-assignment
80:33  Warning: Unsafe member access .amount on an `any` value.  
@typescript-eslint/no-unsafe-member-access
81:21  Warning: Unsafe assignment of an `any` value.  
@typescript-eslint/no-unsafe-assignment
81:35  Warning: Unsafe member access .currency on an `any` value.  
@typescript-eslint/no-unsafe-member-access
82:21  Warning: Unsafe assignment of an `any` value.  
@typescript-eslint/no-unsafe-assignment
82:33  Warning: Unsafe member access .trial_end_date on an `any` value.  
@typescript-eslint/no-unsafe-member-access
83:23  Warning: Unsafe assignment of an `any` value.  
@typescript-eslint/no-unsafe-assignment
83:37  Warning: Unsafe member access .current_end on an `any` value.  
@typescript-eslint/no-unsafe-member-access
84:28  Warning: Unsafe assignment of an `any` value.  
@typescript-eslint/no-unsafe-assignment
84:42  Warning: Unsafe member access .next_billing_date on an `any` value.  
@typescript-eslint/no-unsafe-member-access
85:24  Warning: Unsafe assignment of an `any` value.  
@typescript-eslint/no-unsafe-assignment
85:36  Warning: Unsafe member access .subscription_cancelled_at on an `any` 
value.  @typescript-eslint/no-unsafe-member-access
92:44  Warning: Unsafe assignment of an `any` value.  
@typescript-eslint/no-unsafe-assignment
92:51  Warning: Unsafe member access .id on an `any` value.  
@typescript-eslint/no-unsafe-member-access
92:75  Warning: Unsafe assignment of an `any` value.  
@typescript-eslint/no-unsafe-assignment
97:46  Warning: Unsafe assignment of an `any` value.  
@typescript-eslint/no-unsafe-assignment

./app/artists/map/page.tsx
69:13  Warning: Unsafe assignment of an `any` value.  
@typescript-eslint/no-unsafe-assignment
73:15  Warning: Unsafe assignment of an `any` value.  
@typescript-eslint/no-unsafe-assignment
73:35  Warning: Unsafe call of a(n) `any` typed value.  
@typescript-eslint/no-unsafe-call
73:43  Warning: Unsafe member access .data on an `any` value.  
@typescript-eslint/no-unsafe-member-access
73:55  Warning: Unsafe member access .map on an `any` value.  
@typescript-eslint/no-unsafe-member-access

./app/artists/welcome/page.tsx
22:17  Warning: Unsafe object destructuring of a property with an `any` value. 
 @typescript-eslint/no-unsafe-assignment
33:31  Warning: Unsafe member access .trial_end_date on an `any` value.  
@typescript-eslint/no-unsafe-member-access
34:23  Warning: Unsafe member access .trial_end_date on an `any` value.  
@typescript-eslint/no-unsafe-member-access
76:49  Error: `'` can be escaped with `&apos;`, `&lsquo;`, `&#39;`, `&rsquo;`. 
 react/no-unescaped-entities

./app/artists/[id]/edit/page.tsx
34:17  Warning: Unsafe object destructuring of a property with an `any` value. 
 @typescript-eslint/no-unsafe-assignment
41:14  Warning: Unsafe member access .id on an `any` value.  
@typescript-eslint/no-unsafe-member-access
70:45  Warning: Unsafe assignment of an `any` value.  
@typescript-eslint/no-unsafe-assignment

./app/artists/[id]/page.tsx
19:17  Warning: Unsafe object destructuring of a property with an `any` value. 
 @typescript-eslint/no-unsafe-assignment
32:15  Warning: Unsafe assignment of an `any` value.  
@typescript-eslint/no-unsafe-assignment
32:38  Warning: Unsafe member access .profile_views on an `any` value.  
@typescript-eslint/no-unsafe-member-access
45:12  Warning: Unsafe member access .rate_min on an `any` value.  
@typescript-eslint/no-unsafe-member-access
45:31  Warning: Unsafe member access .rate_max on an `any` value.  
@typescript-eslint/no-unsafe-member-access
46:13  Warning: Unsafe call of a(n) `any` typed value.  
@typescript-eslint/no-unsafe-call
46:20  Warning: Unsafe member access .rate_min on an `any` value.  
@typescript-eslint/no-unsafe-member-access
46:52  Warning: Unsafe call of a(n) `any` typed value.  
@typescript-eslint/no-unsafe-call
46:59  Warning: Unsafe member access .rate_max on an `any` value.  
@typescript-eslint/no-unsafe-member-access
59:25  Warning: Unsafe member access .portfolio_images on an `any` value.  
@typescript-eslint/no-unsafe-member-access
59:52  Warning: Unsafe member access .portfolio_images on an `any` value.  
@typescript-eslint/no-unsafe-member-access
62:28  Warning: Unsafe assignment of an `any` value.  
@typescript-eslint/no-unsafe-assignment
62:35  Warning: Unsafe member access .portfolio_images on an `any` value.  
@typescript-eslint/no-unsafe-member-access
63:28  Warning: Unsafe assignment of an `any` value.  
@typescript-eslint/no-unsafe-assignment
63:35  Warning: Unsafe member access .stage_name on an `any` value.  
@typescript-eslint/no-unsafe-member-access
72:64  Warning: Unsafe member access .stage_name on an `any` value.  
@typescript-eslint/no-unsafe-member-access
75:26  Warning: Unsafe call of a(n) `any` typed value.  
@typescript-eslint/no-unsafe-call
75:33  Warning: Unsafe member access .service_category on an `any` value.  
@typescript-eslint/no-unsafe-member-access
79:33  Warning: Unsafe member access .location_city on an `any` value.  
@typescript-eslint/no-unsafe-member-access
91:37  Warning: Unsafe member access .profile_views on an `any` value.  
@typescript-eslint/no-unsafe-member-access
105:19  Warning: Unsafe member access .description on an `any` value.  
@typescript-eslint/no-unsafe-member-access
111:82  Warning: Unsafe member access .description on an `any` value.  
@typescript-eslint/no-unsafe-member-access
117:19  Warning: Unsafe member access .portfolio_images on an `any` value.  
@typescript-eslint/no-unsafe-member-access
117:46  Warning: Unsafe member access .portfolio_images on an `any` value.  
@typescript-eslint/no-unsafe-member-access
124:20  Warning: Unsafe call of a(n) `any` typed value.  
@typescript-eslint/no-unsafe-call
124:27  Warning: Unsafe member access .portfolio_images on an `any` value.  
@typescript-eslint/no-unsafe-member-access
148:26  Warning: Unsafe assignment of an `any` value.  
@typescript-eslint/no-unsafe-assignment
148:32  Warning: Unsafe member access .id on an `any` value.  
@typescript-eslint/no-unsafe-member-access
149:44  Warning: Unsafe member access .id on an `any` value.  
@typescript-eslint/no-unsafe-member-access
154:59  Warning: Unsafe member access .title on an `any` value.  
@typescript-eslint/no-unsafe-member-access
156:41  Warning: Unsafe member access .event_date on an `any` value.  
@typescript-eslint/no-unsafe-member-access
177:63  Warning: Unsafe assignment of an `any` value.  
@typescript-eslint/no-unsafe-assignment
177:70  Warning: Unsafe member access .stage_name on an `any` value.  
@typescript-eslint/no-unsafe-member-access
193:55  Warning: Unsafe member access .profile_views on an `any` value.  
@typescript-eslint/no-unsafe-member-access
198:36  Warning: Unsafe member access .created_at on an `any` value.  
@typescript-eslint/no-unsafe-member-access
204:27  Warning: Unsafe member access .subscription_status on an `any` value.  
@typescript-eslint/no-unsafe-member-access
232:5  Warning: Unsafe assignment of an `any` value.  
@typescript-eslint/no-unsafe-assignment
232:18  Warning: Unsafe call of a(n) `any` typed value.  
@typescript-eslint/no-unsafe-call
232:38  Warning: Unsafe member access .slice on an `any` value.  
@typescript-eslint/no-unsafe-member-access

./app/artists/[id]/subscribe/cancel/page.tsx
55:21  Error: `'` can be escaped with `&apos;`, `&lsquo;`, `&#39;`, `&rsquo;`. 
 react/no-unescaped-entities
56:17  Error: `'` can be escaped with `&apos;`, `&lsquo;`, `&#39;`, `&rsquo;`. 
 react/no-unescaped-entities

./app/artists/[id]/subscribe/page.tsx
25:17  Warning: Unsafe object destructuring of a property with an `any` value. 
 @typescript-eslint/no-unsafe-assignment
37:14  Warning: Unsafe member access .subscription_status on an `any` value.  
@typescript-eslint/no-unsafe-member-access
37:57  Warning: Unsafe member access .subscription_status on an `any` value.  
@typescript-eslint/no-unsafe-member-access
77:55  Warning: Unsafe member access .stage_name on an `any` value.  
@typescript-eslint/no-unsafe-member-access
79:20  Warning: Unsafe call of a(n) `any` typed value.  
@typescript-eslint/no-unsafe-call
79:27  Warning: Unsafe member access .service_category on an `any` value.  
@typescript-eslint/no-unsafe-member-access
81:70  Warning: Unsafe member access .location_city on an `any` value.  
@typescript-eslint/no-unsafe-member-access
84:25  Warning: Unsafe member access .subscription_status on an `any` value.  
@typescript-eslint/no-unsafe-member-access
91:37  Warning: Unsafe assignment of an `any` value.  
@typescript-eslint/no-unsafe-assignment
91:44  Warning: Unsafe member access .id on an `any` value.  
@typescript-eslint/no-unsafe-member-access

./app/artists/[id]/subscribe/success/page.tsx
77:15  Warning: Unsafe assignment of an `any` value.  
@typescript-eslint/no-unsafe-assignment
80:40  Warning: Unsafe member access .error on an `any` value.  
@typescript-eslint/no-unsafe-member-access

./app/bookings/create/page.tsx
33:17  Warning: Unsafe object destructuring of a property with an `any` value. 
 @typescript-eslint/no-unsafe-assignment
48:41  Error: `'` can be escaped with `&apos;`, `&lsquo;`, `&#39;`, `&rsquo;`. 
 react/no-unescaped-entities
63:44  Warning: Unsafe member access .subscription_status on an `any` value.  
@typescript-eslint/no-unsafe-member-access
85:12  Warning: Unsafe member access .rate_min on an `any` value.  
@typescript-eslint/no-unsafe-member-access
85:31  Warning: Unsafe member access .rate_max on an `any` value.  
@typescript-eslint/no-unsafe-member-access
86:13  Warning: Unsafe call of a(n) `any` typed value.  
@typescript-eslint/no-unsafe-call
86:20  Warning: Unsafe member access .rate_min on an `any` value.  
@typescript-eslint/no-unsafe-member-access
86:52  Warning: Unsafe call of a(n) `any` typed value.  
@typescript-eslint/no-unsafe-call
86:59  Warning: Unsafe member access .rate_max on an `any` value.  
@typescript-eslint/no-unsafe-member-access
94:59  Warning: Unsafe member access .stage_name on an `any` value.  
@typescript-eslint/no-unsafe-member-access
108:40  Warning: Unsafe assignment of an `any` value.  
@typescript-eslint/no-unsafe-assignment
108:47  Warning: Unsafe member access .id on an `any` value.  
@typescript-eslint/no-unsafe-member-access
108:63  Warning: Unsafe assignment of an `any` value.  
@typescript-eslint/no-unsafe-assignment
108:70  Warning: Unsafe member access .stage_name on an `any` value.  
@typescript-eslint/no-unsafe-member-access
121:25  Warning: Unsafe member access .portfolio_images on an `any` value.  
@typescript-eslint/no-unsafe-member-access
121:52  Warning: Unsafe member access .portfolio_images on an `any` value.  
@typescript-eslint/no-unsafe-member-access
124:28  Warning: Unsafe assignment of an `any` value.  
@typescript-eslint/no-unsafe-assignment
124:35  Warning: Unsafe member access .portfolio_images on an `any` value.  
@typescript-eslint/no-unsafe-member-access
125:28  Warning: Unsafe assignment of an `any` value.  
@typescript-eslint/no-unsafe-assignment
125:35  Warning: Unsafe member access .stage_name on an `any` value.  
@typescript-eslint/no-unsafe-member-access
134:65  Warning: Unsafe member access .stage_name on an `any` value.  
@typescript-eslint/no-unsafe-member-access
137:24  Warning: Unsafe call of a(n) `any` typed value.  
@typescript-eslint/no-unsafe-call
137:31  Warning: Unsafe member access .service_category on an `any` value.  
@typescript-eslint/no-unsafe-member-access
141:31  Warning: Unsafe member access .location_city on an `any` value.  
@typescript-eslint/no-unsafe-member-access
154:35  Warning: Unsafe member access .profile_views on an `any` value.  
@typescript-eslint/no-unsafe-member-access
162:25  Warning: Unsafe member access .description on an `any` value.  
@typescript-eslint/no-unsafe-member-access
166:31  Warning: Unsafe member access .description on an `any` value.  
@typescript-eslint/no-unsafe-member-access

./app/bookings/page.tsx
62:13  Warning: Unsafe assignment of an `any` value.  
@typescript-eslint/no-unsafe-assignment
65:32  Warning: Unsafe member access .error on an `any` value.  
@typescript-eslint/no-unsafe-member-access
68:26  Warning: Unsafe member access .data on an `any` value.  
@typescript-eslint/no-unsafe-member-access
69:26  Warning: Unsafe member access .meta on an `any` value.  
@typescript-eslint/no-unsafe-member-access

./app/bookings/[id]/page.tsx
60:6  Warning: React Hook useEffect has a missing dependency: 'fetchBooking'. 
Either include it or remove the dependency array.  react-hooks/exhaustive-deps
68:13  Warning: Unsafe assignment of an `any` value.  
@typescript-eslint/no-unsafe-assignment
71:32  Warning: Unsafe member access .error on an `any` value.  
@typescript-eslint/no-unsafe-member-access
74:25  Warning: Unsafe member access .data on an `any` value.  
@typescript-eslint/no-unsafe-member-access
75:26  Warning: Unsafe member access .meta on an `any` value.  
@typescript-eslint/no-unsafe-member-access
93:13  Warning: Unsafe assignment of an `any` value.  
@typescript-eslint/no-unsafe-assignment
96:32  Warning: Unsafe member access .error on an `any` value.  
@typescript-eslint/no-unsafe-member-access
129:13  Warning: Unsafe assignment of an `any` value.  
@typescript-eslint/no-unsafe-assignment
132:32  Warning: Unsafe member access .error on an `any` value.  
@typescript-eslint/no-unsafe-member-access

./app/communities/archived/page.tsx
42:13  Warning: Unsafe assignment of an `any` value.  
@typescript-eslint/no-unsafe-assignment
49:32  Warning: Unsafe member access .error on an `any` value.  
@typescript-eslint/no-unsafe-member-access
52:29  Warning: Unsafe member access .data on an `any` value.  
@typescript-eslint/no-unsafe-member-access
109:13  Warning: Unsafe assignment of an `any` value.  
@typescript-eslint/no-unsafe-assignment
112:32  Warning: Unsafe member access .error on an `any` value.  
@typescript-eslint/no-unsafe-member-access
153:30  Error: `'` can be escaped with `&apos;`, `&lsquo;`, `&#39;`, 
`&rsquo;`.  react/no-unescaped-entities
177:15  Warning: Unsafe spread of an `any` value in an array.  
@typescript-eslint/no-unsafe-assignment

./app/communities/map/page.tsx
72:13  Warning: Unsafe assignment of an `any` value.  
@typescript-eslint/no-unsafe-assignment
76:15  Warning: Unsafe assignment of an `any` value.  
@typescript-eslint/no-unsafe-assignment
76:39  Warning: Unsafe call of a(n) `any` typed value.  
@typescript-eslint/no-unsafe-call
76:47  Warning: Unsafe member access .data on an `any` value.  
@typescript-eslint/no-unsafe-member-access
76:59  Warning: Unsafe member access .map on an `any` value.  
@typescript-eslint/no-unsafe-member-access

./app/communities/[slug]/moderation-log/page.tsx
53:42  Warning: Unsafe assignment of an `any` value.  
@typescript-eslint/no-unsafe-assignment

./app/communities/[slug]/page.tsx
33:44  Warning: Unsafe assignment of an `any` value.  
@typescript-eslint/no-unsafe-assignment
39:46  Warning: Unsafe assignment of an `any` value.  
@typescript-eslint/no-unsafe-assignment

./app/events/map/page.tsx
76:13  Warning: Unsafe assignment of an `any` value.  
@typescript-eslint/no-unsafe-assignment
80:15  Warning: Unsafe assignment of an `any` value.  
@typescript-eslint/no-unsafe-assignment
80:34  Warning: Unsafe call of a(n) `any` typed value.  
@typescript-eslint/no-unsafe-call
80:42  Warning: Unsafe member access .data on an `any` value.  
@typescript-eslint/no-unsafe-member-access
80:54  Warning: Unsafe member access .map on an `any` value.  
@typescript-eslint/no-unsafe-member-access

./app/events/[id]/page.tsx
18:17  Warning: Unsafe object destructuring of a property with an `any` value. 
 @typescript-eslint/no-unsafe-assignment
56:36  Warning: Unsafe member access .event_date on an `any` value.  
@typescript-eslint/no-unsafe-member-access
72:16  Warning: Unsafe member access .image_url on an `any` value.  
@typescript-eslint/no-unsafe-member-access
74:25  Warning: Unsafe assignment of an `any` value.  
@typescript-eslint/no-unsafe-assignment
74:31  Warning: Unsafe member access .image_url on an `any` value.  
@typescript-eslint/no-unsafe-member-access
74:47  Warning: Unsafe assignment of an `any` value.  
@typescript-eslint/no-unsafe-assignment
74:53  Warning: Unsafe member access .title on an `any` value.  
@typescript-eslint/no-unsafe-member-access
82:22  Warning: Unsafe member access .category on an `any` value.  
@typescript-eslint/no-unsafe-member-access
85:22  Warning: Unsafe member access .source on an `any` value.  
@typescript-eslint/no-unsafe-member-access
89:53  Warning: Unsafe member access .title on an `any` value.  
@typescript-eslint/no-unsafe-member-access
91:18  Warning: Unsafe member access .artist on an `any` value.  
@typescript-eslint/no-unsafe-member-access
93:65  Warning: Unsafe member access .artist on an `any` value.  
@typescript-eslint/no-unsafe-member-access
112:53  Warning: Unsafe member access .venue on an `any` value.  
@typescript-eslint/no-unsafe-member-access
113:71  Warning: Unsafe member access .city on an `any` value.  
@typescript-eslint/no-unsafe-member-access
117:20  Warning: Unsafe member access .price on an `any` value.  
@typescript-eslint/no-unsafe-member-access
121:55  Warning: Unsafe member access .price on an `any` value.  
@typescript-eslint/no-unsafe-member-access
127:20  Warning: Unsafe member access .duration on an `any` value.  
@typescript-eslint/no-unsafe-member-access
130:53  Warning: Unsafe member access .duration on an `any` value.  
@typescript-eslint/no-unsafe-member-access
137:16  Warning: Unsafe member access .description on an `any` value.  
@typescript-eslint/no-unsafe-member-access
141:79  Warning: Unsafe member access .description on an `any` value.  
@typescript-eslint/no-unsafe-member-access
157:24  Warning: Unsafe member access .source on an `any` value.  
@typescript-eslint/no-unsafe-member-access
157:57  Warning: Unsafe member access .ticket_url on an `any` value.  
@typescript-eslint/no-unsafe-member-access
159:30  Warning: Unsafe assignment of an `any` value.  
@typescript-eslint/no-unsafe-assignment
159:36  Warning: Unsafe member access .ticket_url on an `any` value.  
@typescript-eslint/no-unsafe-member-access
196:5  Warning: Unsafe assignment of an `any` value.  
@typescript-eslint/no-unsafe-assignment
197:5  Warning: Unsafe assignment of an `any` value.  
@typescript-eslint/no-unsafe-assignment
197:18  Warning: Unsafe call of a(n) `any` typed value.  
@typescript-eslint/no-unsafe-call
197:37  Warning: Unsafe member access .slice on an `any` value.  
@typescript-eslint/no-unsafe-member-access

./app/news/[id]/page.tsx
52:17  Warning: Unsafe assignment of an `any` value.  
@typescript-eslint/no-unsafe-assignment
53:29  Warning: Unsafe member access .data on an `any` value.  
@typescript-eslint/no-unsafe-member-access

./app/not-found.tsx
18:25  Error: `'` can be escaped with `&apos;`, `&lsquo;`, `&#39;`, `&rsquo;`. 
 react/no-unescaped-entities
18:46  Error: `'` can be escaped with `&apos;`, `&lsquo;`, `&#39;`, `&rsquo;`. 
 react/no-unescaped-entities
23:77  Error: `'` can be escaped with `&apos;`, `&lsquo;`, `&#39;`, `&rsquo;`. 
 react/no-unescaped-entities

./app/notifications/page.tsx
27:77  Error: `'` can be escaped with `&apos;`, `&lsquo;`, `&#39;`, `&rsquo;`. 
 react/no-unescaped-entities
56:73  Error: Unexpected any. Specify a different type.  
@typescript-eslint/no-explicit-any

./app/offline/page.tsx
10:54  Error: `'` can be escaped with `&apos;`, `&lsquo;`, `&#39;`, `&rsquo;`. 
 react/no-unescaped-entities
12:30  Error: `'` can be escaped with `&apos;`, `&lsquo;`, `&#39;`, `&rsquo;`. 
 react/no-unescaped-entities

./app/polls/[id]/page.tsx
6:17  Warning: Unsafe object destructuring of a property with an `any` value.  
@typescript-eslint/no-unsafe-assignment
18:53  Warning: Unsafe member access .title on an `any` value.  
@typescript-eslint/no-unsafe-member-access
19:42  Warning: Unsafe member access .description on an `any` value.  
@typescript-eslint/no-unsafe-member-access

./app/posts/[id]/page.tsx
42:19  Warning: Unsafe object destructuring of a property with an `any` value. 
 @typescript-eslint/no-unsafe-assignment
81:11  Warning: Unsafe assignment of an `any` value.  
@typescript-eslint/no-unsafe-assignment
81:16  Warning: Unsafe member access .user_vote on an `any` value.  
@typescript-eslint/no-unsafe-member-access
147:15  Warning: Unsafe assignment of an `any` value.  
@typescript-eslint/no-unsafe-assignment
154:23  Warning: Unsafe assignment of an `any` value.  
@typescript-eslint/no-unsafe-assignment
186:25  Warning: Unsafe assignment of an `any` value.  
@typescript-eslint/no-unsafe-assignment
240:5  Warning: Unsafe assignment of an `any` value.  
@typescript-eslint/no-unsafe-assignment
241:5  Warning: Unsafe assignment of an `any` value.  
@typescript-eslint/no-unsafe-assignment
241:18  Warning: Unsafe call of a(n) `any` typed value.  
@typescript-eslint/no-unsafe-call
241:29  Warning: Unsafe member access .slice on an `any` value.  
@typescript-eslint/no-unsafe-member-access

./app/privacy/page.tsx
20:40  Error: `'` can be escaped with `&apos;`, `&lsquo;`, `&#39;`, `&rsquo;`. 
 react/no-unescaped-entities
20:61  Error: `'` can be escaped with `&apos;`, `&lsquo;`, `&#39;`, `&rsquo;`. 
 react/no-unescaped-entities
223:35  Error: `'` can be escaped with `&apos;`, `&lsquo;`, `&#39;`, 
`&rsquo;`.  react/no-unescaped-entities

./app/profile/page.tsx
21:17  Warning: Unsafe object destructuring of a property with an `any` value. 
 @typescript-eslint/no-unsafe-assignment
28:17  Warning: Unsafe object destructuring of a property with an `any` value. 
 @typescript-eslint/no-unsafe-assignment
31:17  Warning: Unsafe object destructuring of a property with an `any` value. 
 @typescript-eslint/no-unsafe-assignment
34:17  Warning: Unsafe object destructuring of a property with an `any` value. 
 @typescript-eslint/no-unsafe-assignment
37:17  Warning: Unsafe object destructuring of a property with an `any` value. 
 @typescript-eslint/no-unsafe-assignment
40:17  Warning: Unsafe object destructuring of a property with an `any` value. 
 @typescript-eslint/no-unsafe-assignment
45:17  Warning: Unsafe object destructuring of a property with an `any` value. 
 @typescript-eslint/no-unsafe-assignment
95:9  Warning: Unsafe assignment of an `any` value.  
@typescript-eslint/no-unsafe-assignment
98:7  Warning: Unsafe assignment of an `any` value.  
@typescript-eslint/no-unsafe-assignment
99:7  Warning: Unsafe assignment of an `any` value.  
@typescript-eslint/no-unsafe-assignment
100:7  Warning: Unsafe assignment of an `any` value.  
@typescript-eslint/no-unsafe-assignment
101:7  Warning: Unsafe assignment of an `any` value.  
@typescript-eslint/no-unsafe-assignment
102:7  Warning: Unsafe assignment of an `any` value.  
@typescript-eslint/no-unsafe-assignment
103:7  Warning: Unsafe assignment of an `any` value.  
@typescript-eslint/no-unsafe-assignment
105:5  Warning: Unsafe assignment of an `any` value.  
@typescript-eslint/no-unsafe-assignment
112:32  Warning: Unsafe assignment of an `any` value.  
@typescript-eslint/no-unsafe-assignment
113:31  Warning: Unsafe assignment of an `any` value.  
@typescript-eslint/no-unsafe-assignment
115:16  Warning: Unsafe assignment of an `any` value.  
@typescript-eslint/no-unsafe-assignment
115:28  Warning: Unsafe member access .stats on an `any` value.  
@typescript-eslint/no-unsafe-member-access
116:32  Warning: Unsafe member access .display_preferences on an `any` value.  
@typescript-eslint/no-unsafe-member-access
119:17  Warning: Unsafe assignment of an `any` value.  
@typescript-eslint/no-unsafe-assignment
119:29  Warning: Unsafe member access .id on an `any` value.  
@typescript-eslint/no-unsafe-member-access
121:19  Warning: Unsafe assignment of an `any` value.  
@typescript-eslint/no-unsafe-assignment
121:31  Warning: Unsafe member access .bookings on an `any` value.  
@typescript-eslint/no-unsafe-member-access
122:21  Warning: Unsafe assignment of an `any` value.  
@typescript-eslint/no-unsafe-assignment
122:33  Warning: Unsafe member access .artist on an `any` value.  
@typescript-eslint/no-unsafe-member-access

./app/terms/page.tsx
20:48  Error: `"` can be escaped with `&quot;`, `&ldquo;`, `&#34;`, `&rdquo;`. 
 react/no-unescaped-entities
20:60  Error: `"` can be escaped with `&quot;`, `&ldquo;`, `&#34;`, `&rdquo;`. 
 react/no-unescaped-entities
21:27  Error: `"` can be escaped with `&quot;`, `&ldquo;`, `&#34;`, `&rdquo;`. 
 react/no-unescaped-entities
21:33  Error: `"` can be escaped with `&quot;`, `&ldquo;`, `&#34;`, `&rdquo;`. 
 react/no-unescaped-entities
185:63  Error: `"` can be escaped with `&quot;`, `&ldquo;`, `&#34;`, 
`&rdquo;`.  react/no-unescaped-entities
185:69  Error: `"` can be escaped with `&quot;`, `&ldquo;`, `&#34;`, 
`&rdquo;`.  react/no-unescaped-entities

./app/transparency/appeals/page.tsx
13:54  Error: `'` can be escaped with `&apos;`, `&lsquo;`, `&#39;`, `&rsquo;`. 
 react/no-unescaped-entities
35:55  Error: `'` can be escaped with `&apos;`, `&lsquo;`, `&#39;`, `&rsquo;`. 
 react/no-unescaped-entities
85:39  Error: `'` can be escaped with `&apos;`, `&lsquo;`, `&#39;`, `&rsquo;`. 
 react/no-unescaped-entities
114:24  Error: `'` can be escaped with `&apos;`, `&lsquo;`, `&#39;`, 
`&rsquo;`.  react/no-unescaped-entities
143:65  Error: `'` can be escaped with `&apos;`, `&lsquo;`, `&#39;`, 
`&rsquo;`.  react/no-unescaped-entities
165:56  Error: `'` can be escaped with `&apos;`, `&lsquo;`, `&#39;`, 
`&rsquo;`.  react/no-unescaped-entities

./app/transparency/guidelines/page.tsx
29:33  Error: `'` can be escaped with `&apos;`, `&lsquo;`, `&#39;`, `&rsquo;`. 
 react/no-unescaped-entities
37:85  Error: `'` can be escaped with `&apos;`, `&lsquo;`, `&#39;`, `&rsquo;`. 
 react/no-unescaped-entities
53:48  Error: `'` can be escaped with `&apos;`, `&lsquo;`, `&#39;`, `&rsquo;`. 
 react/no-unescaped-entities
182:58  Error: `"` can be escaped with `&quot;`, `&ldquo;`, `&#34;`, 
`&rdquo;`.  react/no-unescaped-entities
182:81  Error: `"` can be escaped with `&quot;`, `&ldquo;`, `&#34;`, 
`&rdquo;`.  react/no-unescaped-entities
247:41  Error: `'` can be escaped with `&apos;`, `&lsquo;`, `&#39;`, 
`&rsquo;`.  react/no-unescaped-entities
271:33  Error: `"` can be escaped with `&quot;`, `&ldquo;`, `&#34;`, 
`&rdquo;`.  react/no-unescaped-entities
271:45  Error: `"` can be escaped with `&quot;`, `&ldquo;`, `&#34;`, 
`&rdquo;`.  react/no-unescaped-entities

./app/transparency/privacy/page.tsx
150:27  Error: `'` can be escaped with `&apos;`, `&lsquo;`, `&#39;`, 
`&rsquo;`.  react/no-unescaped-entities

./app/transparency/stats/page.tsx
39:13  Warning: Unsafe assignment of an `any` value.  
@typescript-eslint/no-unsafe-assignment
42:25  Warning: Unsafe member access .data on an `any` value.  
@typescript-eslint/no-unsafe-member-access

./app/users/[handle]/page.tsx
52:17  Warning: Unsafe object destructuring of a property with an `any` value. 
 @typescript-eslint/no-unsafe-assignment
53:5  Warning: Unsafe assignment of an `any` value.  
@typescript-eslint/no-unsafe-assignment
55:17  Warning: Unsafe object destructuring of a property with an `any` value. 
 @typescript-eslint/no-unsafe-assignment
56:5  Warning: Unsafe assignment of an `any` value.  
@typescript-eslint/no-unsafe-assignment
58:17  Warning: Unsafe object destructuring of a property with an `any` value. 
 @typescript-eslint/no-unsafe-assignment
59:5  Warning: Unsafe assignment of an `any` value.  
@typescript-eslint/no-unsafe-assignment
61:17  Warning: Unsafe object destructuring of a property with an `any` value. 
 @typescript-eslint/no-unsafe-assignment
62:5  Warning: Unsafe assignment of an `any` value.  
@typescript-eslint/no-unsafe-assignment
64:17  Warning: Unsafe object destructuring of a property with an `any` value. 
 @typescript-eslint/no-unsafe-assignment
65:5  Warning: Unsafe assignment of an `any` value.  
@typescript-eslint/no-unsafe-assignment
89:9  Warning: Unsafe assignment of an `any` value.  
@typescript-eslint/no-unsafe-assignment
94:5  Warning: Unsafe assignment of an `any` value.  
@typescript-eslint/no-unsafe-assignment
95:5  Warning: Unsafe assignment of an `any` value.  
@typescript-eslint/no-unsafe-assignment
96:5  Warning: Unsafe assignment of an `any` value.  
@typescript-eslint/no-unsafe-assignment
97:5  Warning: Unsafe assignment of an `any` value.  
@typescript-eslint/no-unsafe-assignment
97:46  Warning: Unsafe member access .show_location on an `any` value.  
@typescript-eslint/no-unsafe-member-access
98:5  Warning: Unsafe assignment of an `any` value.  
@typescript-eslint/no-unsafe-assignment
99:5  Warning: Unsafe assignment of an `any` value.  
@typescript-eslint/no-unsafe-assignment
100:5  Warning: Unsafe assignment of an `any` value.  
@typescript-eslint/no-unsafe-assignment
102:7  Warning: Unsafe assignment of an `any` value.  
@typescript-eslint/no-unsafe-assignment
103:7  Warning: Unsafe assignment of an `any` value.  
@typescript-eslint/no-unsafe-assignment
104:7  Warning: Unsafe assignment of an `any` value.  
@typescript-eslint/no-unsafe-assignment
105:7  Warning: Unsafe assignment of an `any` value.  
@typescript-eslint/no-unsafe-assignment
106:7  Warning: Unsafe assignment of an `any` value.  
@typescript-eslint/no-unsafe-assignment
107:7  Warning: Unsafe assignment of an `any` value.  
@typescript-eslint/no-unsafe-assignment
111:11  Warning: Unsafe assignment of an `any` value.  
@typescript-eslint/no-unsafe-assignment
112:11  Warning: Unsafe assignment of an `any` value.  
@typescript-eslint/no-unsafe-assignment
113:11  Warning: Unsafe assignment of an `any` value.  
@typescript-eslint/no-unsafe-assignment
130:53  Warning: Unsafe member access .show_karma on an `any` value.  
@typescript-eslint/no-unsafe-member-access
133:17  Warning: Unsafe assignment of an `any` value.  
@typescript-eslint/no-unsafe-assignment

./app/web-vitals-init.tsx
25:57  Error: Unexpected any. Specify a different type.  
@typescript-eslint/no-explicit-any
25:62  Warning: Unsafe member access .gtag on an `any` value.  
@typescript-eslint/no-unsafe-member-access
26:12  Warning: Unsafe call of a(n) `any` typed value.  
@typescript-eslint/no-unsafe-call
26:23  Error: Unexpected any. Specify a different type.  
@typescript-eslint/no-explicit-any
26:28  Warning: Unsafe member access .gtag on an `any` value.  
@typescript-eslint/no-unsafe-member-access

./components/artists/artist-delete-dialog.tsx
60:13  Warning: Unsafe assignment of an `any` value.  
@typescript-eslint/no-unsafe-assignment
62:33  Warning: Unsafe member access .success on an `any` value.  
@typescript-eslint/no-unsafe-member-access
71:32  Warning: Unsafe member access .error on an `any` value.  
@typescript-eslint/no-unsafe-member-access
91:13  Warning: Unsafe assignment of an `any` value.  
@typescript-eslint/no-unsafe-assignment
93:33  Warning: Unsafe member access .success on an `any` value.  
@typescript-eslint/no-unsafe-member-access
101:32  Warning: Unsafe member access .error on an `any` value.  
@typescript-eslint/no-unsafe-member-access

./components/artists/artist-form.tsx
236:51  Error: Unexpected any. Specify a different type.  
@typescript-eslint/no-explicit-any
300:26  Error: Unexpected any. Specify a different type.  
@typescript-eslint/no-explicit-any
308:21  Warning: Unsafe member access .location_coordinates on an `any` value. 
 @typescript-eslint/no-unsafe-member-access
310:21  Warning: Unsafe member access .location_city on an `any` value.  
@typescript-eslint/no-unsafe-member-access
321:9  Warning: Unsafe assignment of an `any` value.  
@typescript-eslint/no-unsafe-assignment
322:16  Error: 'jsonError' is defined but never used.  
@typescript-eslint/no-unused-vars
327:33  Warning: Unsafe member access .error on an `any` value.  
@typescript-eslint/no-unsafe-member-access
338:13  Warning: Unsafe assignment of an `any` value.  
@typescript-eslint/no-unsafe-assignment
338:32  Warning: Unsafe member access .data on an `any` value.  
@typescript-eslint/no-unsafe-member-access

./components/artists/artist-list.tsx
45:13  Warning: Unsafe assignment of an `any` value.  
@typescript-eslint/no-unsafe-assignment
48:32  Warning: Unsafe member access .error on an `any` value.  
@typescript-eslint/no-unsafe-member-access
51:25  Warning: Unsafe member access .data on an `any` value.  
@typescript-eslint/no-unsafe-member-access

./components/artists/artist-location-update-dialog.tsx
201:26  Error: Unexpected any. Specify a different type.  
@typescript-eslint/no-explicit-any
205:21  Warning: Unsafe member access .location_coordinates on an `any` value. 
 @typescript-eslint/no-unsafe-member-access
206:21  Warning: Unsafe member access .location_city on an `any` value.  
@typescript-eslint/no-unsafe-member-access
209:21  Warning: Unsafe member access .location_city on an `any` value.  
@typescript-eslint/no-unsafe-member-access
225:9  Warning: Unsafe assignment of an `any` value.  
@typescript-eslint/no-unsafe-assignment
226:16  Error: 'jsonError' is defined but never used.  
@typescript-eslint/no-unused-vars
231:33  Warning: Unsafe member access .error on an `any` value.  
@typescript-eslint/no-unsafe-member-access

./components/artists/artist-registration-form.tsx
73:15  Warning: Unsafe assignment of an `any` value.  
@typescript-eslint/no-unsafe-assignment
76:32  Warning: Unsafe member access .error on an `any` value.  
@typescript-eslint/no-unsafe-member-access
79:53  Warning: Unsafe member access .data on an `any` value.  
@typescript-eslint/no-unsafe-member-access
123:13  Warning: Unsafe assignment of an `any` value.  
@typescript-eslint/no-unsafe-assignment
126:32  Warning: Unsafe member access .error on an `any` value.  
@typescript-eslint/no-unsafe-member-access
135:38  Warning: Unsafe member access .data on an `any` value.  
@typescript-eslint/no-unsafe-member-access

./components/artists/subscription-actions.tsx
47:13  Warning: Unsafe assignment of an `any` value.  
@typescript-eslint/no-unsafe-assignment
50:32  Warning: Unsafe member access .error on an `any` value.  
@typescript-eslint/no-unsafe-member-access
55:9  Warning: Unsafe assignment of an `any` value.  
@typescript-eslint/no-unsafe-assignment
55:29  Warning: Unsafe member access .message on an `any` value.  
@typescript-eslint/no-unsafe-member-access
141:71  Error: `'` can be escaped with `&apos;`, `&lsquo;`, `&#39;`, 
`&rsquo;`.  react/no-unescaped-entities

./components/artists/subscription-form.tsx
34:13  Warning: Unsafe assignment of an `any` value.  
@typescript-eslint/no-unsafe-assignment
37:32  Warning: Unsafe member access .error on an `any` value.  
@typescript-eslint/no-unsafe-member-access
45:15  Warning: Unsafe assignment of an error typed value.  
@typescript-eslint/no-unsafe-assignment
45:21  Warning: Unsafe construction of a(n) `error` type typed value.  
@typescript-eslint/no-unsafe-call
47:11  Warning: Unsafe assignment of an `any` value.  
@typescript-eslint/no-unsafe-assignment
47:26  Warning: Unsafe member access .data on an `any` value.  
@typescript-eslint/no-unsafe-member-access
48:11  Warning: Unsafe assignment of an `any` value.  
@typescript-eslint/no-unsafe-assignment
48:28  Warning: Unsafe member access .data on an `any` value.  
@typescript-eslint/no-unsafe-member-access
52:11  Warning: Unsafe assignment of an `any` value.  
@typescript-eslint/no-unsafe-assignment
52:28  Warning: Unsafe member access .data on an `any` value.  
@typescript-eslint/no-unsafe-member-access
54:13  Warning: Unsafe assignment of an `any` value.  
@typescript-eslint/no-unsafe-assignment
54:26  Warning: Unsafe member access .data on an `any` value.  
@typescript-eslint/no-unsafe-member-access
55:13  Warning: Unsafe assignment of an `any` value.  
@typescript-eslint/no-unsafe-assignment
55:27  Warning: Unsafe member access .data on an `any` value.  
@typescript-eslint/no-unsafe-member-access
79:21  Warning: Unsafe assignment of an `any` value.  
@typescript-eslint/no-unsafe-assignment
89:46  Warning: Unsafe member access .error on an `any` value.  
@typescript-eslint/no-unsafe-member-access
106:9  Warning: Unsafe call of a(n) `error` type typed value.  
@typescript-eslint/no-unsafe-call
106:13  Warning: Unsafe member access .open on an `error` typed value.  
@typescript-eslint/no-unsafe-member-access

./components/auth/login-form.tsx
149:13  Warning: Unsafe assignment of an `any` value.  
@typescript-eslint/no-unsafe-assignment
153:13  Warning: Unsafe assignment of an `any` value.  
@typescript-eslint/no-unsafe-assignment
153:35  Warning: Unsafe member access .error on an `any` value.  
@typescript-eslint/no-unsafe-member-access
155:20  Warning: Unsafe member access .code on an `any` value.  
@typescript-eslint/no-unsafe-member-access
159:27  Warning: Unsafe member access .code on an `any` value.  
@typescript-eslint/no-unsafe-member-access
185:43  Warning: Unsafe member access .data on an `any` value.  
@typescript-eslint/no-unsafe-member-access

./components/auth/otp-verification-form.tsx
57:13  Warning: Unsafe assignment of an `any` value.  
@typescript-eslint/no-unsafe-assignment
60:32  Warning: Unsafe member access .error on an `any` value.  
@typescript-eslint/no-unsafe-member-access
68:55  Warning: Unsafe member access .data on an `any` value.  
@typescript-eslint/no-unsafe-member-access
94:13  Warning: Unsafe assignment of an `any` value.  
@typescript-eslint/no-unsafe-assignment
97:32  Warning: Unsafe member access .error on an `any` value.  
@typescript-eslint/no-unsafe-member-access

./components/auth/signup-form.tsx
54:13  Warning: Unsafe assignment of an `any` value.  
@typescript-eslint/no-unsafe-assignment
57:32  Warning: Unsafe member access .error on an `any` value.  
@typescript-eslint/no-unsafe-member-access

./components/bookings/booking-form.tsx
91:13  Warning: Unsafe assignment of an `any` value.  
@typescript-eslint/no-unsafe-assignment
94:32  Warning: Unsafe member access .error on an `any` value.  
@typescript-eslint/no-unsafe-member-access
105:41  Warning: Unsafe member access .data on an `any` value.  
@typescript-eslint/no-unsafe-member-access

./components/bookings/booking-messages.tsx
37:13  Warning: Unsafe assignment of an `any` value.  
@typescript-eslint/no-unsafe-assignment
40:32  Warning: Unsafe member access .error on an `any` value.  
@typescript-eslint/no-unsafe-member-access
43:26  Warning: Unsafe member access .data on an `any` value.  
@typescript-eslint/no-unsafe-member-access
77:13  Warning: Unsafe assignment of an `any` value.  
@typescript-eslint/no-unsafe-assignment
80:32  Warning: Unsafe member access .error on an `any` value.  
@typescript-eslint/no-unsafe-member-access

./components/communities/community-analytics.tsx
43:13  Warning: Unsafe assignment of an `any` value.  
@typescript-eslint/no-unsafe-assignment
46:32  Warning: Unsafe member access .error on an `any` value.  
@typescript-eslint/no-unsafe-member-access
49:27  Warning: Unsafe member access .data on an `any` value.  
@typescript-eslint/no-unsafe-member-access

./components/communities/community-deletion-dialog.tsx
57:13  Warning: Unsafe assignment of an `any` value.  
@typescript-eslint/no-unsafe-assignment
60:32  Warning: Unsafe member access .error on an `any` value.  
@typescript-eslint/no-unsafe-member-access
108:48  Error: `"` can be escaped with `&quot;`, `&ldquo;`, `&#34;`, 
`&rdquo;`.  react/no-unescaped-entities
108:69  Error: `"` can be escaped with `&quot;`, `&ldquo;`, `&#34;`, 
`&rdquo;`.  react/no-unescaped-entities

./components/communities/community-header.tsx
49:13  Warning: Unsafe assignment of an `any` value.  
@typescript-eslint/no-unsafe-assignment
52:32  Warning: Unsafe member access .error on an `any` value.  
@typescript-eslint/no-unsafe-member-access
55:27  Warning: Unsafe member access .data on an `any` value.  
@typescript-eslint/no-unsafe-member-access
56:26  Warning: Unsafe member access .data on an `any` value.  
@typescript-eslint/no-unsafe-member-access
57:25  Warning: Unsafe member access .data on an `any` value.  
@typescript-eslint/no-unsafe-member-access
89:13  Warning: Unsafe assignment of an `any` value.  
@typescript-eslint/no-unsafe-assignment
92:32  Warning: Unsafe member access .error on an `any` value.  
@typescript-eslint/no-unsafe-member-access

./components/communities/community-list.tsx
35:13  Warning: Unsafe assignment of an `any` value.  
@typescript-eslint/no-unsafe-assignment
38:32  Warning: Unsafe member access .error on an `any` value.  
@typescript-eslint/no-unsafe-member-access
41:29  Warning: Unsafe member access .data on an `any` value.  
@typescript-eslint/no-unsafe-member-access
103:13  Warning: Unsafe spread of an `any` value in an array.  
@typescript-eslint/no-unsafe-assignment

./components/communities/community-members-list.tsx
37:13  Warning: Unsafe assignment of an `any` value.  
@typescript-eslint/no-unsafe-assignment
40:32  Warning: Unsafe member access .error on an `any` value.  
@typescript-eslint/no-unsafe-member-access
43:25  Warning: Unsafe member access .data on an `any` value.  
@typescript-eslint/no-unsafe-member-access

./components/communities/community-settings.tsx
51:13  Warning: Unsafe assignment of an `any` value.  
@typescript-eslint/no-unsafe-assignment
54:32  Warning: Unsafe member access .error on an `any` value.  
@typescript-eslint/no-unsafe-member-access

./components/communities/create-community-form.tsx
58:13  Warning: Unsafe assignment of an `any` value.  
@typescript-eslint/no-unsafe-assignment
61:32  Warning: Unsafe member access .error on an `any` value.  
@typescript-eslint/no-unsafe-member-access
70:31  Warning: Unsafe member access .data on an `any` value.  
@typescript-eslint/no-unsafe-member-access
71:26  Warning: Unsafe member access .data on an `any` value.  
@typescript-eslint/no-unsafe-member-access
74:44  Warning: Unsafe member access .data on an `any` value.  
@typescript-eslint/no-unsafe-member-access

./components/communities/deleted-community-banner.tsx
67:13  Warning: Unsafe assignment of an `any` value.  
@typescript-eslint/no-unsafe-assignment
70:32  Warning: Unsafe member access .error on an `any` value.  
@typescript-eslint/no-unsafe-member-access
134:52  Error: `"` can be escaped with `&quot;`, `&ldquo;`, `&#34;`, 
`&rdquo;`.  react/no-unescaped-entities
134:73  Error: `"` can be escaped with `&quot;`, `&ldquo;`, `&#34;`, 
`&rdquo;`.  react/no-unescaped-entities

./components/error-boundaries/maps-error-boundary.tsx
31:53  Error: Unexpected any. Specify a different type.  
@typescript-eslint/no-explicit-any
31:58  Warning: Unsafe member access .gtag on an `any` value.  
@typescript-eslint/no-unsafe-member-access
32:8  Warning: Unsafe call of a(n) `any` typed value.  
@typescript-eslint/no-unsafe-call
32:19  Error: Unexpected any. Specify a different type.  
@typescript-eslint/no-explicit-any
32:24  Warning: Unsafe member access .gtag on an `any` value.  
@typescript-eslint/no-unsafe-member-access
50:11  Error: `'` can be escaped with `&apos;`, `&lsquo;`, `&#39;`, `&rsquo;`. 
 react/no-unescaped-entities

./components/error-boundaries/media-error-boundary.tsx
25:53  Error: Unexpected any. Specify a different type.  
@typescript-eslint/no-explicit-any
25:58  Warning: Unsafe member access .gtag on an `any` value.  
@typescript-eslint/no-unsafe-member-access
26:8  Warning: Unsafe call of a(n) `any` typed value.  
@typescript-eslint/no-unsafe-call
26:19  Error: Unexpected any. Specify a different type.  
@typescript-eslint/no-explicit-any
26:24  Warning: Unsafe member access .gtag on an `any` value.  
@typescript-eslint/no-unsafe-member-access

./components/error-boundaries/messaging-error-boundary.tsx
24:53  Error: Unexpected any. Specify a different type.  
@typescript-eslint/no-explicit-any
24:58  Warning: Unsafe member access .gtag on an `any` value.  
@typescript-eslint/no-unsafe-member-access
25:8  Warning: Unsafe call of a(n) `any` typed value.  
@typescript-eslint/no-unsafe-call
25:19  Error: Unexpected any. Specify a different type.  
@typescript-eslint/no-explicit-any
25:24  Warning: Unsafe member access .gtag on an `any` value.  
@typescript-eslint/no-unsafe-member-access
43:11  Error: `'` can be escaped with `&apos;`, `&lsquo;`, `&#39;`, `&rsquo;`. 
 react/no-unescaped-entities

./components/error-boundaries/posts-error-boundary.tsx
24:53  Error: Unexpected any. Specify a different type.  
@typescript-eslint/no-explicit-any
24:58  Warning: Unsafe member access .gtag on an `any` value.  
@typescript-eslint/no-unsafe-member-access
25:8  Warning: Unsafe call of a(n) `any` typed value.  
@typescript-eslint/no-unsafe-call
25:19  Error: Unexpected any. Specify a different type.  
@typescript-eslint/no-explicit-any
25:24  Warning: Unsafe member access .gtag on an `any` value.  
@typescript-eslint/no-unsafe-member-access
43:11  Error: `'` can be escaped with `&apos;`, `&lsquo;`, `&#39;`, `&rsquo;`. 
 react/no-unescaped-entities

./components/error-boundary.tsx
44:53  Error: Unexpected any. Specify a different type.  
@typescript-eslint/no-explicit-any
44:58  Warning: Unsafe member access .Sentry on an `any` value.  
@typescript-eslint/no-unsafe-member-access
45:8  Warning: Unsafe call of a(n) `any` typed value.  
@typescript-eslint/no-unsafe-call
45:19  Error: Unexpected any. Specify a different type.  
@typescript-eslint/no-explicit-any
45:24  Warning: Unsafe member access .Sentry on an `any` value.  
@typescript-eslint/no-unsafe-member-access
53:7  Warning: Unexpected console statement.  no-console
56:7  Warning: Unexpected console statement.  no-console
57:7  Warning: Unexpected console statement.  no-console
58:7  Warning: Unexpected console statement.  no-console

./components/events/create-event-form.tsx
98:13  Warning: Unsafe assignment of an `any` value.  
@typescript-eslint/no-unsafe-assignment
101:32  Warning: Unsafe member access .error on an `any` value.  
@typescript-eslint/no-unsafe-member-access
110:31  Warning: Unsafe member access .data on an `any` value.  
@typescript-eslint/no-unsafe-member-access
111:26  Warning: Unsafe member access .data on an `any` value.  
@typescript-eslint/no-unsafe-member-access
113:39  Warning: Unsafe member access .data on an `any` value.  
@typescript-eslint/no-unsafe-member-access

./components/events/create-event-modal.tsx
35:9  Warning: Unsafe assignment of an `any` value.  
@typescript-eslint/no-unsafe-assignment
36:15  Warning: Unsafe member access .artist on an `any` value.  
@typescript-eslint/no-unsafe-member-access

./components/events/event-card.tsx
69:13  Warning: Unsafe assignment of an `any` value.  
@typescript-eslint/no-unsafe-assignment
72:30  Warning: Unsafe member access .error on an `any` value.  
@typescript-eslint/no-unsafe-member-access

./components/events/event-list.tsx
44:13  Warning: Unsafe assignment of an `any` value.  
@typescript-eslint/no-unsafe-assignment
47:32  Warning: Unsafe member access .error on an `any` value.  
@typescript-eslint/no-unsafe-member-access
50:24  Warning: Unsafe member access .data on an `any` value.  
@typescript-eslint/no-unsafe-member-access

./components/events/event-owner-actions.tsx
34:13  Warning: Unsafe assignment of an `any` value.  
@typescript-eslint/no-unsafe-assignment
37:30  Warning: Unsafe member access .error on an `any` value.  
@typescript-eslint/no-unsafe-member-access

./components/events/event-owner-inline-actions.tsx
40:13  Warning: Unsafe assignment of an `any` value.  
@typescript-eslint/no-unsafe-assignment
43:30  Warning: Unsafe member access .error on an `any` value.  
@typescript-eslint/no-unsafe-member-access

./components/events/rsvp-button.tsx
47:13  Warning: Unsafe assignment of an `any` value.  
@typescript-eslint/no-unsafe-assignment
50:30  Warning: Unsafe member access .error on an `any` value.  
@typescript-eslint/no-unsafe-member-access
54:25  Warning: Unsafe member access .data on an `any` value.  
@typescript-eslint/no-unsafe-member-access

./components/feed/discovery-feed.tsx
42:13  Warning: Unsafe assignment of an `any` value.  
@typescript-eslint/no-unsafe-assignment
45:32  Warning: Unsafe member access .error on an `any` value.  
@typescript-eslint/no-unsafe-member-access
48:23  Warning: Unsafe member access .data on an `any` value.  
@typescript-eslint/no-unsafe-member-access
99:50  Warning: Unsafe assignment of an `any` value.  
@typescript-eslint/no-unsafe-assignment
102:52  Warning: Unsafe assignment of an `any` value.  
@typescript-eslint/no-unsafe-assignment
105:50  Warning: Unsafe assignment of an `any` value.  
@typescript-eslint/no-unsafe-assignment
108:50  Warning: Unsafe assignment of an `any` value.  
@typescript-eslint/no-unsafe-assignment

./components/feed/share-dialog.tsx
69:13  Warning: Unsafe assignment of an `any` value.  
@typescript-eslint/no-unsafe-assignment
73:31  Warning: Unsafe member access .data on an `any` value.  
@typescript-eslint/no-unsafe-member-access
116:13  Warning: Unsafe assignment of an `any` value.  
@typescript-eslint/no-unsafe-assignment
119:30  Warning: Unsafe member access .error on an `any` value.  
@typescript-eslint/no-unsafe-member-access

./components/location/location-permission-dialog.tsx
60:14  Error: 'error' is defined but never used.  
@typescript-eslint/no-unused-vars
109:30  Error: `'` can be escaped with `&apos;`, `&lsquo;`, `&#39;`, 
`&rsquo;`.  react/no-unescaped-entities
218:34  Error: `'` can be escaped with `&apos;`, `&lsquo;`, `&#39;`, 
`&rsquo;`.  react/no-unescaped-entities
234:21  Error: `'` can be escaped with `&apos;`, `&lsquo;`, `&#39;`, 
`&rsquo;`.  react/no-unescaped-entities

./components/location/saved-locations-dialog.tsx
97:14  Error: 'error' is defined but never used.  
@typescript-eslint/no-unused-vars
117:14  Error: 'error' is defined but never used.  
@typescript-eslint/no-unused-vars
137:14  Error: 'error' is defined but never used.  
@typescript-eslint/no-unused-vars

./components/messages/conversation-list.tsx
69:21  Warning: Unsafe assignment of an `any` value.  
@typescript-eslint/no-unsafe-assignment
69:63  Error: Unexpected any. Specify a different type.  
@typescript-eslint/no-explicit-any
89:33  Warning: Unsafe assignment of an `any` value.  
@typescript-eslint/no-unsafe-assignment

./components/messages/message-bubble.tsx
69:14  Error: 'error' is defined but never used.  
@typescript-eslint/no-unused-vars

./components/messages/message-input.tsx
96:11  Warning: Unsafe assignment of an `any` value.  
@typescript-eslint/no-unsafe-assignment
99:30  Warning: Unsafe member access .error on an `any` value.  
@typescript-eslint/no-unsafe-member-access
102:19  Warning: Unsafe member access .data on an `any` value.  
@typescript-eslint/no-unsafe-member-access

./components/messages/message-thread.tsx
71:46  Error: Unexpected any. Specify a different type.  
@typescript-eslint/no-explicit-any

./components/messages/user-search-dialog.tsx
44:15  Warning: Unsafe assignment of an `any` value.  
@typescript-eslint/no-unsafe-assignment
47:34  Warning: Unsafe member access .error on an `any` value.  
@typescript-eslint/no-unsafe-member-access
50:25  Warning: Unsafe member access .data on an `any` value.  
@typescript-eslint/no-unsafe-member-access
130:73  Error: `"` can be escaped with `&quot;`, `&ldquo;`, `&#34;`, 
`&rdquo;`.  react/no-unescaped-entities
130:81  Error: `"` can be escaped with `&quot;`, `&ldquo;`, `&#34;`, 
`&rdquo;`.  react/no-unescaped-entities

./components/moderation/moderation-log-table.tsx
107:13  Warning: Unsafe assignment of an `any` value.  
@typescript-eslint/no-unsafe-assignment
110:32  Warning: Unsafe member access .error on an `any` value.  
@typescript-eslint/no-unsafe-member-access
113:22  Warning: Unsafe member access .data on an `any` value.  
@typescript-eslint/no-unsafe-member-access

./components/moderation/report-card.tsx
46:13  Warning: Unsafe assignment of an `any` value.  
@typescript-eslint/no-unsafe-assignment
49:32  Warning: Unsafe member access .error on an `any` value.  
@typescript-eslint/no-unsafe-member-access
91:13  Warning: Unsafe assignment of an `any` value.  
@typescript-eslint/no-unsafe-assignment
94:32  Warning: Unsafe member access .error on an `any` value.  
@typescript-eslint/no-unsafe-member-access

./components/moderation/report-form.tsx
64:13  Warning: Unsafe assignment of an `any` value.  
@typescript-eslint/no-unsafe-assignment
67:32  Warning: Unsafe member access .error on an `any` value.  
@typescript-eslint/no-unsafe-member-access

./components/moderation/report-queue.tsx
49:13  Warning: Unsafe assignment of an `any` value.  
@typescript-eslint/no-unsafe-assignment
52:32  Warning: Unsafe member access .error on an `any` value.  
@typescript-eslint/no-unsafe-member-access
55:25  Warning: Unsafe member access .data on an `any` value.  
@typescript-eslint/no-unsafe-member-access

./components/notifications/notification-dropdown.tsx
38:51  Error: Unexpected any. Specify a different type.  
@typescript-eslint/no-explicit-any
265:17  Error: `'` can be escaped with `&apos;`, `&lsquo;`, `&#39;`, 
`&rsquo;`.  react/no-unescaped-entities
272:21  Warning: Unsafe assignment of an `any` value.  
@typescript-eslint/no-unsafe-assignment

./components/notifications/notification-list.tsx
30:51  Error: Unexpected any. Specify a different type.  
@typescript-eslint/no-explicit-any
130:15  Warning: Unsafe assignment of an `any` value.  
@typescript-eslint/no-unsafe-assignment

./components/notifications/notification-preferences.tsx
17:9  Error: Unexpected any. Specify a different type.  
@typescript-eslint/no-explicit-any
99:15  Warning: Unsafe assignment of an `any` value.  
@typescript-eslint/no-unsafe-assignment
100:29  Warning: Unsafe member access .preferences on an `any` value.  
@typescript-eslint/no-unsafe-member-access
182:19  Warning: Unsafe assignment of an `any` value.  
@typescript-eslint/no-unsafe-assignment

./components/polls/create-poll-form.tsx
98:13  Warning: Unsafe assignment of an `any` value.  
@typescript-eslint/no-unsafe-assignment
101:30  Warning: Unsafe member access .error on an `any` value.  
@typescript-eslint/no-unsafe-member-access

./components/polls/edit-poll-modal.tsx
102:13  Warning: Unsafe assignment of an `any` value.  
@typescript-eslint/no-unsafe-assignment
105:30  Warning: Unsafe member access .error on an `any` value.  
@typescript-eslint/no-unsafe-member-access

./components/polls/poll-analytics.tsx
41:6  Warning: React Hook useEffect has a missing dependency: 
'fetchAnalytics'. Either include it or remove the dependency array.  
react-hooks/exhaustive-deps
51:13  Warning: Unsafe assignment of an `any` value.  
@typescript-eslint/no-unsafe-assignment
54:30  Warning: Unsafe member access .error on an `any` value.  
@typescript-eslint/no-unsafe-member-access
57:29  Warning: Unsafe member access .data on an `any` value.  
@typescript-eslint/no-unsafe-member-access

./components/polls/poll-card.tsx
71:13  Warning: Unsafe assignment of an `any` value.  
@typescript-eslint/no-unsafe-assignment
74:30  Warning: Unsafe member access .error on an `any` value.  
@typescript-eslint/no-unsafe-member-access
79:23  Warning: Unsafe member access .data on an `any` value.  
@typescript-eslint/no-unsafe-member-access
80:26  Warning: Unsafe member access .data on an `any` value.  
@typescript-eslint/no-unsafe-member-access

./components/polls/poll-feed.tsx
72:15  Warning: Unsafe assignment of an `any` value.  
@typescript-eslint/no-unsafe-assignment
75:34  Warning: Unsafe member access .error on an `any` value.  
@typescript-eslint/no-unsafe-member-access
78:15  Warning: Unsafe assignment of an `any` value.  
@typescript-eslint/no-unsafe-assignment
78:33  Warning: Unsafe member access .data on an `any` value.  
@typescript-eslint/no-unsafe-member-access
83:40  Warning: Unsafe spread of an `any` value in an array.  
@typescript-eslint/no-unsafe-assignment
87:29  Warning: Unsafe member access .length on an `any` value.  
@typescript-eslint/no-unsafe-member-access
184:68  Error: `'` can be escaped with `&apos;`, `&lsquo;`, `&#39;`, 
`&rsquo;`.  react/no-unescaped-entities

./components/polls/poll-share-button.tsx
55:14  Error: 'error' is defined but never used.  
@typescript-eslint/no-unused-vars

./components/posts/admin-post-actions.tsx
39:13  Warning: Unsafe assignment of an `any` value.  
@typescript-eslint/no-unsafe-assignment
42:30  Warning: Unsafe member access .error on an `any` value.  
@typescript-eslint/no-unsafe-member-access
71:13  Warning: Unsafe assignment of an `any` value.  
@typescript-eslint/no-unsafe-assignment
74:30  Warning: Unsafe member access .error on an `any` value.  
@typescript-eslint/no-unsafe-member-access
107:13  Warning: Unsafe assignment of an `any` value.  
@typescript-eslint/no-unsafe-assignment
110:30  Warning: Unsafe member access .error on an `any` value.  
@typescript-eslint/no-unsafe-member-access

./components/posts/comment-actions.tsx
80:13  Warning: Unsafe assignment of an `any` value.  
@typescript-eslint/no-unsafe-assignment
83:30  Warning: Unsafe member access .error on an `any` value.  
@typescript-eslint/no-unsafe-member-access
116:13  Warning: Unsafe assignment of an `any` value.  
@typescript-eslint/no-unsafe-assignment
119:30  Warning: Unsafe member access .error on an `any` value.  
@typescript-eslint/no-unsafe-member-access

./components/posts/comment-form.tsx
56:13  Warning: Unsafe assignment of an `any` value.  
@typescript-eslint/no-unsafe-assignment
59:30  Warning: Unsafe member access .error on an `any` value.  
@typescript-eslint/no-unsafe-member-access

./components/posts/create-post-form.tsx
96:15  Warning: Unsafe assignment of an `any` value.  
@typescript-eslint/no-unsafe-assignment
99:40  Warning: Unsafe member access .error on an `any` value.  
@typescript-eslint/no-unsafe-member-access
102:9  Warning: Unsafe assignment of an `any` value.  
@typescript-eslint/no-unsafe-assignment
102:33  Warning: Unsafe member access .data on an `any` value.  
@typescript-eslint/no-unsafe-member-access
111:11  Warning: Unsafe assignment of an `any` value.  
@typescript-eslint/no-unsafe-assignment
115:13  Warning: Unsafe assignment of an `any` value.  
@typescript-eslint/no-unsafe-assignment
118:32  Warning: Unsafe member access .error on an `any` value.  
@typescript-eslint/no-unsafe-member-access
134:38  Warning: Unsafe member access .data on an `any` value.  
@typescript-eslint/no-unsafe-member-access

./components/posts/draft-manager.tsx
139:16  Error: 'error' is defined but never used.  
@typescript-eslint/no-unused-vars
164:14  Error: 'error' is defined but never used.  
@typescript-eslint/no-unused-vars
189:14  Error: 'error' is defined but never used.  
@typescript-eslint/no-unused-vars
220:14  Error: 'error' is defined but never used.  
@typescript-eslint/no-unused-vars
245:14  Error: 'error' is defined but never used.  
@typescript-eslint/no-unused-vars
311:68  Error: Unexpected any. Specify a different type.  
@typescript-eslint/no-explicit-any

./components/posts/enhanced-comment-thread.tsx
41:17  Error: Unexpected any. Specify a different type.  
@typescript-eslint/no-explicit-any
457:9  Warning: The 'safeComments' conditional could make the dependencies of 
useMemo Hook (at line 472) change on every render. To fix this, wrap the 
initialization of 'safeComments' in its own useMemo() Hook.  
react-hooks/exhaustive-deps

./components/posts/enhanced-media-gallery.tsx
47:14  Error: Unexpected any. Specify a different type.  
@typescript-eslint/no-explicit-any
122:7  Warning: Unexpected console statement.  no-console
185:13  Warning: Unexpected console statement.  no-console

./components/posts/gif-picker.tsx
46:13  Warning: Unsafe assignment of an `any` value.  
@typescript-eslint/no-unsafe-assignment
47:20  Warning: Unsafe member access .data on an `any` value.  
@typescript-eslint/no-unsafe-member-access
68:13  Warning: Unsafe assignment of an `any` value.  
@typescript-eslint/no-unsafe-assignment
69:20  Warning: Unsafe member access .data on an `any` value.  
@typescript-eslint/no-unsafe-member-access

./components/posts/media-gallery.tsx
30:11  Warning: Unsafe assignment of an `any` value.  
@typescript-eslint/no-unsafe-assignment
30:30  Error: Unexpected any. Specify a different type.  
@typescript-eslint/no-explicit-any
31:24  Warning: Unsafe member access .connection on an `any` value.  
@typescript-eslint/no-unsafe-member-access
56:51  Error: Unexpected any. Specify a different type.  
@typescript-eslint/no-explicit-any
56:56  Warning: Unsafe member access .mediaType on an `any` value.  
@typescript-eslint/no-unsafe-member-access
124:49  Error: Unexpected any. Specify a different type.  
@typescript-eslint/no-explicit-any
124:54  Warning: Unsafe member access .mediaType on an `any` value.  
@typescript-eslint/no-unsafe-member-access
126:11  Warning: Unsafe assignment of an `any` value.  
@typescript-eslint/no-unsafe-assignment
126:58  Error: Unexpected any. Specify a different type.  
@typescript-eslint/no-explicit-any
126:63  Warning: Unsafe member access .thumbnailUrl on an `any` value.  
@typescript-eslint/no-unsafe-member-access
148:13  Warning: Unsafe assignment of an `any` value.  
@typescript-eslint/no-unsafe-assignment
148:51  Error: Unexpected any. Specify a different type.  
@typescript-eslint/no-explicit-any
148:56  Warning: Unsafe member access .mimeType on an `any` value.  
@typescript-eslint/no-unsafe-member-access
179:20  Warning: Unsafe assignment of an `any` value.  
@typescript-eslint/no-unsafe-assignment
179:46  Error: Unexpected any. Specify a different type.  
@typescript-eslint/no-explicit-any
179:51  Warning: Unsafe member access .altText on an `any` value.  
@typescript-eslint/no-unsafe-member-access
215:16  Warning: Unsafe assignment of an `any` value.  
@typescript-eslint/no-unsafe-assignment
215:42  Error: Unexpected any. Specify a different type.  
@typescript-eslint/no-explicit-any
215:47  Warning: Unsafe member access .altText on an `any` value.  
@typescript-eslint/no-unsafe-member-access

./components/posts/media-selection-toolbar.tsx
101:14  Error: 'error' is defined but never used.  
@typescript-eslint/no-unused-vars
149:14  Error: 'error' is defined but never used.  
@typescript-eslint/no-unused-vars

./components/posts/media-upload-gallery.tsx
348:32  Error: Unexpected any. Specify a different type.  
@typescript-eslint/no-explicit-any
353:15  Warning: Unsafe assignment of an `any` value.  
@typescript-eslint/no-unsafe-assignment
353:26  Warning: Unsafe member access .id on an `any` value.  
@typescript-eslint/no-unsafe-member-access
354:15  Warning: Unsafe assignment of an `any` value.  
@typescript-eslint/no-unsafe-assignment
354:27  Warning: Unsafe member access .url on an `any` value.  
@typescript-eslint/no-unsafe-member-access
355:15  Warning: Unsafe assignment of an `any` value.  
@typescript-eslint/no-unsafe-assignment
355:32  Warning: Unsafe member access .variants on an `any` value.  
@typescript-eslint/no-unsafe-member-access
356:15  Warning: Unsafe assignment of an `any` value.  
@typescript-eslint/no-unsafe-assignment
356:33  Warning: Unsafe member access .mediaType on an `any` value.  
@typescript-eslint/no-unsafe-member-access
357:15  Warning: Unsafe assignment of an `any` value.  
@typescript-eslint/no-unsafe-assignment
357:32  Warning: Unsafe member access .duration on an `any` value.  
@typescript-eslint/no-unsafe-member-access
358:15  Warning: Unsafe assignment of an `any` value.  
@typescript-eslint/no-unsafe-assignment
358:36  Warning: Unsafe member access .thumbnailUrl on an `any` value.  
@typescript-eslint/no-unsafe-member-access
359:15  Warning: Unsafe assignment of an `any` value.  
@typescript-eslint/no-unsafe-assignment
359:32  Warning: Unsafe member access .fileSize on an `any` value.  
@typescript-eslint/no-unsafe-member-access
360:15  Warning: Unsafe assignment of an `any` value.  
@typescript-eslint/no-unsafe-assignment
360:32  Warning: Unsafe member access .mimeType on an `any` value.  
@typescript-eslint/no-unsafe-member-access
361:15  Warning: Unsafe assignment of an `any` value.  
@typescript-eslint/no-unsafe-assignment
361:31  Warning: Unsafe member access .altText on an `any` value.  
@typescript-eslint/no-unsafe-member-access

./components/posts/post-actions.tsx
84:13  Warning: Unsafe assignment of an `any` value.  
@typescript-eslint/no-unsafe-assignment
87:30  Warning: Unsafe member access .error on an `any` value.  
@typescript-eslint/no-unsafe-member-access
120:13  Warning: Unsafe assignment of an `any` value.  
@typescript-eslint/no-unsafe-assignment
123:30  Warning: Unsafe member access .error on an `any` value.  
@typescript-eslint/no-unsafe-member-access

./components/posts/post-feed.tsx
81:15  Warning: Unsafe assignment of an `any` value.  
@typescript-eslint/no-unsafe-assignment
84:34  Warning: Unsafe member access .error on an `any` value.  
@typescript-eslint/no-unsafe-member-access
87:15  Warning: Unsafe assignment of an `any` value.  
@typescript-eslint/no-unsafe-assignment
87:33  Warning: Unsafe member access .data on an `any` value.  
@typescript-eslint/no-unsafe-member-access
92:40  Warning: Unsafe spread of an `any` value in an array.  
@typescript-eslint/no-unsafe-assignment
96:29  Warning: Unsafe member access .length on an `any` value.  
@typescript-eslint/no-unsafe-member-access

./components/posts/share-button.tsx
55:14  Error: 'error' is defined but never used.  
@typescript-eslint/no-unused-vars

./components/posts/vote-buttons.tsx
90:13  Warning: Unsafe assignment of an `any` value.  
@typescript-eslint/no-unsafe-assignment
93:32  Warning: Unsafe member access .error on an `any` value.  
@typescript-eslint/no-unsafe-member-access
97:25  Warning: Unsafe member access .data on an `any` value.  
@typescript-eslint/no-unsafe-member-access
98:27  Warning: Unsafe member access .data on an `any` value.  
@typescript-eslint/no-unsafe-member-access
99:26  Warning: Unsafe member access .data on an `any` value.  
@typescript-eslint/no-unsafe-member-access

./components/profile/location-settings.tsx
80:79  Error: `'` can be escaped with `&apos;`, `&lsquo;`, `&#39;`, `&rsquo;`. 
 react/no-unescaped-entities

./components/profile/profile-activity.tsx
17:12  Error: Unexpected any. Specify a different type.  
@typescript-eslint/no-explicit-any
24:14  Error: Unexpected any. Specify a different type.  
@typescript-eslint/no-explicit-any
25:16  Error: Unexpected any. Specify a different type.  
@typescript-eslint/no-explicit-any
36:50  Error: Unexpected any. Specify a different type.  
@typescript-eslint/no-explicit-any
49:13  Warning: Unsafe assignment of an `any` value.  
@typescript-eslint/no-unsafe-assignment
51:16  Warning: Unsafe member access .success on an `any` value.  
@typescript-eslint/no-unsafe-member-access
53:30  Warning: Unsafe member access .data on an `any` value.  
@typescript-eslint/no-unsafe-member-access
55:45  Warning: Unsafe spread of an `any` value in an array.  
@typescript-eslint/no-unsafe-assignment
55:53  Warning: Unsafe member access .data on an `any` value.  
@typescript-eslint/no-unsafe-member-access
57:25  Warning: Unsafe member access .hasMore on an `any` value.  
@typescript-eslint/no-unsafe-member-access
58:40  Warning: Unsafe member access .data on an `any` value.  
@typescript-eslint/no-unsafe-member-access
72:13  Warning: Unsafe assignment of an `any` value.  
@typescript-eslint/no-unsafe-assignment
74:16  Warning: Unsafe member access .success on an `any` value.  
@typescript-eslint/no-unsafe-member-access
75:29  Warning: Unsafe member access .data on an `any` value.  
@typescript-eslint/no-unsafe-member-access
118:55  Warning: Unsafe assignment of an `any` value.  
@typescript-eslint/no-unsafe-assignment
147:69  Warning: Unsafe assignment of an `any` value.  
@typescript-eslint/no-unsafe-assignment
174:39  Warning: Unsafe assignment of an `any` value.  
@typescript-eslint/no-unsafe-assignment
174:49  Warning: Unsafe member access .id on an `any` value.  
@typescript-eslint/no-unsafe-member-access
174:64  Warning: Unsafe assignment of an `any` value.  
@typescript-eslint/no-unsafe-assignment
187:45  Warning: Unsafe assignment of an `any` value.  
@typescript-eslint/no-unsafe-assignment
187:53  Warning: Unsafe member access .id on an `any` value.  
@typescript-eslint/no-unsafe-member-access
187:66  Warning: Unsafe assignment of an `any` value.  
@typescript-eslint/no-unsafe-assignment
196:39  Warning: Unsafe assignment of an `any` value.  
@typescript-eslint/no-unsafe-assignment
206:54  Error: Unexpected any. Specify a different type.  
@typescript-eslint/no-explicit-any
207:38  Warning: Unsafe member access .created_at on an `any` value.  
@typescript-eslint/no-unsafe-member-access
217:39  Warning: Unsafe member access .post on an `any` value.  
@typescript-eslint/no-unsafe-member-access
220:24  Warning: Unsafe member access .post on an `any` value.  
@typescript-eslint/no-unsafe-member-access
225:63  Warning: Unsafe member access .body on an `any` value.  
@typescript-eslint/no-unsafe-member-access
227:28  Warning: Unsafe member access .upvotes on an `any` value.  
@typescript-eslint/no-unsafe-member-access
227:46  Warning: Unsafe member access .downvotes on an `any` value.  
@typescript-eslint/no-unsafe-member-access
228:22  Warning: Unsafe member access .post on an `any` value.  
@typescript-eslint/no-unsafe-member-access
232:49  Warning: Unsafe member access .post on an `any` value.  
@typescript-eslint/no-unsafe-member-access
235:30  Warning: Unsafe member access .post on an `any` value.  
@typescript-eslint/no-unsafe-member-access
247:54  Error: Unexpected any. Specify a different type.  
@typescript-eslint/no-explicit-any
256:32  Warning: Computed name [booking.status] resolves to an `any` value.  
@typescript-eslint/no-unsafe-member-access
256:40  Warning: Unsafe member access .status on an `any` value.  
@typescript-eslint/no-unsafe-member-access
261:42  Warning: Unsafe member access .id on an `any` value.  
@typescript-eslint/no-unsafe-member-access
266:28  Warning: Unsafe member access .artist on an `any` value.  
@typescript-eslint/no-unsafe-member-access
269:20  Warning: Unsafe call of a(n) `any` typed value.  
@typescript-eslint/no-unsafe-call
269:28  Warning: Unsafe member access .artist on an `any` value.  
@typescript-eslint/no-unsafe-member-access
272:41  Warning: Unsafe call of a(n) `any` typed value.  
@typescript-eslint/no-unsafe-call
272:49  Warning: Unsafe member access .status on an `any` value.  
@typescript-eslint/no-unsafe-member-access
275:45  Warning: Unsafe member access .event_date on an `any` value.  
@typescript-eslint/no-unsafe-member-access
285:47  Error: Unexpected any. Specify a different type.  
@typescript-eslint/no-explicit-any
293:26  Warning: Unsafe member access .stage_name on an `any` value.  
@typescript-eslint/no-unsafe-member-access
297:46  Warning: Unsafe call of a(n) `any` typed value.  
@typescript-eslint/no-unsafe-call
297:53  Warning: Unsafe member access .service_category on an `any` value.  
@typescript-eslint/no-unsafe-member-access
301:38  Warning: Unsafe member access .subscription_status on an `any` value.  
@typescript-eslint/no-unsafe-member-access
302:25  Warning: Unsafe member access .subscription_status on an `any` value.  
@typescript-eslint/no-unsafe-member-access
306:45  Warning: Unsafe member access .id on an `any` value.  
@typescript-eslint/no-unsafe-member-access

./components/profile/profile-delete-dialog.tsx
53:13  Warning: Unsafe assignment of an `any` value.  
@typescript-eslint/no-unsafe-assignment
55:33  Warning: Unsafe member access .success on an `any` value.  
@typescript-eslint/no-unsafe-member-access
63:32  Warning: Unsafe member access .error on an `any` value.  
@typescript-eslint/no-unsafe-member-access

./components/profile/profile-edit-dialog.tsx
85:13  Warning: Unsafe assignment of an `any` value.  
@typescript-eslint/no-unsafe-assignment
87:33  Warning: Unsafe member access .success on an `any` value.  
@typescript-eslint/no-unsafe-member-access
95:32  Warning: Unsafe member access .error on an `any` value.  
@typescript-eslint/no-unsafe-member-access

./components/ui/adsense.tsx
61:24  Error: Unexpected any. Specify a different type.  
@typescript-eslint/no-explicit-any
61:29  Warning: Unsafe member access .adsbygoogle on an `any` value.  
@typescript-eslint/no-unsafe-member-access
61:55  Error: Unexpected any. Specify a different type.  
@typescript-eslint/no-explicit-any
61:60  Warning: Unsafe member access .adsbygoogle on an `any` value.  
@typescript-eslint/no-unsafe-member-access
62:12  Warning: Unsafe assignment of an `any` value.  
@typescript-eslint/no-unsafe-assignment
62:23  Error: Unexpected any. Specify a different type.  
@typescript-eslint/no-explicit-any
62:28  Warning: Unsafe member access .adsbygoogle on an `any` value.  
@typescript-eslint/no-unsafe-member-access
62:53  Error: Unexpected any. Specify a different type.  
@typescript-eslint/no-explicit-any
62:58  Warning: Unsafe member access .adsbygoogle on an `any` value.  
@typescript-eslint/no-unsafe-member-access
63:12  Warning: Unsafe call of a(n) `any` typed value.  
@typescript-eslint/no-unsafe-call
63:23  Error: Unexpected any. Specify a different type.  
@typescript-eslint/no-explicit-any
63:28  Warning: Unsafe member access .adsbygoogle on an `any` value.  
@typescript-eslint/no-unsafe-member-access

./components/ui/emoji-picker.tsx
53:37  Error: Unexpected any. Specify a different type.  
@typescript-eslint/no-explicit-any
54:25  Warning: Unsafe member access .native on an `any` value.  
@typescript-eslint/no-unsafe-member-access

./components/ui/video-player.tsx
169:11  Warning: Unsafe assignment of an `any` value.  
@typescript-eslint/no-unsafe-assignment
169:39  Error: Unexpected any. Specify a different type.  
@typescript-eslint/no-explicit-any
172:24  Error: Unexpected any. Specify a different type.  
@typescript-eslint/no-explicit-any
172:29  Warning: Unsafe member access .pictureInPictureElement on an `any` 
value.  @typescript-eslint/no-unsafe-member-access
173:15  Warning: Unsafe call of a(n) `any` typed value.  
@typescript-eslint/no-unsafe-call
173:28  Error: Unexpected any. Specify a different type.  
@typescript-eslint/no-explicit-any
173:33  Warning: Unsafe member access .exitPictureInPicture on an `any` value. 
 @typescript-eslint/no-unsafe-member-access
175:24  Warning: Unsafe member access .requestPictureInPicture on an `any` 
value.  @typescript-eslint/no-unsafe-member-access
176:15  Warning: Unsafe call of a(n) `any` typed value.  
@typescript-eslint/no-unsafe-call
176:21  Warning: Unsafe member access .requestPictureInPicture on an `any` 
value.  @typescript-eslint/no-unsafe-member-access

./lib/ai/event-processor.ts
134:13  Warning: Unsafe assignment of an `any` value.  
@typescript-eslint/no-unsafe-assignment
137:15  Warning: Unsafe assignment of an `any` value.  
@typescript-eslint/no-unsafe-assignment
137:50  Warning: Unsafe member access .events on an `any` value.  
@typescript-eslint/no-unsafe-member-access
138:13  Warning: Unsafe call of a(n) `any` typed value.  
@typescript-eslint/no-unsafe-call
138:20  Warning: Unsafe member access .events on an `any` value.  
@typescript-eslint/no-unsafe-member-access
149:11  Warning: Unsafe assignment of an `any` value.  
@typescript-eslint/no-unsafe-assignment
149:46  Warning: Unsafe member access .enhanced_description on an `any` value. 
 @typescript-eslint/no-unsafe-member-access
150:11  Warning: Unsafe assignment of an `any` value.  
@typescript-eslint/no-unsafe-assignment
150:37  Warning: Unsafe member access .ai_category on an `any` value.  
@typescript-eslint/no-unsafe-member-access
151:11  Warning: Unsafe assignment of an `any` value.  
@typescript-eslint/no-unsafe-assignment
151:30  Warning: Unsafe member access .slug on an `any` value.  
@typescript-eslint/no-unsafe-member-access
213:11  Warning: Unsafe assignment of an `any` value.  
@typescript-eslint/no-unsafe-assignment
223:30  Warning: Unsafe member access .duplicateGroups on an `any` value.  
@typescript-eslint/no-unsafe-member-access
224:7  Warning: Unsafe call of a(n) `any` typed value.  
@typescript-eslint/no-unsafe-call
224:14  Warning: Unsafe member access .duplicateGroups on an `any` value.  
@typescript-eslint/no-unsafe-member-access
338:9  Warning: Unsafe assignment of an `any` value.  
@typescript-eslint/no-unsafe-assignment
339:15  Warning: Unsafe member access .choices on an `any` value.  
@typescript-eslint/no-unsafe-member-access
374:11  Warning: Unsafe assignment of an `any` value.  
@typescript-eslint/no-unsafe-assignment
375:19  Warning: Unsafe member access .category on an `any` value.  
@typescript-eslint/no-unsafe-member-access

./lib/cache/redis-cache.ts
16:33  Error: Unexpected any. Specify a different type.  
@typescript-eslint/no-explicit-any
343:19  Warning: Unsafe assignment of an `any` value.  
@typescript-eslint/no-unsafe-assignment
344:33  Warning: Unsafe assignment of an `any` value.  
@typescript-eslint/no-unsafe-assignment
344:48  Warning: Unsafe member access .hits on an `any` value.  
@typescript-eslint/no-unsafe-member-access
399:13  Warning: Unsafe assignment of an `any` value.  
@typescript-eslint/no-unsafe-assignment
403:9  Warning: Unsafe assignment of an `any` value.  
@typescript-eslint/no-unsafe-assignment
403:23  Warning: Unsafe member access .ttl on an `any` value.  
@typescript-eslint/no-unsafe-member-access
404:38  Warning: Unsafe member access .createdAt on an `any` value.  
@typescript-eslint/no-unsafe-member-access
405:38  Warning: Unsafe member access .expiresAt on an `any` value.  
@typescript-eslint/no-unsafe-member-access
406:9  Warning: Unsafe assignment of an `any` value.  
@typescript-eslint/no-unsafe-assignment
406:24  Warning: Unsafe member access .hits on an `any` value.  
@typescript-eslint/no-unsafe-member-access
407:9  Warning: Unsafe assignment of an `any` value.  
@typescript-eslint/no-unsafe-assignment
407:24  Warning: Unsafe member access .tags on an `any` value.  
@typescript-eslint/no-unsafe-member-access
443:15  Warning: Unsafe assignment of an `any` value.  
@typescript-eslint/no-unsafe-assignment
444:9  Warning: Unsafe assignment of an `any` value.  
@typescript-eslint/no-unsafe-assignment
444:18  Warning: Unsafe member access .hits on an `any` value.  
@typescript-eslint/no-unsafe-member-access
444:35  Warning: Unsafe member access .hits on an `any` value.  
@typescript-eslint/no-unsafe-member-access
446:62  Warning: Unsafe member access .ttl on an `any` value.  
@typescript-eslint/no-unsafe-member-access

./lib/context/auth-context.tsx
41:15  Warning: Unsafe object destructuring of a property with an `any` value. 
 @typescript-eslint/no-unsafe-assignment

./lib/context/location-context.tsx
76:15  Warning: Unsafe assignment of an `any` value.  
@typescript-eslint/no-unsafe-assignment
77:15  Warning: Unsafe assignment of an `any` value.  
@typescript-eslint/no-unsafe-assignment
78:16  Warning: Unsafe member access .address on an `any` value.  
@typescript-eslint/no-unsafe-member-access
79:16  Warning: Unsafe member access .address on an `any` value.  
@typescript-eslint/no-unsafe-member-access
80:16  Warning: Unsafe member access .address on an `any` value.  
@typescript-eslint/no-unsafe-member-access
81:16  Warning: Unsafe member access .address on an `any` value.  
@typescript-eslint/no-unsafe-member-access

./lib/context/messages-context.tsx
84:15  Warning: Unsafe assignment of an `any` value.  
@typescript-eslint/no-unsafe-assignment
85:32  Warning: Unsafe member access .error on an `any` value.  
@typescript-eslint/no-unsafe-member-access

./lib/context/notification-context.tsx
254:13  Warning: Unsafe assignment of an `any` value.  
@typescript-eslint/no-unsafe-assignment
254:49  Error: Unexpected any. Specify a different type.  
@typescript-eslint/no-explicit-any
254:55  Warning: Unsafe member access .unreadCount on an `any` value.  
@typescript-eslint/no-unsafe-member-access
288:64  Warning: Unsafe assignment of an `any` value.  
@typescript-eslint/no-unsafe-assignment
383:13  Warning: Unsafe assignment of an `any` value.  
@typescript-eslint/no-unsafe-assignment
383:86  Error: Unexpected any. Specify a different type.  
@typescript-eslint/no-explicit-any
384:13  Warning: Unsafe assignment of an `any` value.  
@typescript-eslint/no-unsafe-assignment
384:43  Warning: Unsafe member access .unreadCount on an `any` value.  
@typescript-eslint/no-unsafe-member-access
395:11  Warning: Unsafe assignment of an `any` value.  
@typescript-eslint/no-unsafe-assignment
457:15  Warning: Unsafe assignment of an `any` value.  
@typescript-eslint/no-unsafe-assignment
457:45  Error: Unexpected any. Specify a different type.  
@typescript-eslint/no-explicit-any
458:28  Warning: Unsafe member access .id on an `any` value.  
@typescript-eslint/no-unsafe-member-access
461:48  Warning: Unsafe member access .id on an `any` value.  
@typescript-eslint/no-unsafe-member-access
465:53  Warning: Unsafe member access .id on an `any` value.  
@typescript-eslint/no-unsafe-member-access
470:70  Warning: Unsafe member access .id on an `any` value.  
@typescript-eslint/no-unsafe-member-access
471:53  Warning: Unsafe member access .id on an `any` value.  
@typescript-eslint/no-unsafe-member-access
479:27  Warning: Unsafe member access .id on an `any` value.  
@typescript-eslint/no-unsafe-member-access
479:47  Warning: Unsafe member access .user_id on an `any` value.  
@typescript-eslint/no-unsafe-member-access
479:72  Warning: Unsafe member access .type on an `any` value.  
@typescript-eslint/no-unsafe-member-access
481:62  Warning: Unsafe member access .id on an `any` value.  
@typescript-eslint/no-unsafe-member-access
488:11  Warning: Unsafe assignment of an `any` value.  
@typescript-eslint/no-unsafe-assignment
488:28  Warning: Unsafe member access .id on an `any` value.  
@typescript-eslint/no-unsafe-member-access
489:11  Warning: Unsafe assignment of an `any` value.  
@typescript-eslint/no-unsafe-assignment
489:35  Warning: Unsafe member access .created_at on an `any` value.  
@typescript-eslint/no-unsafe-member-access
494:27  Warning: Unsafe member access .is_read on an `any` value.  
@typescript-eslint/no-unsafe-member-access
502:87  Warning: Unsafe member access .id on an `any` value.  
@typescript-eslint/no-unsafe-member-access
528:21  Warning: Unsafe assignment of an `any` value.  
@typescript-eslint/no-unsafe-assignment
530:37  Warning: Unsafe member access .actor_id on an `any` value.  
@typescript-eslint/no-unsafe-member-access
530:50  Warning: Unsafe assignment of an `any` value.  
@typescript-eslint/no-unsafe-assignment
530:67  Warning: Unsafe member access .actor_id on an `any` value.  
@typescript-eslint/no-unsafe-member-access
534:77  Warning: Unsafe member access .id on an `any` value.  
@typescript-eslint/no-unsafe-member-access
535:59  Warning: Unsafe member access .id on an `any` value.  
@typescript-eslint/no-unsafe-member-access
547:34  Warning: Unsafe member access .id on an `any` value.  
@typescript-eslint/no-unsafe-member-access
548:36  Warning: Unsafe member access .type on an `any` value.  
@typescript-eslint/no-unsafe-member-access
575:15  Warning: Unsafe assignment of an `any` value.  
@typescript-eslint/no-unsafe-assignment
575:45  Error: Unexpected any. Specify a different type.  
@typescript-eslint/no-explicit-any
576:28  Warning: Unsafe member access .id on an `any` value.  
@typescript-eslint/no-unsafe-member-access
579:48  Warning: Unsafe member access .id on an `any` value.  
@typescript-eslint/no-unsafe-member-access
583:53  Warning: Unsafe member access .id on an `any` value.  
@typescript-eslint/no-unsafe-member-access
591:11  Warning: Unsafe assignment of an `any` value.  
@typescript-eslint/no-unsafe-assignment
591:28  Warning: Unsafe member access .id on an `any` value.  
@typescript-eslint/no-unsafe-member-access
592:11  Warning: Unsafe assignment of an `any` value.  
@typescript-eslint/no-unsafe-assignment
592:35  Warning: Unsafe member access .created_at on an `any` value.  
@typescript-eslint/no-unsafe-member-access
604:43  Warning: Unsafe member access .id on an `any` value.  
@typescript-eslint/no-unsafe-member-access
611:26  Warning: Unsafe member access .is_read on an `any` value.  
@typescript-eslint/no-unsafe-member-access
613:17  Warning: Unsafe assignment of an `any` value.  
@typescript-eslint/no-unsafe-assignment
613:42  Warning: Unsafe member access .is_read on an `any` value.  
@typescript-eslint/no-unsafe-member-access
621:84  Warning: Unsafe member access .id on an `any` value.  
@typescript-eslint/no-unsafe-member-access
653:15  Warning: Unsafe assignment of an `any` value.  
@typescript-eslint/no-unsafe-assignment
653:45  Error: Unexpected any. Specify a different type.  
@typescript-eslint/no-explicit-any
654:28  Warning: Unsafe member access .id on an `any` value.  
@typescript-eslint/no-unsafe-member-access
657:48  Warning: Unsafe member access .id on an `any` value.  
@typescript-eslint/no-unsafe-member-access
661:53  Warning: Unsafe member access .id on an `any` value.  
@typescript-eslint/no-unsafe-member-access
669:11  Warning: Unsafe assignment of an `any` value.  
@typescript-eslint/no-unsafe-assignment
669:28  Warning: Unsafe member access .id on an `any` value.  
@typescript-eslint/no-unsafe-member-access
670:11  Warning: Unsafe assignment of an `any` value.  
@typescript-eslint/no-unsafe-assignment
670:35  Warning: Unsafe member access .created_at on an `any` value.  
@typescript-eslint/no-unsafe-member-access
674:60  Warning: Unsafe member access .id on an `any` value.  
@typescript-eslint/no-unsafe-member-access
676:41  Warning: Unsafe member access .is_read on an `any` value.  
@typescript-eslint/no-unsafe-member-access
676:66  Warning: Unsafe member access .read_at on an `any` value.  
@typescript-eslint/no-unsafe-member-access
685:93  Warning: Unsafe member access .id on an `any` value.  
@typescript-eslint/no-unsafe-member-access
698:84  Warning: Unsafe member access .id on an `any` value.  
@typescript-eslint/no-unsafe-member-access
734:30  Warning: The ref value 'duplicatePreventionRef.current' will likely 
have changed by the time this effect cleanup function runs. If this ref points 
to a node rendered by React, copy 'duplicatePreventionRef.current' to a 
variable inside the effect, and use that variable in the cleanup function.  
react-hooks/exhaustive-deps

./lib/database/transaction-manager.ts
17:40  Error: Unexpected any. Specify a different type.  
@typescript-eslint/no-explicit-any

./lib/hooks/use-conversations-realtime.ts
54:17  Warning: Unsafe assignment of an `any` value.  
@typescript-eslint/no-unsafe-assignment
55:37  Warning: Unsafe member access .error on an `any` value.  
@typescript-eslint/no-unsafe-member-access
58:15  Warning: Unsafe assignment of an `any` value.  
@typescript-eslint/no-unsafe-assignment
60:21  Warning: Unsafe member access .success on an `any` value.  
@typescript-eslint/no-unsafe-member-access
61:34  Warning: Unsafe member access .error on an `any` value.  
@typescript-eslint/no-unsafe-member-access
64:15  Warning: Unsafe assignment of an `any` value.  
@typescript-eslint/no-unsafe-assignment
64:29  Warning: Unsafe member access .data on an `any` value.  
@typescript-eslint/no-unsafe-member-access
69:46  Warning: Unsafe call of a(n) `any` typed value.  
@typescript-eslint/no-unsafe-call
69:51  Warning: Unsafe member access .map on an `any` value.  
@typescript-eslint/no-unsafe-member-access
132:15  Warning: Unsafe assignment of an `any` value.  
@typescript-eslint/no-unsafe-assignment
133:58  Warning: Unsafe member access .error on an `any` value.  
@typescript-eslint/no-unsafe-member-access
136:13  Warning: Unsafe assignment of an `any` value.  
@typescript-eslint/no-unsafe-assignment
138:19  Warning: Unsafe member access .success on an `any` value.  
@typescript-eslint/no-unsafe-member-access
138:38  Warning: Unsafe member access .data on an `any` value.  
@typescript-eslint/no-unsafe-member-access
138:53  Warning: Unsafe member access .data on an `any` value.  
@typescript-eslint/no-unsafe-member-access
142:13  Warning: Unsafe assignment of an `any` value.  
@typescript-eslint/no-unsafe-assignment
142:35  Warning: Unsafe member access .data on an `any` value.  
@typescript-eslint/no-unsafe-member-access
146:69  Warning: Unsafe member access .id on an `any` value.  
@typescript-eslint/no-unsafe-member-access
149:55  Warning: Unsafe member access .id on an `any` value.  
@typescript-eslint/no-unsafe-member-access
153:61  Warning: Unsafe member access .id on an `any` value.  
@typescript-eslint/no-unsafe-member-access
230:19  Warning: Unsafe assignment of an `any` value.  
@typescript-eslint/no-unsafe-assignment
230:44  Error: Unexpected any. Specify a different type.  
@typescript-eslint/no-explicit-any
231:19  Warning: Unsafe assignment of an `any` value.  
@typescript-eslint/no-unsafe-assignment
231:45  Warning: Unsafe member access .conversation_id on an `any` value.  
@typescript-eslint/no-unsafe-member-access
257:17  Warning: Unsafe assignment of an `any` value.  
@typescript-eslint/no-unsafe-assignment
257:36  Warning: Unsafe member access .id on an `any` value.  
@typescript-eslint/no-unsafe-member-access
258:17  Warning: Unsafe assignment of an `any` value.  
@typescript-eslint/no-unsafe-assignment
272:19  Warning: Unsafe assignment of an `any` value.  
@typescript-eslint/no-unsafe-assignment
272:44  Error: Unexpected any. Specify a different type.  
@typescript-eslint/no-explicit-any
273:19  Warning: Unsafe assignment of an `any` value.  
@typescript-eslint/no-unsafe-assignment
273:45  Warning: Unsafe member access .conversation_id on an `any` value.  
@typescript-eslint/no-unsafe-member-access
279:92  Warning: Unsafe member access .id on an `any` value.  
@typescript-eslint/no-unsafe-member-access
294:19  Warning: Unsafe assignment of an `any` value.  
@typescript-eslint/no-unsafe-assignment
294:41  Error: Unexpected any. Specify a different type.  
@typescript-eslint/no-explicit-any
295:19  Warning: Unsafe assignment of an `any` value.  
@typescript-eslint/no-unsafe-assignment
295:37  Warning: Unsafe member access .message_id on an `any` value.  
@typescript-eslint/no-unsafe-member-access

./lib/hooks/use-intersection-observer.ts
54:6  Warning: React Hook useEffect has missing dependencies: 'threshold' and 
'updateEntry'. Either include them or remove the dependency array.  
react-hooks/exhaustive-deps
54:19  Warning: React Hook useEffect has a complex expression in the 
dependency array. Extract it to a separate variable so it can be statically 
checked.  react-hooks/exhaustive-deps

./lib/hooks/use-messages-realtime.ts
58:17  Warning: Unsafe assignment of an `any` value.  
@typescript-eslint/no-unsafe-assignment
59:37  Warning: Unsafe member access .error on an `any` value.  
@typescript-eslint/no-unsafe-member-access
62:15  Warning: Unsafe assignment of an `any` value.  
@typescript-eslint/no-unsafe-assignment
64:21  Warning: Unsafe member access .success on an `any` value.  
@typescript-eslint/no-unsafe-member-access
65:34  Warning: Unsafe member access .error on an `any` value.  
@typescript-eslint/no-unsafe-member-access
69:32  Warning: Unsafe call of a(n) `any` typed value.  
@typescript-eslint/no-unsafe-call
69:40  Warning: Unsafe member access .data on an `any` value.  
@typescript-eslint/no-unsafe-member-access
69:52  Warning: Unsafe member access .reverse on an `any` value.  
@typescript-eslint/no-unsafe-member-access
157:19  Warning: Unsafe assignment of an `any` value.  
@typescript-eslint/no-unsafe-assignment
158:39  Warning: Unsafe member access .error on an `any` value.  
@typescript-eslint/no-unsafe-member-access
161:17  Warning: Unsafe assignment of an `any` value.  
@typescript-eslint/no-unsafe-assignment
163:23  Warning: Unsafe member access .success on an `any` value.  
@typescript-eslint/no-unsafe-member-access
164:36  Warning: Unsafe member access .error on an `any` value.  
@typescript-eslint/no-unsafe-member-access
167:23  Warning: Unsafe member access .data on an `any` value.  
@typescript-eslint/no-unsafe-member-access
167:39  Warning: Unsafe member access .data on an `any` value.  
@typescript-eslint/no-unsafe-member-access
172:37  Warning: Unsafe member access .data on an `any` value.  
@typescript-eslint/no-unsafe-member-access
200:25  Warning: Unsafe member access .data on an `any` value.  
@typescript-eslint/no-unsafe-member-access
210:5  Warning: React Hook useCallback has a missing dependency: 
'loadMessages'. Either include it or remove the dependency array.  
react-hooks/exhaustive-deps
251:17  Warning: Unsafe assignment of an `any` value.  
@typescript-eslint/no-unsafe-assignment
252:17  Warning: Unsafe assignment of an `any` value.  
@typescript-eslint/no-unsafe-assignment
254:17  Warning: Unsafe assignment of an `any` value.  
@typescript-eslint/no-unsafe-assignment
264:23  Warning: Unsafe assignment of an `any` value.  
@typescript-eslint/no-unsafe-assignment
264:51  Error: Unexpected any. Specify a different type.  
@typescript-eslint/no-explicit-any
265:34  Warning: Unsafe member access .id on an `any` value.  
@typescript-eslint/no-unsafe-member-access
265:51  Warning: Unsafe member access .conversation_id on an `any` value.  
@typescript-eslint/no-unsafe-member-access
267:42  Warning: Unsafe member access .id on an `any` value.  
@typescript-eslint/no-unsafe-member-access
268:21  Warning: Unsafe assignment of an `any` value.  
@typescript-eslint/no-unsafe-assignment
268:44  Warning: Unsafe member access .id on an `any` value.  
@typescript-eslint/no-unsafe-member-access
269:21  Warning: Unsafe assignment of an `any` value.  
@typescript-eslint/no-unsafe-assignment
269:48  Warning: Unsafe member access .conversation_id on an `any` value.  
@typescript-eslint/no-unsafe-member-access
276:76  Warning: Unsafe member access .id on an `any` value.  
@typescript-eslint/no-unsafe-member-access
281:31  Warning: Unsafe object destructuring of a property with an `any` 
value.  @typescript-eslint/no-unsafe-assignment
312:40  Warning: Unsafe member access .id on an `any` value.  
@typescript-eslint/no-unsafe-member-access
317:68  Warning: Unsafe member access .id on an `any` value.  
@typescript-eslint/no-unsafe-member-access
327:38  Warning: Unsafe member access .id on an `any` value.  
@typescript-eslint/no-unsafe-member-access
328:38  Warning: Unsafe member access .conversation_id on an `any` value.  
@typescript-eslint/no-unsafe-member-access
329:38  Warning: Unsafe member access .sender_id on an `any` value.  
@typescript-eslint/no-unsafe-member-access
332:68  Warning: Unsafe member access .id on an `any` value.  
@typescript-eslint/no-unsafe-member-access
336:39  Warning: Unsafe member access .is_deleted on an `any` value.  
@typescript-eslint/no-unsafe-member-access
337:68  Warning: Unsafe member access .id on an `any` value.  
@typescript-eslint/no-unsafe-member-access
343:67  Warning: Unsafe member access .id on an `any` value.  
@typescript-eslint/no-unsafe-member-access
345:96  Warning: Unsafe member access .id on an `any` value.  
@typescript-eslint/no-unsafe-member-access
347:52  Warning: Unsafe member access .id on an `any` value.  
@typescript-eslint/no-unsafe-member-access
354:87  Warning: Unsafe member access .id on an `any` value.  
@typescript-eslint/no-unsafe-member-access
363:23  Warning: Unsafe assignment of an `any` value.  
@typescript-eslint/no-unsafe-assignment
382:23  Warning: Unsafe assignment of an `any` value.  
@typescript-eslint/no-unsafe-assignment
382:55  Error: Unexpected any. Specify a different type.  
@typescript-eslint/no-explicit-any
383:37  Warning: Unsafe member access .id on an `any` value.  
@typescript-eslint/no-unsafe-member-access
386:49  Warning: Unsafe member access .id on an `any` value.  
@typescript-eslint/no-unsafe-member-access
410:23  Warning: Unsafe assignment of an `any` value.  
@typescript-eslint/no-unsafe-assignment
483:30  Warning: The ref value 'duplicatePreventionRef.current' will likely 
have changed by the time this effect cleanup function runs. If this ref points 
to a node rendered by React, copy 'duplicatePreventionRef.current' to a 
variable inside the effect, and use that variable in the cleanup function.  
react-hooks/exhaustive-deps
549:13  Warning: Unsafe assignment of an `any` value.  
@typescript-eslint/no-unsafe-assignment
550:56  Warning: Unsafe member access .error on an `any` value.  
@typescript-eslint/no-unsafe-member-access
553:11  Warning: Unsafe assignment of an `any` value.  
@typescript-eslint/no-unsafe-assignment
555:17  Warning: Unsafe member access .success on an `any` value.  
@typescript-eslint/no-unsafe-member-access
556:53  Warning: Unsafe member access .error on an `any` value.  
@typescript-eslint/no-unsafe-member-access
560:76  Warning: Unsafe member access .data on an `any` value.  
@typescript-eslint/no-unsafe-member-access
561:19  Warning: Unsafe member access .data on an `any` value.  
@typescript-eslint/no-unsafe-member-access
571:13  Warning: Unsafe assignment of an `any` value.  
@typescript-eslint/no-unsafe-assignment
572:56  Warning: Unsafe member access .error on an `any` value.  
@typescript-eslint/no-unsafe-member-access
591:13  Warning: Unsafe assignment of an `any` value.  
@typescript-eslint/no-unsafe-assignment
592:56  Warning: Unsafe member access .error on an `any` value.  
@typescript-eslint/no-unsafe-member-access
607:13  Warning: Unsafe assignment of an `any` value.  
@typescript-eslint/no-unsafe-assignment
608:56  Warning: Unsafe member access .error on an `any` value.  
@typescript-eslint/no-unsafe-member-access
619:13  Warning: Unsafe assignment of an `any` value.  
@typescript-eslint/no-unsafe-assignment
620:56  Warning: Unsafe member access .error on an `any` value.  
@typescript-eslint/no-unsafe-member-access

./lib/hooks/use-optimistic-comment.ts
46:15  Warning: Unsafe assignment of an `any` value.  
@typescript-eslint/no-unsafe-assignment
47:31  Warning: Unsafe member access .message on an `any` value.  
@typescript-eslint/no-unsafe-member-access

./lib/hooks/use-optimistic-follow.ts
37:15  Warning: Unsafe assignment of an `any` value.  
@typescript-eslint/no-unsafe-assignment
38:31  Warning: Unsafe member access .message on an `any` value.  
@typescript-eslint/no-unsafe-member-access
135:15  Warning: Unsafe spread of an `any` value in an array.  
@typescript-eslint/no-unsafe-assignment
138:40  Warning: Unsafe member access .id on an `any` value.  
@typescript-eslint/no-unsafe-member-access

./lib/hooks/use-optimistic-like.ts
37:15  Warning: Unsafe assignment of an `any` value.  
@typescript-eslint/no-unsafe-assignment
38:31  Warning: Unsafe member access .message on an `any` value.  
@typescript-eslint/no-unsafe-member-access

./lib/hooks/use-optimistic-vote.ts
38:15  Warning: Unsafe assignment of an `any` value.  
@typescript-eslint/no-unsafe-assignment
39:31  Warning: Unsafe member access .message on an `any` value.  
@typescript-eslint/no-unsafe-member-access

./lib/hooks/use-smart-location.ts
111:21  Warning: Unsafe assignment of an `any` value.  
@typescript-eslint/no-unsafe-assignment
112:21  Warning: Unsafe assignment of an `any` value.  
@typescript-eslint/no-unsafe-assignment
113:22  Warning: Unsafe member access .address on an `any` value.  
@typescript-eslint/no-unsafe-member-access
114:22  Warning: Unsafe member access .address on an `any` value.  
@typescript-eslint/no-unsafe-member-access
115:22  Warning: Unsafe member access .address on an `any` value.  
@typescript-eslint/no-unsafe-member-access
116:22  Warning: Unsafe member access .address on an `any` value.  
@typescript-eslint/no-unsafe-member-access
127:20  Error: 'browserError' is defined but never used.  
@typescript-eslint/no-unused-vars
135:17  Warning: Unsafe assignment of an `any` value.  
@typescript-eslint/no-unsafe-assignment
137:22  Warning: Unsafe member access .city on an `any` value.  
@typescript-eslint/no-unsafe-member-access
137:37  Warning: Unsafe member access .latitude on an `any` value.  
@typescript-eslint/no-unsafe-member-access
137:56  Warning: Unsafe member access .longitude on an `any` value.  
@typescript-eslint/no-unsafe-member-access
138:32  Warning: Unsafe member access .city on an `any` value.  
@typescript-eslint/no-unsafe-member-access
140:15  Warning: Unsafe assignment of an `any` value.  
@typescript-eslint/no-unsafe-assignment
140:27  Warning: Unsafe member access .latitude on an `any` value.  
@typescript-eslint/no-unsafe-member-access
141:15  Warning: Unsafe assignment of an `any` value.  
@typescript-eslint/no-unsafe-assignment
141:27  Warning: Unsafe member access .longitude on an `any` value.  
@typescript-eslint/no-unsafe-member-access
147:18  Error: 'ipError' is defined but never used.  
@typescript-eslint/no-unused-vars

./lib/hooks/use-user-communities.ts
35:15  Warning: Unsafe assignment of an `any` value.  
@typescript-eslint/no-unsafe-assignment
38:34  Warning: Unsafe member access .error on an `any` value.  
@typescript-eslint/no-unsafe-member-access
41:31  Warning: Unsafe member access .data on an `any` value.  
@typescript-eslint/no-unsafe-member-access

./lib/hooks/use-user-presence.ts
31:13  Warning: Unsafe assignment of an `any` value.  
@typescript-eslint/no-unsafe-assignment
43:32  Warning: Unsafe member access .error on an `any` value.  
@typescript-eslint/no-unsafe-member-access
47:18  Warning: Unsafe member access .data on an `any` value.  
@typescript-eslint/no-unsafe-member-access
50:11  Warning: Unsafe assignment of an `any` value.  
@typescript-eslint/no-unsafe-assignment
50:19  Warning: Unsafe member access .data on an `any` value.  
@typescript-eslint/no-unsafe-member-access
50:41  Warning: Unsafe member access .data on an `any` value.  
@typescript-eslint/no-unsafe-member-access
69:13  Warning: Unsafe assignment of an `any` value.  
@typescript-eslint/no-unsafe-assignment
76:32  Warning: Unsafe member access .error on an `any` value.  
@typescript-eslint/no-unsafe-member-access
81:7  Warning: Unsafe call of a(n) `any` typed value.  
@typescript-eslint/no-unsafe-call
81:14  Warning: Unsafe member access .data on an `any` value.  
@typescript-eslint/no-unsafe-member-access
189:31  Error: Unexpected any. Specify a different type.  
@typescript-eslint/no-explicit-any

./lib/integrations/api-budget-monitor.ts
64:5  Warning: Unsafe assignment of an `any` value.  
@typescript-eslint/no-unsafe-assignment
64:29  Error: Unexpected any. Specify a different type.  
@typescript-eslint/no-explicit-any
81:15  Warning: Unsafe object destructuring of a property with an `any` value. 
 @typescript-eslint/no-unsafe-assignment
118:15  Warning: Unsafe object destructuring of a property with an `any` 
value.  @typescript-eslint/no-unsafe-assignment
123:34  Warning: Unsafe member access .length on an `any` value.  
@typescript-eslint/no-unsafe-member-access
127:13  Warning: Unsafe assignment of an `any` value.  
@typescript-eslint/no-unsafe-assignment
127:27  Warning: Unsafe member access [0] on an `any` value.  
@typescript-eslint/no-unsafe-member-access
129:9  Warning: Unsafe assignment of an `any` value.  
@typescript-eslint/no-unsafe-assignment
129:29  Warning: Unsafe member access .service_name on an `any` value.  
@typescript-eslint/no-unsafe-member-access
130:9  Warning: Unsafe assignment of an `any` value.  
@typescript-eslint/no-unsafe-assignment
130:24  Warning: Unsafe member access .period on an `any` value.  
@typescript-eslint/no-unsafe-member-access
131:40  Warning: Unsafe member access .budget_limit on an `any` value.  
@typescript-eslint/no-unsafe-member-access
132:41  Warning: Unsafe member access .current_usage on an `any` value.  
@typescript-eslint/no-unsafe-member-access
133:44  Warning: Unsafe member access .usage_percentage on an `any` value.  
@typescript-eslint/no-unsafe-member-access
134:9  Warning: Unsafe assignment of an `any` value.  
@typescript-eslint/no-unsafe-assignment
134:24  Warning: Unsafe member access .status on an `any` value.  
@typescript-eslint/no-unsafe-member-access
135:40  Warning: Unsafe member access .days_remaining on an `any` value.  
@typescript-eslint/no-unsafe-member-access
159:15  Warning: Unsafe object destructuring of a property with an `any` 
value.  @typescript-eslint/no-unsafe-assignment
164:34  Warning: Unsafe member access .length on an `any` value.  
@typescript-eslint/no-unsafe-member-access
174:13  Warning: Unsafe assignment of an `any` value.  
@typescript-eslint/no-unsafe-assignment
174:26  Warning: Unsafe member access [0] on an `any` value.  
@typescript-eslint/no-unsafe-member-access
176:37  Warning: Unsafe member access .total_cost on an `any` value.  
@typescript-eslint/no-unsafe-member-access
177:39  Warning: Unsafe member access .total_requests on an `any` value.  
@typescript-eslint/no-unsafe-member-access
178:37  Warning: Unsafe member access .total_tokens on an `any` value.  
@typescript-eslint/no-unsafe-member-access
179:43  Warning: Unsafe member access .avg_response_time on an `any` value.  
@typescript-eslint/no-unsafe-member-access
180:36  Warning: Unsafe member access .error_count on an `any` value.  
@typescript-eslint/no-unsafe-member-access
211:15  Warning: Unsafe object destructuring of a property with an `any` 
value.  @typescript-eslint/no-unsafe-assignment
217:34  Warning: Unsafe member access .length on an `any` value.  
@typescript-eslint/no-unsafe-member-access
227:13  Warning: Unsafe assignment of an `any` value.  
@typescript-eslint/no-unsafe-assignment
227:26  Warning: Unsafe member access [0] on an `any` value.  
@typescript-eslint/no-unsafe-member-access
229:37  Warning: Unsafe member access .total_cost on an `any` value.  
@typescript-eslint/no-unsafe-member-access
230:39  Warning: Unsafe member access .total_requests on an `any` value.  
@typescript-eslint/no-unsafe-member-access
231:37  Warning: Unsafe member access .total_tokens on an `any` value.  
@typescript-eslint/no-unsafe-member-access
232:43  Warning: Unsafe member access .avg_response_time on an `any` value.  
@typescript-eslint/no-unsafe-member-access
233:36  Warning: Unsafe member access .error_count on an `any` value.  
@typescript-eslint/no-unsafe-member-access
254:15  Warning: Unsafe object destructuring of a property with an `any` 
value.  @typescript-eslint/no-unsafe-assignment
262:14  Warning: Unsafe call of a(n) `any` typed value.  
@typescript-eslint/no-unsafe-call
262:19  Warning: Unsafe member access .map on an `any` value.  
@typescript-eslint/no-unsafe-member-access
262:30  Error: Unexpected any. Specify a different type.  
@typescript-eslint/no-explicit-any
263:9  Warning: Unsafe assignment of an `any` value.  
@typescript-eslint/no-unsafe-assignment
263:27  Warning: Unsafe member access .service_name on an `any` value.  
@typescript-eslint/no-unsafe-member-access
264:36  Warning: Unsafe member access .total_cost on an `any` value.  
@typescript-eslint/no-unsafe-member-access
265:38  Warning: Unsafe member access .total_requests on an `any` value.  
@typescript-eslint/no-unsafe-member-access
266:39  Warning: Unsafe member access .avg_daily_cost on an `any` value.  
@typescript-eslint/no-unsafe-member-access
267:42  Warning: Unsafe member access .avg_response_time on an `any` value.  
@typescript-eslint/no-unsafe-member-access
268:36  Warning: Unsafe member access .error_rate on an `any` value.  
@typescript-eslint/no-unsafe-member-access
294:15  Warning: Unsafe object destructuring of a property with an `any` 
value.  @typescript-eslint/no-unsafe-assignment
304:14  Warning: Unsafe call of a(n) `any` typed value.  
@typescript-eslint/no-unsafe-call
304:19  Warning: Unsafe member access .map on an `any` value.  
@typescript-eslint/no-unsafe-member-access
344:15  Warning: Unsafe object destructuring of a property with an `any` 
value.  @typescript-eslint/no-unsafe-assignment
353:14  Warning: Unsafe call of a(n) `any` typed value.  
@typescript-eslint/no-unsafe-call
353:19  Warning: Unsafe member access .map on an `any` value.  
@typescript-eslint/no-unsafe-member-access
471:15  Warning: Unsafe object destructuring of a property with an `any` 
value.  @typescript-eslint/no-unsafe-assignment
483:9  Warning: Unsafe assignment of an `any` value.  
@typescript-eslint/no-unsafe-assignment
483:27  Warning: Unsafe member access .service_name on an `any` value.  
@typescript-eslint/no-unsafe-member-access
484:41  Warning: Unsafe member access .daily_budget_usd on an `any` value.  
@typescript-eslint/no-unsafe-member-access
485:43  Warning: Unsafe member access .monthly_budget_usd on an `any` value.  
@typescript-eslint/no-unsafe-member-access
486:43  Warning: Unsafe member access .warning_threshold on an `any` value.  
@typescript-eslint/no-unsafe-member-access
487:44  Warning: Unsafe member access .critical_threshold on an `any` value.  
@typescript-eslint/no-unsafe-member-access
488:9  Warning: Unsafe assignment of an `any` value.  
@typescript-eslint/no-unsafe-assignment
488:33  Warning: Unsafe member access .requests_per_minute on an `any` value.  
@typescript-eslint/no-unsafe-member-access
489:9  Warning: Unsafe assignment of an `any` value.  
@typescript-eslint/no-unsafe-assignment
489:31  Warning: Unsafe member access .requests_per_hour on an `any` value.  
@typescript-eslint/no-unsafe-member-access
490:9  Warning: Unsafe assignment of an `any` value.  
@typescript-eslint/no-unsafe-assignment
490:30  Warning: Unsafe member access .requests_per_day on an `any` value.  
@typescript-eslint/no-unsafe-member-access
491:41  Warning: Unsafe member access .cost_per_request on an `any` value.  
@typescript-eslint/no-unsafe-member-access
492:39  Warning: Unsafe member access .cost_per_token on an `any` value.  
@typescript-eslint/no-unsafe-member-access
493:36  Warning: Unsafe member access .cost_per_mb on an `any` value.  
@typescript-eslint/no-unsafe-member-access
494:9  Warning: Unsafe assignment of an `any` value.  
@typescript-eslint/no-unsafe-assignment
494:24  Warning: Unsafe member access .is_active on an `any` value.  
@typescript-eslint/no-unsafe-member-access
495:9  Warning: Unsafe assignment of an `any` value.  
@typescript-eslint/no-unsafe-assignment
495:43  Warning: Unsafe member access .auto_disable_on_budget_exceeded on an 
`any` value.  @typescript-eslint/no-unsafe-member-access

./lib/integrations/event-sources/allevents.ts
71:11  Warning: Unsafe assignment of an `any` value.  
@typescript-eslint/no-unsafe-assignment
84:13  Warning: Unsafe assignment of an `any` value.  
@typescript-eslint/no-unsafe-assignment
85:34  Warning: Unsafe member access .events on an `any` value.  
@typescript-eslint/no-unsafe-member-access
86:11  Warning: Unsafe call of a(n) `any` typed value.  
@typescript-eslint/no-unsafe-call
86:16  Warning: Unsafe member access .events on an `any` value.  
@typescript-eslint/no-unsafe-member-access
94:26  Warning: Unsafe member access .length on an `any` value.  
@typescript-eslint/no-unsafe-member-access
95:44  Warning: Unsafe member access .length on an `any` value.  
@typescript-eslint/no-unsafe-member-access
102:7  Warning: Unsafe assignment of an `any` value.  
@typescript-eslint/no-unsafe-assignment
349:12  Error: '_error' is defined but never used.  
@typescript-eslint/no-unused-vars
468:12  Error: '_error' is defined but never used.  
@typescript-eslint/no-unused-vars

./lib/integrations/event-sources/event-validator.ts
354:14  Error: '_error' is defined but never used.  
@typescript-eslint/no-unused-vars

./lib/integrations/event-sources/insider.ts
56:14  Error: '_error' is defined but never used.  
@typescript-eslint/no-unused-vars
310:20  Error: '_e' is defined but never used.  
@typescript-eslint/no-unused-vars
428:12  Error: '_error' is defined but never used.  
@typescript-eslint/no-unused-vars
493:12  Error: '_error' is defined but never used.  
@typescript-eslint/no-unused-vars

./lib/integrations/event-sources/paytm-insider.ts
62:14  Error: '_error' is defined but never used.  
@typescript-eslint/no-unused-vars
330:20  Error: '_e' is defined but never used.  
@typescript-eslint/no-unused-vars
438:12  Error: '_error' is defined but never used.  
@typescript-eslint/no-unused-vars
503:12  Error: '_error' is defined but never used.  
@typescript-eslint/no-unused-vars

./lib/integrations/google-news.ts
62:11  Warning: Unsafe assignment of an `any` value.  
@typescript-eslint/no-unsafe-assignment
117:11  Warning: Unsafe assignment of an `any` value.  
@typescript-eslint/no-unsafe-assignment

./lib/integrations/paypal.ts
98:9  Warning: Unsafe assignment of an `any` value.  
@typescript-eslint/no-unsafe-assignment
99:15  Warning: Unsafe member access .access_token on an `any` value.  
@typescript-eslint/no-unsafe-member-access
126:13  Warning: Unsafe assignment of an `any` value.  
@typescript-eslint/no-unsafe-assignment
130:9  Warning: Unsafe assignment of an `any` value.  
@typescript-eslint/no-unsafe-assignment
132:13  Warning: Unsafe assignment of an `any` value.  
@typescript-eslint/no-unsafe-assignment
133:19  Warning: Unsafe member access .message on an `any` value.  
@typescript-eslint/no-unsafe-member-access
133:40  Warning: Unsafe member access .name on an `any` value.  
@typescript-eslint/no-unsafe-member-access
137:11  Warning: Unsafe assignment of an `any` value.  
@typescript-eslint/no-unsafe-assignment
139:23  Warning: Unsafe member access .id on an `any` value.  
@typescript-eslint/no-unsafe-member-access
144:23  Warning: Unsafe member access .links on an `any` value.  
@typescript-eslint/no-unsafe-member-access
144:60  Warning: Unsafe member access .links on an `any` value.  
@typescript-eslint/no-unsafe-member-access
150:7  Warning: Unsafe assignment of an `any` value.  
@typescript-eslint/no-unsafe-assignment
150:24  Warning: Unsafe member access .id on an `any` value.  
@typescript-eslint/no-unsafe-member-access
151:7  Warning: Unsafe assignment of an `any` value.  
@typescript-eslint/no-unsafe-assignment
151:28  Warning: Unsafe member access .status on an `any` value.  
@typescript-eslint/no-unsafe-member-access
152:7  Warning: Unsafe assignment of an `any` value.  
@typescript-eslint/no-unsafe-assignment
152:27  Warning: Unsafe member access .links on an `any` value.  
@typescript-eslint/no-unsafe-member-access
174:13  Warning: Unsafe assignment of an `any` value.  
@typescript-eslint/no-unsafe-assignment
176:54  Warning: Unsafe member access .message on an `any` value.  
@typescript-eslint/no-unsafe-member-access
208:13  Warning: Unsafe assignment of an `any` value.  
@typescript-eslint/no-unsafe-assignment
210:54  Warning: Unsafe member access .message on an `any` value.  
@typescript-eslint/no-unsafe-member-access
279:13  Warning: Unsafe assignment of an `any` value.  
@typescript-eslint/no-unsafe-assignment
281:54  Warning: Unsafe member access .message on an `any` value.  
@typescript-eslint/no-unsafe-member-access
284:11  Warning: Unsafe assignment of an `any` value.  
@typescript-eslint/no-unsafe-assignment
285:14  Warning: Unsafe assignment of an `any` value.  
@typescript-eslint/no-unsafe-assignment
285:23  Warning: Unsafe member access .id on an `any` value.  
@typescript-eslint/no-unsafe-member-access

./lib/integrations/razorpay.test.ts
65:13  Warning: Unsafe assignment of an `any` value.  
@typescript-eslint/no-unsafe-assignment
66:7  Warning: Unsafe call of a(n) `any` typed value.  
@typescript-eslint/no-unsafe-call
66:20  Warning: Unsafe member access .mockImplementation on an `any` value.  
@typescript-eslint/no-unsafe-member-access
83:13  Warning: Unsafe assignment of an `any` value.  
@typescript-eslint/no-unsafe-assignment
84:7  Warning: Unsafe call of a(n) `any` typed value.  
@typescript-eslint/no-unsafe-call
84:20  Warning: Unsafe member access .mockImplementation on an `any` value.  
@typescript-eslint/no-unsafe-member-access
111:13  Warning: Unsafe assignment of an `any` value.  
@typescript-eslint/no-unsafe-assignment
112:7  Warning: Unsafe call of a(n) `any` typed value.  
@typescript-eslint/no-unsafe-call
112:20  Warning: Unsafe member access .mockImplementation on an `any` value.  
@typescript-eslint/no-unsafe-member-access
131:13  Warning: Unsafe assignment of an `any` value.  
@typescript-eslint/no-unsafe-assignment
132:7  Warning: Unsafe call of a(n) `any` typed value.  
@typescript-eslint/no-unsafe-call
132:20  Warning: Unsafe member access .mockImplementation on an `any` value.  
@typescript-eslint/no-unsafe-member-access
188:13  Warning: Unsafe assignment of an `any` value.  
@typescript-eslint/no-unsafe-assignment
189:7  Warning: Unsafe call of a(n) `any` typed value.  
@typescript-eslint/no-unsafe-call
189:20  Warning: Unsafe member access .mockImplementation on an `any` value.  
@typescript-eslint/no-unsafe-member-access
201:13  Warning: Unsafe assignment of an `any` value.  
@typescript-eslint/no-unsafe-assignment
202:7  Warning: Unsafe call of a(n) `any` typed value.  
@typescript-eslint/no-unsafe-call
202:20  Warning: Unsafe member access .mockImplementation on an `any` value.  
@typescript-eslint/no-unsafe-member-access
222:13  Warning: Unsafe assignment of an `any` value.  
@typescript-eslint/no-unsafe-assignment
223:7  Warning: Unsafe call of a(n) `any` typed value.  
@typescript-eslint/no-unsafe-call
223:20  Warning: Unsafe member access .mockImplementation on an `any` value.  
@typescript-eslint/no-unsafe-member-access
235:13  Warning: Unsafe assignment of an `any` value.  
@typescript-eslint/no-unsafe-assignment
236:7  Warning: Unsafe call of a(n) `any` typed value.  
@typescript-eslint/no-unsafe-call
236:20  Warning: Unsafe member access .mockImplementation on an `any` value.  
@typescript-eslint/no-unsafe-member-access
254:13  Warning: Unsafe assignment of an `any` value.  
@typescript-eslint/no-unsafe-assignment
255:7  Warning: Unsafe call of a(n) `any` typed value.  
@typescript-eslint/no-unsafe-call
255:20  Warning: Unsafe member access .mockImplementation on an `any` value.  
@typescript-eslint/no-unsafe-member-access
275:13  Warning: Unsafe assignment of an `any` value.  
@typescript-eslint/no-unsafe-assignment
276:7  Warning: Unsafe call of a(n) `any` typed value.  
@typescript-eslint/no-unsafe-call
276:20  Warning: Unsafe member access .mockImplementation on an `any` value.  
@typescript-eslint/no-unsafe-member-access
299:13  Warning: Unsafe assignment of an `any` value.  
@typescript-eslint/no-unsafe-assignment
300:7  Warning: Unsafe call of a(n) `any` typed value.  
@typescript-eslint/no-unsafe-call
300:20  Warning: Unsafe member access .mockImplementation on an `any` value.  
@typescript-eslint/no-unsafe-member-access
325:13  Warning: Unsafe assignment of an `any` value.  
@typescript-eslint/no-unsafe-assignment
326:7  Warning: Unsafe call of a(n) `any` typed value.  
@typescript-eslint/no-unsafe-call
326:20  Warning: Unsafe member access .mockImplementation on an `any` value.  
@typescript-eslint/no-unsafe-member-access
347:13  Warning: Unsafe assignment of an `any` value.  
@typescript-eslint/no-unsafe-assignment
348:7  Warning: Unsafe call of a(n) `any` typed value.  
@typescript-eslint/no-unsafe-call
348:20  Warning: Unsafe member access .mockImplementation on an `any` value.  
@typescript-eslint/no-unsafe-member-access

./lib/integrations/reddit.ts
97:11  Warning: Unsafe assignment of an `any` value.  
@typescript-eslint/no-unsafe-assignment
156:13  Warning: Unsafe assignment of an `any` value.  
@typescript-eslint/no-unsafe-assignment

./lib/middleware/redis-rate-limit.ts
103:15  Warning: Unsafe assignment of an `any` value.  
@typescript-eslint/no-unsafe-assignment
104:33  Warning: Unsafe member access .sub on an `any` value.  
@typescript-eslint/no-unsafe-member-access
104:49  Warning: Unsafe member access .user_id on an `any` value.  
@typescript-eslint/no-unsafe-member-access

./lib/moderation/content-recovery.ts
70:15  Warning: Unsafe object destructuring of a property with an `any` value. 
 @typescript-eslint/no-unsafe-assignment
101:15  Warning: Unsafe object destructuring of a property with an `any` 
value.  @typescript-eslint/no-unsafe-assignment
130:15  Warning: Unsafe object destructuring of a property with an `any` 
value.  @typescript-eslint/no-unsafe-assignment
155:15  Warning: Unsafe object destructuring of a property with an `any` 
value.  @typescript-eslint/no-unsafe-assignment
163:14  Warning: Unsafe call of a(n) `any` typed value.  
@typescript-eslint/no-unsafe-call
163:19  Warning: Unsafe member access .map on an `any` value.  
@typescript-eslint/no-unsafe-member-access
163:33  Error: Unexpected any. Specify a different type.  
@typescript-eslint/no-explicit-any
177:15  Warning: Unsafe object destructuring of a property with an `any` 
value.  @typescript-eslint/no-unsafe-assignment
181:34  Warning: Unsafe member access .length on an `any` value.  
@typescript-eslint/no-unsafe-member-access
185:43  Warning: Unsafe member access [0] on an `any` value.  
@typescript-eslint/no-unsafe-member-access
214:33  Error: Unexpected any. Specify a different type.  
@typescript-eslint/no-explicit-any
228:15  Warning: Unsafe object destructuring of a property with an `any` 
value.  @typescript-eslint/no-unsafe-assignment
232:34  Warning: Unsafe member access .length on an `any` value.  
@typescript-eslint/no-unsafe-member-access
243:13  Warning: Unsafe assignment of an `any` value.  
@typescript-eslint/no-unsafe-assignment
243:26  Warning: Unsafe member access [0] on an `any` value.  
@typescript-eslint/no-unsafe-member-access
245:39  Warning: Unsafe member access .total_requests on an `any` value.  
@typescript-eslint/no-unsafe-member-access
246:41  Warning: Unsafe member access .pending_requests on an `any` value.  
@typescript-eslint/no-unsafe-member-access
247:42  Warning: Unsafe member access .approved_requests on an `any` value.  
@typescript-eslint/no-unsafe-member-access
248:42  Warning: Unsafe member access .rejected_requests on an `any` value.  
@typescript-eslint/no-unsafe-member-access
249:41  Warning: Unsafe member access .expired_requests on an `any` value.  
@typescript-eslint/no-unsafe-member-access
250:50  Warning: Unsafe member access .avg_processing_time_hours on an `any` 
value.  @typescript-eslint/no-unsafe-member-access
272:15  Warning: Unsafe object destructuring of a property with an `any` 
value.  @typescript-eslint/no-unsafe-assignment
330:11  Warning: Unsafe assignment of an `any` value.  
@typescript-eslint/no-unsafe-assignment
348:11  Warning: Unsafe assignment of an `any` value.  
@typescript-eslint/no-unsafe-assignment
355:9  Warning: Unsafe assignment of an `any` value.  
@typescript-eslint/no-unsafe-assignment
408:15  Warning: Unsafe object destructuring of a property with an `any` 
value.  @typescript-eslint/no-unsafe-assignment

./lib/moderation/mass-report-detector.ts
76:15  Warning: Unsafe object destructuring of a property with an `any` value. 
 @typescript-eslint/no-unsafe-assignment
107:15  Warning: Unsafe object destructuring of a property with an `any` 
value.  @typescript-eslint/no-unsafe-assignment
133:15  Warning: Unsafe object destructuring of a property with an `any` 
value.  @typescript-eslint/no-unsafe-assignment
141:14  Warning: Unsafe call of a(n) `any` typed value.  
@typescript-eslint/no-unsafe-call
141:19  Warning: Unsafe member access .map on an `any` value.  
@typescript-eslint/no-unsafe-member-access
160:15  Warning: Unsafe object destructuring of a property with an `any` 
value.  @typescript-eslint/no-unsafe-assignment
193:15  Warning: Unsafe object destructuring of a property with an `any` 
value.  @typescript-eslint/no-unsafe-assignment
197:34  Warning: Unsafe member access .length on an `any` value.  
@typescript-eslint/no-unsafe-member-access
208:13  Warning: Unsafe assignment of an `any` value.  
@typescript-eslint/no-unsafe-assignment
208:26  Warning: Unsafe member access [0] on an `any` value.  
@typescript-eslint/no-unsafe-member-access
210:37  Warning: Unsafe member access .total_events on an `any` value.  
@typescript-eslint/no-unsafe-member-access
211:40  Warning: Unsafe member access .detected_events on an `any` value.  
@typescript-eslint/no-unsafe-member-access
212:40  Warning: Unsafe member access .resolved_events on an `any` value.  
@typescript-eslint/no-unsafe-member-access
213:41  Warning: Unsafe member access .dismissed_events on an `any` value.  
@typescript-eslint/no-unsafe-member-access
214:46  Warning: Unsafe member access .avg_reports_per_event on an `any` 
value.  @typescript-eslint/no-unsafe-member-access
215:9  Warning: Unsafe assignment of an `any` value.  
@typescript-eslint/no-unsafe-assignment
215:35  Warning: Unsafe member access .most_common_patterns on an `any` value. 
 @typescript-eslint/no-unsafe-member-access
510:7  Warning: Unsafe assignment of type `any[]` to a variable of type 
`string[]`.  @typescript-eslint/no-unsafe-assignment

./lib/monitoring/web-vitals.ts
67:7  Warning: Unexpected console statement.  no-console
68:7  Warning: Unexpected console statement.  no-console
69:7  Warning: Unexpected console statement.  no-console
70:7  Warning: Unexpected console statement.  no-console
71:7  Warning: Unexpected console statement.  no-console
72:7  Warning: Unexpected console statement.  no-console
157:9  Warning: Unsafe assignment of an `any` value.  
@typescript-eslint/no-unsafe-assignment
157:30  Error: Unexpected any. Specify a different type.  
@typescript-eslint/no-explicit-any
157:35  Warning: Unsafe member access .connection on an `any` value.  
@typescript-eslint/no-unsafe-member-access
159:5  Warning: Unsafe assignment of an `any` value.  
@typescript-eslint/no-unsafe-assignment
159:26  Warning: Unsafe member access .effectiveType on an `any` value.  
@typescript-eslint/no-unsafe-member-access
160:5  Warning: Unsafe assignment of an `any` value.  
@typescript-eslint/no-unsafe-assignment
160:16  Warning: Unsafe member access .rtt on an `any` value.  
@typescript-eslint/no-unsafe-member-access
161:5  Warning: Unsafe assignment of an `any` value.  
@typescript-eslint/no-unsafe-assignment
161:21  Warning: Unsafe member access .downlink on an `any` value.  
@typescript-eslint/no-unsafe-member-access
162:5  Warning: Unsafe assignment of an `any` value.  
@typescript-eslint/no-unsafe-assignment
162:21  Warning: Unsafe member access .saveData on an `any` value.  
@typescript-eslint/no-unsafe-member-access
233:91  Error: Unexpected any. Specify a different type.  
@typescript-eslint/no-explicit-any
250:39  Error: Unexpected any. Specify a different type.  
@typescript-eslint/no-explicit-any
254:5  Warning: Unexpected console statement.  no-console

./lib/payments/currency-manager.ts
54:15  Warning: Unsafe assignment of an `any` value.  
@typescript-eslint/no-unsafe-assignment
55:25  Warning: Unsafe member access .rate on an `any` value.  
@typescript-eslint/no-unsafe-member-access
205:13  Warning: Unsafe assignment of an `any` value.  
@typescript-eslint/no-unsafe-assignment
207:16  Warning: Unsafe member access .result on an `any` value.  
@typescript-eslint/no-unsafe-member-access
208:21  Warning: Unsafe member access .conversion_rate on an `any` value.  
@typescript-eslint/no-unsafe-member-access
210:58  Warning: Unsafe member access .error on an `any` value.  
@typescript-eslint/no-unsafe-member-access
268:11  Warning: Unsafe assignment of an `any` value.  
@typescript-eslint/no-unsafe-assignment
268:62  Error: Unexpected any. Specify a different type.  
@typescript-eslint/no-explicit-any
329:17  Warning: Unsafe assignment of an `any` value.  
@typescript-eslint/no-unsafe-assignment
331:13  Warning: Unsafe assignment of an `any` value.  
@typescript-eslint/no-unsafe-assignment
331:28  Warning: Unsafe member access .from on an `any` value.  
@typescript-eslint/no-unsafe-member-access
332:13  Warning: Unsafe assignment of an `any` value.  
@typescript-eslint/no-unsafe-assignment
332:26  Warning: Unsafe member access .to on an `any` value.  
@typescript-eslint/no-unsafe-member-access
333:13  Warning: Unsafe assignment of an `any` value.  
@typescript-eslint/no-unsafe-assignment
333:28  Warning: Unsafe member access .rate on an `any` value.  
@typescript-eslint/no-unsafe-member-access
334:42  Warning: Unsafe member access .timestamp on an `any` value.  
@typescript-eslint/no-unsafe-member-access
335:13  Warning: Unsafe assignment of an `any` value.  
@typescript-eslint/no-unsafe-assignment
335:30  Warning: Unsafe member access .source on an `any` value.  
@typescript-eslint/no-unsafe-member-access

./lib/payments/payment-state-machine.ts
87:13  Warning: Unsafe object destructuring of a property with an `any` value. 
 @typescript-eslint/no-unsafe-assignment
121:13  Warning: Unsafe object destructuring of a property with an `any` 
value.  @typescript-eslint/no-unsafe-assignment
144:13  Warning: Unsafe object destructuring of a property with an `any` 
value.  @typescript-eslint/no-unsafe-assignment
166:13  Warning: Unsafe object destructuring of a property with an `any` 
value.  @typescript-eslint/no-unsafe-assignment
171:32  Warning: Unsafe member access .length on an `any` value.  
@typescript-eslint/no-unsafe-member-access
175:11  Warning: Unsafe assignment of an `any` value.  
@typescript-eslint/no-unsafe-assignment
175:26  Warning: Unsafe member access [0] on an `any` value.  
@typescript-eslint/no-unsafe-member-access
185:13  Warning: Unsafe object destructuring of a property with an `any` 
value.  @typescript-eslint/no-unsafe-assignment
193:12  Warning: Unsafe call of a(n) `any` typed value.  
@typescript-eslint/no-unsafe-call
193:17  Warning: Unsafe member access .map on an `any` value.  
@typescript-eslint/no-unsafe-member-access

./lib/payments/subscription-manager.ts
114:21  Warning: Unsafe object destructuring of a property with an `any` 
value.  @typescript-eslint/no-unsafe-assignment
124:48  Warning: Unsafe member access .subscription_grace_period on an `any` 
value.  @typescript-eslint/no-unsafe-member-access
146:9  Warning: Unsafe assignment of an `any` value.  
@typescript-eslint/no-unsafe-assignment
146:36  Warning: Unsafe member access .subscription_grace_period on an `any` 
value.  @typescript-eslint/no-unsafe-member-access

./lib/security/otp-manager.ts
38:15  Warning: Unsafe object destructuring of a property with an `any` value. 
 @typescript-eslint/no-unsafe-assignment
89:15  Warning: Unsafe object destructuring of a property with an `any` value. 
 @typescript-eslint/no-unsafe-assignment
119:15  Warning: Unsafe object destructuring of a property with an `any` 
value.  @typescript-eslint/no-unsafe-assignment
170:15  Warning: Unsafe object destructuring of a property with an `any` 
value.  @typescript-eslint/no-unsafe-assignment

./lib/security/session-manager.ts
67:15  Warning: Unsafe object destructuring of a property with an `any` value. 
 @typescript-eslint/no-unsafe-assignment
81:9  Warning: Unsafe assignment of an `any` value.  
@typescript-eslint/no-unsafe-assignment
97:15  Warning: Unsafe object destructuring of a property with an `any` value. 
 @typescript-eslint/no-unsafe-assignment
101:34  Warning: Unsafe member access .length on an `any` value.  
@typescript-eslint/no-unsafe-member-access
105:13  Warning: Unsafe assignment of an `any` value.  
@typescript-eslint/no-unsafe-assignment
105:28  Warning: Unsafe member access [0] on an `any` value.  
@typescript-eslint/no-unsafe-member-access
106:20  Warning: Unsafe member access .is_valid on an `any` value.  
@typescript-eslint/no-unsafe-member-access
111:21  Warning: Unsafe object destructuring of a property with an `any` 
value.  @typescript-eslint/no-unsafe-assignment
114:27  Warning: Unsafe member access .session_id on an `any` value.  
@typescript-eslint/no-unsafe-member-access
122:9  Warning: Unsafe assignment of an `any` value.  
@typescript-eslint/no-unsafe-assignment
122:32  Warning: Unsafe member access .id on an `any` value.  
@typescript-eslint/no-unsafe-member-access
123:9  Warning: Unsafe assignment of an `any` value.  
@typescript-eslint/no-unsafe-assignment
123:29  Warning: Unsafe member access .user_id on an `any` value.  
@typescript-eslint/no-unsafe-member-access
124:9  Warning: Unsafe assignment of an `any` value.  
@typescript-eslint/no-unsafe-assignment
124:33  Warning: Unsafe member access .device_info on an `any` value.  
@typescript-eslint/no-unsafe-member-access
125:9  Warning: Unsafe assignment of an `any` value.  
@typescript-eslint/no-unsafe-assignment
125:32  Warning: Unsafe member access .ip_address on an `any` value.  
@typescript-eslint/no-unsafe-member-access
126:9  Warning: Unsafe assignment of an `any` value.  
@typescript-eslint/no-unsafe-assignment
126:32  Warning: Unsafe member access .user_agent on an `any` value.  
@typescript-eslint/no-unsafe-member-access
127:44  Warning: Unsafe member access .last_activity on an `any` value.  
@typescript-eslint/no-unsafe-member-access
128:41  Warning: Unsafe member access .expires_at on an `any` value.  
@typescript-eslint/no-unsafe-member-access
143:15  Warning: Unsafe object destructuring of a property with an `any` 
value.  @typescript-eslint/no-unsafe-assignment
167:15  Warning: Unsafe object destructuring of a property with an `any` 
value.  @typescript-eslint/no-unsafe-assignment
190:15  Warning: Unsafe object destructuring of a property with an `any` 
value.  @typescript-eslint/no-unsafe-assignment
218:15  Warning: Unsafe object destructuring of a property with an `any` 
value.  @typescript-eslint/no-unsafe-assignment
257:9  Warning: Unsafe assignment of an `any` value.  
@typescript-eslint/no-unsafe-assignment
257:28  Warning: Unsafe member access .id on an `any` value.  
@typescript-eslint/no-unsafe-member-access
258:9  Warning: Unsafe assignment of an `any` value.  
@typescript-eslint/no-unsafe-assignment
258:25  Warning: Unsafe member access .user_id on an `any` value.  
@typescript-eslint/no-unsafe-member-access
259:9  Warning: Unsafe assignment of an `any` value.  
@typescript-eslint/no-unsafe-assignment
259:29  Warning: Unsafe member access .device_info on an `any` value.  
@typescript-eslint/no-unsafe-member-access
260:9  Warning: Unsafe assignment of an `any` value.  
@typescript-eslint/no-unsafe-assignment
260:28  Warning: Unsafe member access .ip_address on an `any` value.  
@typescript-eslint/no-unsafe-member-access
261:9  Warning: Unsafe assignment of an `any` value.  
@typescript-eslint/no-unsafe-assignment
261:28  Warning: Unsafe member access .user_agent on an `any` value.  
@typescript-eslint/no-unsafe-member-access
262:40  Warning: Unsafe member access .last_activity on an `any` value.  
@typescript-eslint/no-unsafe-member-access
263:37  Warning: Unsafe member access .expires_at on an `any` value.  
@typescript-eslint/no-unsafe-member-access
278:15  Warning: Unsafe object destructuring of a property with an `any` 
value.  @typescript-eslint/no-unsafe-assignment

./lib/server/notifications.ts
42:11  Warning: Unsafe assignment of an `any` value.  
@typescript-eslint/no-unsafe-assignment
43:11  Warning: Unsafe assignment of an `any` value.  
@typescript-eslint/no-unsafe-assignment

./lib/server/posts/create-post.ts
52:17  Warning: Unsafe object destructuring of a property with an `any` value. 
 @typescript-eslint/no-unsafe-assignment
66:9  Warning: Unsafe assignment of an `any` value.  
@typescript-eslint/no-unsafe-assignment
66:33  Warning: Unsafe member access [0] on an `any` value.  
@typescript-eslint/no-unsafe-member-access
68:22  Warning: Unsafe member access .success on an `any` value.  
@typescript-eslint/no-unsafe-member-access
70:46  Warning: Unsafe member access .error_message on an `any` value.  
@typescript-eslint/no-unsafe-member-access
73:17  Warning: Unsafe object destructuring of a property with an `any` value. 
 @typescript-eslint/no-unsafe-assignment
82:28  Warning: Unsafe member access .post_id on an `any` value.  
@typescript-eslint/no-unsafe-member-access
87:20  Warning: Unsafe member access .media_count on an `any` value.  
@typescript-eslint/no-unsafe-member-access
92:36  Warning: Unsafe member access .post_id on an `any` value.  
@typescript-eslint/no-unsafe-member-access
105:22  Warning: Unsafe member access .media_count on an `any` value.  
@typescript-eslint/no-unsafe-member-access
106:35  Warning: Unsafe member access .media_count on an `any` value.  
@typescript-eslint/no-unsafe-member-access
106:79  Warning: Unsafe member access .media_count on an `any` value.  
@typescript-eslint/no-unsafe-member-access
110:26  Warning: Unsafe member access .post_id on an `any` value.  
@typescript-eslint/no-unsafe-member-access
111:35  Warning: Unsafe member access .media_count on an `any` value.  
@typescript-eslint/no-unsafe-member-access
118:20  Warning: Unsafe member access .media_count on an `any` value.  
@typescript-eslint/no-unsafe-member-access
119:33  Warning: Unsafe member access .media_count on an `any` value.  
@typescript-eslint/no-unsafe-member-access
119:77  Warning: Unsafe member access .media_count on an `any` value.  
@typescript-eslint/no-unsafe-member-access
122:5  Warning: Unsafe assignment of an `any` value.  
@typescript-eslint/no-unsafe-assignment

./lib/server/posts/get-posts.ts
46:17  Warning: Unsafe object destructuring of a property with an `any` value. 
 @typescript-eslint/no-unsafe-assignment
83:19  Warning: Unsafe member access .owner_id on an `any` value.  
@typescript-eslint/no-unsafe-member-access
84:46  Warning: Unsafe member access .owner_id on an `any` value.  
@typescript-eslint/no-unsafe-member-access
86:29  Warning: Unsafe member access .owner_id on an `any` value.  
@typescript-eslint/no-unsafe-member-access
119:9  Warning: Unsafe assignment of an `any` value.  
@typescript-eslint/no-unsafe-assignment
120:9  Warning: Unsafe assignment of an `any` value.  
@typescript-eslint/no-unsafe-assignment

./lib/services/event-sync-service.ts
59:5  Warning: Unexpected console statement.  no-console
66:9  Warning: Unexpected console statement.  no-console
77:11  Warning: Unexpected console statement.  no-console
85:9  Warning: Unexpected console statement.  no-console
90:11  Warning: Unexpected console statement.  no-console
96:15  Warning: Unexpected console statement.  no-console
97:15  Warning: Unexpected console statement.  no-console
98:15  Warning: Unexpected console statement.  no-console
110:9  Warning: Unexpected console statement.  no-console
116:9  Warning: Unexpected console statement.  no-console
125:13  Warning: Unexpected console statement.  no-console
137:9  Warning: Unexpected console statement.  no-console
140:11  Warning: Unexpected console statement.  no-console
141:11  Warning: Unexpected console statement.  no-console
150:13  Warning: Unexpected console statement.  no-console
155:11  Warning: Unexpected console statement.  no-console
164:9  Warning: Unexpected console statement.  no-console
197:11  Warning: Unexpected console statement.  no-console
211:5  Warning: Unexpected console statement.  no-console
225:5  Warning: Unexpected console statement.  no-console
291:11  Warning: Unsafe object destructuring of a property with an `any` 
value.  @typescript-eslint/no-unsafe-assignment
298:3  Warning: Unexpected console statement.  no-console

./lib/utils/accessibility.tsx
30:18  Error: Replace `ΓÅÄ┬╖┬╖┬╖┬╖┬╖┬╖import('@axe-core/react'),ΓÅÄ┬╖┬╖┬╖┬╖┬╖┬╖
import('react'),ΓÅÄ┬╖┬╖┬╖┬╖┬╖┬╖import('react-dom'),` with 
`import('@axe-core/react'),┬╖import('react'),┬╖import('react-dom')])`  
prettier/prettier
34:5  Error: Replace `])` with `┬╖┬╖`  prettier/prettier
45:9  Warning: Unexpected console statement.  no-console
109:11  Warning: Unexpected console statement.  no-console
121:11  Warning: Unexpected console statement.  no-console

./lib/utils/chunked-upload.ts
205:13  Warning: Unsafe assignment of an `any` value.  
@typescript-eslint/no-unsafe-assignment
206:29  Warning: Unsafe member access .error on an `any` value.  
@typescript-eslint/no-unsafe-member-access
269:15  Warning: Unsafe assignment of an `any` value.  
@typescript-eslint/no-unsafe-assignment
270:31  Warning: Unsafe member access .error on an `any` value.  
@typescript-eslint/no-unsafe-member-access
273:13  Warning: Unsafe assignment of an `any` value.  
@typescript-eslint/no-unsafe-assignment
334:13  Warning: Unsafe assignment of an `any` value.  
@typescript-eslint/no-unsafe-assignment
335:29  Warning: Unsafe member access .error on an `any` value.  
@typescript-eslint/no-unsafe-member-access
338:11  Warning: Unsafe assignment of an `any` value.  
@typescript-eslint/no-unsafe-assignment

./lib/utils/deduplicate-events.ts
74:5  Warning: Unsafe assignment of type `any[]` to a variable of type 
`number[]`.  @typescript-eslint/no-unsafe-assignment

./lib/utils/draft-manager.ts
74:5  Warning: Unexpected console statement.  no-console
110:5  Warning: Unexpected console statement.  no-console
137:7  Warning: Unexpected console statement.  no-console
159:9  Warning: Unexpected console statement.  no-console
190:13  Warning: Unsafe assignment of an `any` value.  
@typescript-eslint/no-unsafe-assignment
284:5  Warning: Unexpected console statement.  no-console
313:13  Warning: Unsafe assignment of an `any` value.  
@typescript-eslint/no-unsafe-assignment
334:7  Warning: Unexpected console statement.  no-console
376:9  Warning: Unexpected console statement.  no-console
415:7  Warning: Unexpected console statement.  no-console
427:5  Warning: Unexpected console statement.  no-console
443:13  Warning: Unsafe assignment of an `any` value.  
@typescript-eslint/no-unsafe-assignment
463:7  Warning: Unexpected console statement.  no-console

./lib/utils/dynamic-imports.tsx
100:20  Warning: Unsafe member access .default on an `any` value.  
@typescript-eslint/no-unsafe-member-access
106:26  Warning: Unsafe member access .default on an `any` value.  
@typescript-eslint/no-unsafe-member-access
106:63  Warning: Unsafe member access .default on an `any` value.  
@typescript-eslint/no-unsafe-member-access
116:13  Warning: Unsafe assignment of an `any` value.  
@typescript-eslint/no-unsafe-assignment
116:26  Warning: Unsafe member access .message on an `any` value.  
@typescript-eslint/no-unsafe-member-access
117:13  Warning: Unsafe assignment of an `any` value.  
@typescript-eslint/no-unsafe-assignment
117:26  Warning: Unsafe member access .stack on an `any` value.  
@typescript-eslint/no-unsafe-member-access
118:13  Warning: Unsafe assignment of an `any` value.  
@typescript-eslint/no-unsafe-assignment
118:25  Warning: Unsafe member access .name on an `any` value.  
@typescript-eslint/no-unsafe-member-access

./lib/utils/geocoding.ts
70:11  Warning: Unsafe assignment of an `any` value.  
@typescript-eslint/no-unsafe-assignment
72:14  Warning: Unsafe member access .status on an `any` value.  
@typescript-eslint/no-unsafe-member-access
72:38  Warning: Unsafe member access .results on an `any` value.  
@typescript-eslint/no-unsafe-member-access
72:54  Warning: Unsafe member access .results on an `any` value.  
@typescript-eslint/no-unsafe-member-access
73:13  Warning: Unsafe assignment of an `any` value.  
@typescript-eslint/no-unsafe-assignment
73:27  Warning: Unsafe member access .results on an `any` value.  
@typescript-eslint/no-unsafe-member-access
74:13  Warning: Unsafe assignment of an `any` value.  
@typescript-eslint/no-unsafe-assignment
74:31  Warning: Unsafe member access .geometry on an `any` value.  
@typescript-eslint/no-unsafe-member-access
77:27  Warning: Unsafe member access .lat on an `any` value.  
@typescript-eslint/no-unsafe-member-access
77:63  Warning: Unsafe member access .lng on an `any` value.  
@typescript-eslint/no-unsafe-member-access
83:9  Warning: Unsafe assignment of an `any` value.  
@typescript-eslint/no-unsafe-assignment
83:28  Warning: Unsafe member access .lat on an `any` value.  
@typescript-eslint/no-unsafe-member-access
84:9  Warning: Unsafe assignment of an `any` value.  
@typescript-eslint/no-unsafe-assignment
84:29  Warning: Unsafe member access .lng on an `any` value.  
@typescript-eslint/no-unsafe-member-access
85:9  Warning: Unsafe assignment of an `any` value.  
@typescript-eslint/no-unsafe-assignment
85:35  Warning: Unsafe member access .formatted_address on an `any` value.  
@typescript-eslint/no-unsafe-member-access
87:21  Warning: Unsafe member access .status on an `any` value.  
@typescript-eslint/no-unsafe-member-access
90:21  Warning: Unsafe member access .status on an `any` value.  
@typescript-eslint/no-unsafe-member-access
94:57  Warning: Unsafe member access .status on an `any` value.  
@typescript-eslint/no-unsafe-member-access
94:70  Warning: Unsafe member access .error_message on an `any` value.  
@typescript-eslint/no-unsafe-member-access
153:13  Warning: Unsafe object destructuring of a property with an `any` 
value.  @typescript-eslint/no-unsafe-assignment
169:17  Warning: Unsafe member access .id on an `any` value.  
@typescript-eslint/no-unsafe-member-access
425:42  Error: Replace 
`┬╖id:┬╖string;┬╖location_city:┬╖string┬╖|┬╖null;┬╖[key:┬╖string]:┬╖unknown` 
with `ΓÅÄ┬╖┬╖┬╖┬╖┬╖┬╖┬╖┬╖id:┬╖stringΓÅÄ┬╖┬╖┬╖┬╖┬╖┬╖┬╖┬╖location_city:┬╖string┬╖
|┬╖nullΓÅÄ┬╖┬╖┬╖┬╖┬╖┬╖┬╖┬╖[key:┬╖string]:┬╖unknownΓÅÄ┬╖┬╖┬╖┬╖┬╖`  
prettier/prettier
426:85  Error: Replace `┬╖string┬╖|┬╖null` with 
`ΓÅÄ┬╖┬╖┬╖┬╖┬╖┬╖┬╖┬╖|┬╖stringΓÅÄ┬╖┬╖┬╖┬╖┬╖┬╖┬╖┬╖|┬╖nullΓÅÄ┬╖┬╖┬╖┬╖┬╖┬╖┬╖`  
prettier/prettier
484:26  Warning: Computed name [item.table_name] resolves to an `any` value.  
@typescript-eslint/no-unsafe-member-access
485:23  Warning: Computed name [item.table_name] resolves to an `any` value.  
@typescript-eslint/no-unsafe-member-access
487:40  Warning: Computed name [item.table_name] resolves to an `any` value.  
@typescript-eslint/no-unsafe-member-access

./lib/utils/logger.ts
72:7  Warning: Unexpected console statement.  no-console
87:5  Warning: Unexpected console statement.  no-console

./lib/utils/notification-logger.ts
32:5  Warning: Unexpected console statement.  no-console
46:5  Warning: Unexpected console statement.  no-console
66:5  Warning: Unexpected console statement.  no-console
85:5  Warning: Unexpected console statement.  no-console
94:5  Warning: Unexpected console statement.  no-console
112:7  Warning: Unexpected console statement.  no-console

./lib/utils/notifications.ts
23:11  Warning: Unsafe object destructuring of a property with an `any` value. 
 @typescript-eslint/no-unsafe-assignment
131:11  Warning: Unsafe object destructuring of a property with an `any` 
value.  @typescript-eslint/no-unsafe-assignment

./lib/utils/oauth-manager.ts
62:13  Warning: Unsafe object destructuring of a property with an `any` value. 
 @typescript-eslint/no-unsafe-assignment
74:7  Warning: Unsafe assignment of an `any` value.  
@typescript-eslint/no-unsafe-assignment
74:22  Warning: Unsafe member access .platform on an `any` value.  
@typescript-eslint/no-unsafe-member-access
75:7  Warning: Unsafe assignment of an `any` value.  
@typescript-eslint/no-unsafe-assignment
75:26  Warning: Unsafe member access .access_token on an `any` value.  
@typescript-eslint/no-unsafe-member-access
76:7  Warning: Unsafe assignment of an `any` value.  
@typescript-eslint/no-unsafe-assignment
76:27  Warning: Unsafe member access .refresh_token on an `any` value.  
@typescript-eslint/no-unsafe-member-access
77:24  Warning: Unsafe member access .expires_at on an `any` value.  
@typescript-eslint/no-unsafe-member-access
77:51  Warning: Unsafe member access .expires_at on an `any` value.  
@typescript-eslint/no-unsafe-member-access
78:7  Warning: Unsafe assignment of an `any` value.  
@typescript-eslint/no-unsafe-assignment
78:24  Warning: Unsafe member access .token_type on an `any` value.  
@typescript-eslint/no-unsafe-member-access
79:7  Warning: Unsafe assignment of an `any` value.  
@typescript-eslint/no-unsafe-assignment
79:19  Warning: Unsafe member access .scope on an `any` value.  
@typescript-eslint/no-unsafe-member-access
80:7  Warning: Unsafe assignment of an `any` value.  
@typescript-eslint/no-unsafe-assignment
80:22  Warning: Unsafe member access .metadata on an `any` value.  
@typescript-eslint/no-unsafe-member-access
139:7  Warning: Unsafe assignment of an `any` value.  
@typescript-eslint/no-unsafe-assignment
139:21  Warning: Unsafe member access .platform on an `any` value.  
@typescript-eslint/no-unsafe-member-access
140:7  Warning: Unsafe assignment of an `any` value.  
@typescript-eslint/no-unsafe-assignment
140:25  Warning: Unsafe member access .access_token on an `any` value.  
@typescript-eslint/no-unsafe-member-access
141:7  Warning: Unsafe assignment of an `any` value.  
@typescript-eslint/no-unsafe-assignment
141:26  Warning: Unsafe member access .refresh_token on an `any` value.  
@typescript-eslint/no-unsafe-member-access
142:23  Warning: Unsafe member access .expires_at on an `any` value.  
@typescript-eslint/no-unsafe-member-access
142:49  Warning: Unsafe member access .expires_at on an `any` value.  
@typescript-eslint/no-unsafe-member-access
143:7  Warning: Unsafe assignment of an `any` value.  
@typescript-eslint/no-unsafe-assignment
143:23  Warning: Unsafe member access .token_type on an `any` value.  
@typescript-eslint/no-unsafe-member-access
144:7  Warning: Unsafe assignment of an `any` value.  
@typescript-eslint/no-unsafe-assignment
144:18  Warning: Unsafe member access .scope on an `any` value.  
@typescript-eslint/no-unsafe-member-access
145:7  Warning: Unsafe assignment of an `any` value.  
@typescript-eslint/no-unsafe-assignment
145:21  Warning: Unsafe member access .metadata on an `any` value.  
@typescript-eslint/no-unsafe-member-access

./lib/utils/performance-optimizations.tsx
317:5  Warning: Using `<img>` could result in slower LCP and higher bandwidth. 
Consider using `<Image />` from `next/image` to automatically optimize images. 
This may incur additional usage or cost from your provider. See: 
https://nextjs.org/docs/messages/no-img-element  @next/next/no-img-element

./lib/utils/performance.ts
10:5  Warning: Unexpected console statement.  no-console

./lib/utils/permissions.ts
39:43  Warning: Unsafe call of a(n) `any` typed value.  
@typescript-eslint/no-unsafe-call
39:55  Warning: Unsafe member access .toLowerCase on an `any` value.  
@typescript-eslint/no-unsafe-member-access
89:9  Warning: Unsafe assignment of an `any` value.  
@typescript-eslint/no-unsafe-assignment

./lib/utils/query-cache.ts
37:7  Warning: Unexpected console statement.  no-console
42:5  Warning: Unexpected console statement.  no-console
57:5  Warning: Unexpected console statement.  no-console
66:7  Warning: Unexpected console statement.  no-console
75:5  Warning: Unexpected console statement.  no-console
111:7  Warning: Unexpected console statement.  no-console
131:5  Warning: Unexpected console statement.  no-console
212:3  Warning: Unexpected console statement.  no-console

./lib/utils/rate-limit.ts
169:13  Warning: Unsafe object destructuring of a property with an `any` 
value.  @typescript-eslint/no-unsafe-assignment
187:23  Warning: Unsafe member access .length on an `any` value.  
@typescript-eslint/no-unsafe-member-access
198:11  Warning: Unsafe assignment of an `any` value.  
@typescript-eslint/no-unsafe-assignment
198:25  Warning: Unsafe member access [0] on an `any` value.  
@typescript-eslint/no-unsafe-member-access
199:37  Warning: Unsafe member access .reset_at on an `any` value.  
@typescript-eslint/no-unsafe-member-access
202:7  Warning: Unsafe assignment of an `any` value.  
@typescript-eslint/no-unsafe-assignment
202:23  Warning: Unsafe member access .allowed on an `any` value.  
@typescript-eslint/no-unsafe-member-access
204:7  Warning: Unsafe assignment of an `any` value.  
@typescript-eslint/no-unsafe-assignment
204:25  Warning: Unsafe member access .remaining on an `any` value.  
@typescript-eslint/no-unsafe-member-access

./lib/utils/url-validator.ts
139:11  Warning: Unsafe assignment of an `any` value.  
@typescript-eslint/no-unsafe-assignment
139:38  Warning: Unsafe member access .message on an `any` value.  
@typescript-eslint/no-unsafe-member-access

info  - Need to disable some ESLint rules? Learn more here: 
https://nextjs.org/docs/basic-features/eslint#disabling-rules
